/home/ephraim/miniconda3/envs/quast/lib/python3.6/site-packages/quast-5.0.2-py3.6.egg-info/scripts/quast.py isolate_filtered.fasta careful_filtered.fasta -o quast_output

Version: 5.0.2

System information:
  OS: Linux-6.6.87.2-microsoft-standard-WSL2-x86_64-with-debian-trixie-sid (linux_64)
  Python version: 3.6.13
  CPUs number: 12

Started: 2026-03-11 22:34:20

Logging to /home/ephraim/quast_output/quast.log
NOTICE: Maximum number of threads is set to 3 (use --threads option to set it manually)

CWD: /home/ephraim
Main parameters: 
  MODE: default, threads: 3, minimum contig length: 500, minimum alignment length: 65, \
  ambiguity: one, threshold for extensive misassembly size: 1000

Contigs:
  Pre-processing...
  1  isolate_filtered.fasta ==> isolate_filtered
  2  careful_filtered.fasta ==> careful_filtered

2026-03-11 22:34:21
Running Basic statistics processor...
  Contig files: 
    1  isolate_filtered
    2  careful_filtered
  Calculating N50 and L50...
    1  isolate_filtered, N50 = 404174, L50 = 3, Total length = 3057896, GC % = 46.12, # N's per 100 kbp =  19.62
    2  careful_filtered, N50 = 403891, L50 = 3, Total length = 3058071, GC % = 46.12, # N's per 100 kbp =  18.93
  Drawing Nx plot...
    saved to /home/ephraim/quast_output/basic_stats/Nx_plot.pdf
  Drawing cumulative plot...
    saved to /home/ephraim/quast_output/basic_stats/cumulative_plot.pdf
  Drawing GC content plot...
    saved to /home/ephraim/quast_output/basic_stats/GC_content_plot.pdf
  Drawing isolate_filtered GC content plot...
    saved to /home/ephraim/quast_output/basic_stats/isolate_filtered_GC_content_plot.pdf
  Drawing careful_filtered GC content plot...
    saved to /home/ephraim/quast_output/basic_stats/careful_filtered_GC_content_plot.pdf
  Drawing Coverage histogram (bin size: 4x)...
    saved to /home/ephraim/quast_output/basic_stats/coverage_histogram.pdf
  Drawing isolate_filtered coverage histogram (bin size: 3x)...
    saved to /home/ephraim/quast_output/basic_stats/isolate_filtered_coverage_histogram.pdf
  Drawing careful_filtered coverage histogram (bin size: 4x)...
    saved to /home/ephraim/quast_output/basic_stats/careful_filtered_coverage_histogram.pdf
Done.

NOTICE: Genes are not predicted by default. Use --gene-finding or --glimmer option to enable it.

2026-03-11 22:34:23
Creating large visual summaries...
This may take a while: press Ctrl-C to skip this step..
  1 of 2: Creating Icarus viewers...
  2 of 2: Creating PDF with all tables and plots...
Done

2026-03-11 22:34:23
RESULTS:
  Text versions of total report are saved to /home/ephraim/quast_output/report.txt, report.tsv, and report.tex
  Text versions of transposed total report are saved to /home/ephraim/quast_output/transposed_report.txt, transposed_report.tsv, and transposed_report.tex
  HTML version (interactive tables and plots) is saved to /home/ephraim/quast_output/report.html
  PDF version (tables and plots) is saved to /home/ephraim/quast_output/report.pdf
  Icarus (contig browser) is saved to /home/ephraim/quast_output/icarus.html
  Log is saved to /home/ephraim/quast_output/quast.log

Finished: 2026-03-11 22:34:23
Elapsed time: 0:00:03.215113
NOTICEs: 2; WARNINGs: 1; non-fatal ERRORs: 0

Thank you for using QUAST!
