-------------------------------------
PRODIGAL v2.6.3 [February, 2016]         
Univ of Tenn / Oak Ridge National Lab
Doug Hyatt, Loren Hauser, et al.     
-------------------------------------
Request:  Single Genome, Phase:  Training
Reading in the sequence(s) to train...3064166 bp seq created, 46.10 pct GC
Locating all potential starts and stops...165330 nodes
Looking for GC bias in different frames...frame bias scores: 2.06 0.19 0.75
Building initial set of genes to train from...done!
Creating coding model and scoring nodes...done!
Examining upstream regions and training starts...done!
-------------------------------------
Request:  Single Genome, Phase:  Gene Finding
Finding genes in sequence #1 (651596 bp)...done!
Finding genes in sequence #2 (515833 bp)...done!
Finding genes in sequence #3 (404174 bp)...done!
Finding genes in sequence #4 (348303 bp)...done!
Finding genes in sequence #5 (328887 bp)...done!
Finding genes in sequence #6 (211744 bp)...done!
Finding genes in sequence #7 (113986 bp)...done!
Finding genes in sequence #8 (78445 bp)...done!
Finding genes in sequence #9 (65232 bp)...done!
Finding genes in sequence #10 (64565 bp)...done!
Finding genes in sequence #11 (60639 bp)...done!
Finding genes in sequence #12 (50619 bp)...done!
Finding genes in sequence #13 (45945 bp)...done!
Finding genes in sequence #14 (41384 bp)...done!
Finding genes in sequence #15 (29009 bp)...done!
Finding genes in sequence #16 (18578 bp)...done!
Finding genes in sequence #17 (14292 bp)...done!
Finding genes in sequence #18 (4093 bp)...done!
Finding genes in sequence #19 (3777 bp)...done!
Finding genes in sequence #20 (3278 bp)...done!
Finding genes in sequence #21 (2240 bp)...done!
Finding genes in sequence #22 (714 bp)...done!
Finding genes in sequence #23 (563 bp)...done!
Finding genes in sequence #24 (479 bp)...done!
Finding genes in sequence #25 (431 bp)...done!
Finding genes in sequence #26 (431 bp)...done!
Finding genes in sequence #27 (424 bp)...done!
Finding genes in sequence #28 (393 bp)...done!
Finding genes in sequence #29 (389 bp)...done!
Finding genes in sequence #30 (340 bp)...done!
Finding genes in sequence #31 (336 bp)...done!
Finding genes in sequence #32 (279 bp)...done!
Finding genes in sequence #33 (277 bp)...done!
Finding genes in sequence #34 (273 bp)...done!
Finding genes in sequence #35 (267 bp)...done!
Finding genes in sequence #36 (265 bp)...done!
Finding genes in sequence #37 (261 bp)...done!
Finding genes in sequence #38 (253 bp)...done!
Finding genes in sequence #39 (241 bp)...done!
Finding genes in sequence #40 (238 bp)...done!
Finding genes in sequence #41 (201 bp)...done!
