#                                                                                                           --- full sequence --- -------------- this domain -------------   hmm coord   ali coord   env coord
# target name                                       accession   tlen query name           accession   qlen   E-value  score  bias   #  of  c-Evalue  i-Evalue  score  bias  from    to  from    to  from    to  acc description of target
#                               ------------------- ---------- ----- -------------------- ---------- ----- --------- ------ ----- --- --- --------- --------- ------ ----- ----- ----- ----- ----- ----- ----- ---- ---------------------
NODE_7_length_113986_cov_103.583132:5707-6960|-     -            418 1072                 -            372  8.1e-216  713.3   3.2   1   1  1.6e-218  9.4e-216  713.1   3.2     2   372    46   417    45   417 0.99 NODE_7_length_113986_cov_103.583132_7 # 5707 # 6960 # -1 # ID=7_7;partial=00;start_type=ATG;rbs_motif=GGAG/GAGG;rbs_spacer=5-10bp;gc_cont=0.494
NODE_8_length_78957_cov_311.645246:15284-16114|+    -            277 1072                 -            372   5.3e-05   19.6   0.5   1   2   5.5e-06    0.0032   13.7   0.4     6    72    16    83    12   108 0.83 NODE_8_length_78957_cov_311.645246_19 # 15284 # 16114 # 1 # ID=8_19;partial=00;start_type=ATG;rbs_motif=AGGA/GGAG/GAGG;rbs_spacer=11-12bp;gc_cont=0.360
NODE_8_length_78957_cov_311.645246:15284-16114|+    -            277 1072                 -            372   5.3e-05   19.6   0.5   2   2    0.0066       3.8    3.6   0.0   171   199   148   176   125   179 0.83 NODE_8_length_78957_cov_311.645246_19 # 15284 # 16114 # 1 # ID=8_19;partial=00;start_type=ATG;rbs_motif=AGGA/GGAG/GAGG;rbs_spacer=11-12bp;gc_cont=0.360
NODE_6_length_211744_cov_108.724426:139568-141121|+ -            518 1072                 -            372     7e-05   19.2   0.1   1   2   7.4e-07   0.00043   16.6   0.2     6    38   222   255   217   259 0.81 NODE_6_length_211744_cov_108.724426_116 # 139568 # 141121 # 1 # ID=6_116;partial=00;start_type=GTG;rbs_motif=AGGA/GGAG/GAGG;rbs_spacer=11-12bp;gc_cont=0.515
NODE_6_length_211744_cov_108.724426:139568-141121|+ -            518 1072                 -            372     7e-05   19.2   0.1   2   2      0.11        65   -0.5   0.0   166   189   363   386   340   406 0.88 NODE_6_length_211744_cov_108.724426_116 # 139568 # 141121 # 1 # ID=6_116;partial=00;start_type=GTG;rbs_motif=AGGA/GGAG/GAGG;rbs_spacer=11-12bp;gc_cont=0.515
NODE_1_length_651596_cov_115.359902:337467-338687|- -            407 1072                 -            372   0.00012   18.4   0.0   1   1   3.3e-07   0.00019   17.7   0.0     7    39     3    35     1    50 0.89 NODE_1_length_651596_cov_115.359902_327 # 337467 # 338687 # -1 # ID=1_327;partial=00;start_type=ATG;rbs_motif=AGGAGG;rbs_spacer=11-12bp;gc_cont=0.492
NODE_1_length_651596_cov_115.359902:641970-643280|+ -            437 1072                 -            372     0.026   10.7   0.0   1   1   8.8e-05     0.051    9.7   0.0     6    35    14    44    12    71 0.80 NODE_1_length_651596_cov_115.359902_611 # 641970 # 643280 # 1 # ID=1_611;partial=00;start_type=ATG;rbs_motif=GGAGG;rbs_spacer=5-10bp;gc_cont=0.508
#
# Program:         hmmsearch
# Version:         3.4 (Aug 2023)
# Pipeline mode:   SEARCH
# Query file:      /home/ephraim/busco_downloads/lineages/lactobacillaceae_odb12/hmms/1072at33958.hmm
# Target file:     /home/ephraim/busco_isolate_may/prodigal_output/predicted_genes/predicted.faa
# Option settings: hmmsearch --domtblout /home/ephraim/busco_isolate_may/run_lactobacillaceae_odb12/hmmer_output/1072at33958.out --cpu 1 /home/ephraim/busco_downloads/lineages/lactobacillaceae_odb12/hmms/1072at33958.hmm /home/ephraim/busco_isolate_may/prodigal_output/predicted_genes/predicted.faa 
# Current dir:     /home/ephraim
# Date:            Sun May  3 19:13:17 2026
# [ok]
