#                                                                                                           --- full sequence --- -------------- this domain -------------   hmm coord   ali coord   env coord
# target name                                       accession   tlen query name           accession   qlen   E-value  score  bias   #  of  c-Evalue  i-Evalue  score  bias  from    to  from    to  from    to  acc description of target
#                               ------------------- ---------- ----- -------------------- ---------- ----- --------- ------ ----- --- --- --------- --------- ------ ----- ----- ----- ----- ----- ----- ----- ---- ---------------------
NODE_11_length_60639_cov_107.161487:18394-19395|-   -            334 1095                 -            331  7.9e-174  575.2   4.7   1   1  3.3e-176  8.8e-174  575.1   4.7     1   331     1   333     1   333 0.99 NODE_11_length_60639_cov_107.161487_19 # 18394 # 19395 # -1 # ID=11_19;partial=00;start_type=TTG;rbs_motif=AGGAG;rbs_spacer=5-10bp;gc_cont=0.463
NODE_10_length_64565_cov_119.738261:9528-10535|+    -            336 1095                 -            331   5.7e-54  181.2   0.0   1   1   2.5e-56   6.5e-54  181.0   0.0     3   331     2   333     1   333 0.96 NODE_10_length_64565_cov_119.738261_12 # 9528 # 10535 # 1 # ID=10_12;partial=00;start_type=ATG;rbs_motif=GGA/GAG/AGG;rbs_spacer=11-12bp;gc_cont=0.477
NODE_4_length_348303_cov_114.329901:271608-272615|- -            336 1095                 -            331   7.3e-46  154.6   0.4   1   1   3.1e-48   8.2e-46  154.4   0.4     7   329     3   334     1   335 0.92 NODE_4_length_348303_cov_114.329901_236 # 271608 # 272615 # -1 # ID=4_236;partial=00;start_type=ATG;rbs_motif=AGGAG;rbs_spacer=5-10bp;gc_cont=0.478
NODE_3_length_404174_cov_108.718135:18670-19671|-   -            334 1095                 -            331   2.9e-41  139.5   0.0   1   1   1.2e-43   3.2e-41  139.3   0.0     7   329     3   332     1   333 0.92 NODE_3_length_404174_cov_108.718135_10 # 18670 # 19671 # -1 # ID=3_10;partial=00;start_type=ATG;rbs_motif=AGGAG;rbs_spacer=5-10bp;gc_cont=0.541
NODE_3_length_404174_cov_108.718135:177949-178881|+ -            311 1095                 -            331   1.3e-38  130.7   0.0   1   1   5.9e-41   1.6e-38  130.5   0.0     7   303     3   292     1   305 0.93 NODE_3_length_404174_cov_108.718135_160 # 177949 # 178881 # 1 # ID=3_160;partial=00;start_type=ATG;rbs_motif=GGAGG;rbs_spacer=5-10bp;gc_cont=0.486
NODE_15_length_29009_cov_365.507362:9029-10006|-    -            326 1095                 -            331   5.5e-38  128.7   0.3   1   1   2.5e-40   6.7e-38  128.4   0.3     6   327     2   316     1   319 0.94 NODE_15_length_29009_cov_365.507362_8 # 9029 # 10006 # -1 # ID=15_8;partial=00;start_type=ATG;rbs_motif=GGAGG;rbs_spacer=5-10bp;gc_cont=0.402
NODE_5_length_328887_cov_107.457170:218557-219510|- -            318 1095                 -            331   3.6e-35  119.4   0.0   1   1   4.2e-37   1.1e-34  117.8   0.0     6   329     2   314     1   316 0.88 NODE_5_length_328887_cov_107.457170_215 # 218557 # 219510 # -1 # ID=5_215;partial=00;start_type=GTG;rbs_motif=GGAGG;rbs_spacer=5-10bp;gc_cont=0.441
NODE_4_length_348303_cov_114.329901:88173-89168|-   -            332 1095                 -            331   2.1e-30  103.7   1.5   1   1   4.2e-32   1.1e-29  101.4   1.5     6   329     2   329     1   331 0.83 NODE_4_length_348303_cov_114.329901_91 # 88173 # 89168 # -1 # ID=4_91;partial=00;start_type=ATG;rbs_motif=GGAG/GAGG;rbs_spacer=5-10bp;gc_cont=0.515
NODE_10_length_64565_cov_119.738261:49534-50517|-   -            328 1095                 -            331   2.2e-30  103.7   0.2   1   1   1.6e-31   4.3e-29   99.5   0.2     7   329     3   325     1   327 0.81 NODE_10_length_64565_cov_119.738261_51 # 49534 # 50517 # -1 # ID=10_51;partial=00;start_type=TTG;rbs_motif=GGAG/GAGG;rbs_spacer=5-10bp;gc_cont=0.431
NODE_10_length_64565_cov_119.738261:13579-14538|+   -            320 1095                 -            331   2.5e-09   34.5   4.0   1   1   1.3e-11   3.5e-09   34.0   4.0    63   264    47   253    40   256 0.78 NODE_10_length_64565_cov_119.738261_16 # 13579 # 14538 # 1 # ID=10_16;partial=00;start_type=ATG;rbs_motif=AGxAGG/AGGxGG;rbs_spacer=5-10bp;gc_cont=0.473
NODE_2_length_515833_cov_109.460731:437458-437919|- -            154 1095                 -            331   0.00078   16.4   0.1   1   1   3.4e-06   0.00089   16.3   0.1    95   196     6   115     2   146 0.80 NODE_2_length_515833_cov_109.460731_414 # 437458 # 437919 # -1 # ID=2_414;partial=00;start_type=ATG;rbs_motif=AGGAGG;rbs_spacer=5-10bp;gc_cont=0.483
#
# Program:         hmmsearch
# Version:         3.4 (Aug 2023)
# Pipeline mode:   SEARCH
# Query file:      /home/ephraim/busco_downloads/lineages/lactobacillaceae_odb12/hmms/1095at33958.hmm
# Target file:     /home/ephraim/busco_isolate_may/prodigal_output/predicted_genes/predicted.faa
# Option settings: hmmsearch --domtblout /home/ephraim/busco_isolate_may/run_lactobacillaceae_odb12/hmmer_output/1095at33958.out --cpu 1 /home/ephraim/busco_downloads/lineages/lactobacillaceae_odb12/hmms/1095at33958.hmm /home/ephraim/busco_isolate_may/prodigal_output/predicted_genes/predicted.faa 
# Current dir:     /home/ephraim
# Date:            Sun May  3 19:13:17 2026
# [ok]
