#                                                                                                           --- full sequence --- -------------- this domain -------------   hmm coord   ali coord   env coord
# target name                                       accession   tlen query name           accession   qlen   E-value  score  bias   #  of  c-Evalue  i-Evalue  score  bias  from    to  from    to  from    to  acc description of target
#                               ------------------- ---------- ----- -------------------- ---------- ----- --------- ------ ----- --- --- --------- --------- ------ ----- ----- ----- ----- ----- ----- ----- ---- ---------------------
NODE_1_length_651596_cov_115.359902:579046-581028|+ -            661 1128                 -            641         0 1169.3   2.0   1   1         0         0 1169.1   2.0     2   640     3   659     2   660 0.96 NODE_1_length_651596_cov_115.359902_555 # 579046 # 581028 # 1 # ID=1_555;partial=00;start_type=ATG;rbs_motif=GGAGG;rbs_spacer=5-10bp;gc_cont=0.468
NODE_7_length_113986_cov_103.583132:47751-50393|-   -            881 1128                 -            641   2.5e-28   96.3   1.6   1   2   3.4e-15   1.4e-12   44.2   0.1     6   125    40   177    35   209 0.75 NODE_7_length_113986_cov_103.583132_48 # 47751 # 50393 # -1 # ID=7_48;partial=00;start_type=ATG;rbs_motif=AGxAGG/AGGxGG;rbs_spacer=5-10bp;gc_cont=0.475
NODE_7_length_113986_cov_103.583132:47751-50393|-   -            881 1128                 -            641   2.5e-28   96.3   1.6   2   2     3e-17   1.3e-14   51.0   0.2   233   483   447   698   437   728 0.81 NODE_7_length_113986_cov_103.583132_48 # 47751 # 50393 # -1 # ID=7_48;partial=00;start_type=ATG;rbs_motif=AGxAGG/AGGxGG;rbs_spacer=5-10bp;gc_cont=0.475
NODE_5_length_328887_cov_107.457170:317952-320363|- -            804 1128                 -            641   5.6e-28   95.1   2.9   1   2     4e-18   1.7e-15   53.9   0.0     2   124    29   154    28   220 0.89 NODE_5_length_328887_cov_107.457170_306 # 317952 # 320363 # -1 # ID=5_306;partial=00;start_type=ATG;rbs_motif=GGAGG;rbs_spacer=5-10bp;gc_cont=0.471
NODE_5_length_328887_cov_107.457170:317952-320363|- -            804 1128                 -            641   5.6e-28   95.1   2.9   2   2   2.7e-13   1.1e-10   38.0   1.7   279   426   542   683   511   698 0.66 NODE_5_length_328887_cov_107.457170_306 # 317952 # 320363 # -1 # ID=5_306;partial=00;start_type=ATG;rbs_motif=GGAGG;rbs_spacer=5-10bp;gc_cont=0.471
NODE_7_length_113986_cov_103.583132:18518-21304|-   -            929 1128                 -            641   1.4e-17   60.8   1.0   1   2   4.4e-12   1.8e-09   33.9   0.0     3   148    47   204    45   217 0.75 NODE_7_length_113986_cov_103.583132_20 # 18518 # 21304 # -1 # ID=7_20;partial=00;start_type=GTG;rbs_motif=AGGAG;rbs_spacer=5-10bp;gc_cont=0.471
NODE_7_length_113986_cov_103.583132:18518-21304|-   -            929 1128                 -            641   1.4e-17   60.8   1.0   2   2   1.8e-09   7.4e-07   25.3   0.2   295   486   580   772   569   818 0.80 NODE_7_length_113986_cov_103.583132_20 # 18518 # 21304 # -1 # ID=7_20;partial=00;start_type=GTG;rbs_motif=AGGAG;rbs_spacer=5-10bp;gc_cont=0.471
NODE_3_length_404174_cov_108.718135:219906-221312|- -            469 1128                 -            641   1.5e-05   21.0   1.6   1   2   5.7e-07   0.00023   17.1   0.4     6    78    25    95    22   165 0.79 NODE_3_length_404174_cov_108.718135_198 # 219906 # 221312 # -1 # ID=3_198;partial=00;start_type=ATG;rbs_motif=AGGA;rbs_spacer=5-10bp;gc_cont=0.468
NODE_3_length_404174_cov_108.718135:219906-221312|- -            469 1128                 -            641   1.5e-05   21.0   1.6   2   2     0.011       4.7    2.9   0.0   304   334   268   298   255   392 0.87 NODE_3_length_404174_cov_108.718135_198 # 219906 # 221312 # -1 # ID=3_198;partial=00;start_type=ATG;rbs_motif=AGGA;rbs_spacer=5-10bp;gc_cont=0.468
NODE_2_length_515833_cov_109.460731:465704-468115|- -            804 1128                 -            641   0.00029   16.8   0.0   1   1   1.1e-06   0.00046   16.1   0.0   543   622    40   123    19   142 0.79 NODE_2_length_515833_cov_109.460731_443 # 465704 # 468115 # -1 # ID=2_443;partial=00;start_type=ATG;rbs_motif=AGGAGG;rbs_spacer=5-10bp;gc_cont=0.480
NODE_2_length_515833_cov_109.460731:506883-507524|- -            214 1128                 -            641     0.019   10.8   0.0   1   1     6e-05     0.025   10.4   0.0   547   621    95   172    77   179 0.80 NODE_2_length_515833_cov_109.460731_486 # 506883 # 507524 # -1 # ID=2_486;partial=00;start_type=ATG;rbs_motif=GGAGG;rbs_spacer=5-10bp;gc_cont=0.484
#
# Program:         hmmsearch
# Version:         3.4 (Aug 2023)
# Pipeline mode:   SEARCH
# Query file:      /home/ephraim/busco_downloads/lineages/lactobacillaceae_odb12/hmms/1128at33958.hmm
# Target file:     /home/ephraim/busco_isolate_may/prodigal_output/predicted_genes/predicted.faa
# Option settings: hmmsearch --domtblout /home/ephraim/busco_isolate_may/run_lactobacillaceae_odb12/hmmer_output/1128at33958.out --cpu 1 /home/ephraim/busco_downloads/lineages/lactobacillaceae_odb12/hmms/1128at33958.hmm /home/ephraim/busco_isolate_may/prodigal_output/predicted_genes/predicted.faa 
# Current dir:     /home/ephraim
# Date:            Sun May  3 19:13:18 2026
# [ok]
