#                                                                                                           --- full sequence --- -------------- this domain -------------   hmm coord   ali coord   env coord
# target name                                       accession   tlen query name           accession   qlen   E-value  score  bias   #  of  c-Evalue  i-Evalue  score  bias  from    to  from    to  from    to  acc description of target
#                               ------------------- ---------- ----- -------------------- ---------- ----- --------- ------ ----- --- --- --------- --------- ------ ----- ----- ----- ----- ----- ----- ----- ---- ---------------------
NODE_1_length_651596_cov_115.359902:346529-347338|+ -            270 117                  -            261  4.2e-136  449.5   0.0   1   1  8.1e-139  4.7e-136  449.3   0.0     1   261     7   269     7   269 0.99 NODE_1_length_651596_cov_115.359902_334 # 346529 # 347338 # 1 # ID=1_334;partial=00;start_type=GTG;rbs_motif=GGAG/GAGG;rbs_spacer=5-10bp;gc_cont=0.498
NODE_5_length_328887_cov_107.457170:202990-204231|+ -            414 117                  -            261   4.2e-06   23.4   0.1   1   2   3.9e-08   2.3e-05   21.0   0.0    46   122    64   142    11   163 0.78 NODE_5_length_328887_cov_107.457170_203 # 202990 # 204231 # 1 # ID=5_203;partial=00;start_type=GTG;rbs_motif=GGAGG;rbs_spacer=5-10bp;gc_cont=0.494
NODE_5_length_328887_cov_107.457170:202990-204231|+ -            414 117                  -            261   4.2e-06   23.4   0.1   2   2      0.27   1.5e+02   -1.4   0.0   114   143   283   312   233   321 0.68 NODE_5_length_328887_cov_107.457170_203 # 202990 # 204231 # 1 # ID=5_203;partial=00;start_type=GTG;rbs_motif=GGAGG;rbs_spacer=5-10bp;gc_cont=0.494
NODE_2_length_515833_cov_109.460731:1381-3063|-     -            561 117                  -            261   1.7e-05   21.4   0.0   1   1   5.3e-08   3.1e-05   20.5   0.0    42   130    61   154    18   166 0.77 NODE_2_length_515833_cov_109.460731_2 # 1381 # 3063 # -1 # ID=2_2;partial=00;start_type=ATG;rbs_motif=None;rbs_spacer=None;gc_cont=0.463
NODE_14_length_41384_cov_104.001985:11679-12416|-   -            246 117                  -            261   3.9e-05   20.2   0.2   1   2   2.4e-07   0.00014   18.4   0.1    15    72    22    75    14    87 0.73 NODE_14_length_41384_cov_104.001985_12 # 11679 # 12416 # -1 # ID=14_12;partial=00;start_type=ATG;rbs_motif=AGGA;rbs_spacer=5-10bp;gc_cont=0.450
NODE_14_length_41384_cov_104.001985:11679-12416|-   -            246 117                  -            261   3.9e-05   20.2   0.2   2   2      0.24   1.4e+02   -1.3   0.0   101   166   114   179    99   183 0.71 NODE_14_length_41384_cov_104.001985_12 # 11679 # 12416 # -1 # ID=14_12;partial=00;start_type=ATG;rbs_motif=AGGA;rbs_spacer=5-10bp;gc_cont=0.450
NODE_1_length_651596_cov_115.359902:423099-424169|+ -            357 117                  -            261    0.0049   13.3   0.0   1   1   1.3e-05    0.0075   12.7   0.0    46    63   109   126    80   182 0.84 NODE_1_length_651596_cov_115.359902_407 # 423099 # 424169 # 1 # ID=1_407;partial=00;start_type=ATG;rbs_motif=AGGAGG;rbs_spacer=5-10bp;gc_cont=0.441
#
# Program:         hmmsearch
# Version:         3.4 (Aug 2023)
# Pipeline mode:   SEARCH
# Query file:      /home/ephraim/busco_downloads/lineages/lactobacillaceae_odb12/hmms/117at33958.hmm
# Target file:     /home/ephraim/busco_isolate_may/prodigal_output/predicted_genes/predicted.faa
# Option settings: hmmsearch --domtblout /home/ephraim/busco_isolate_may/run_lactobacillaceae_odb12/hmmer_output/117at33958.out --cpu 1 /home/ephraim/busco_downloads/lineages/lactobacillaceae_odb12/hmms/117at33958.hmm /home/ephraim/busco_isolate_may/prodigal_output/predicted_genes/predicted.faa 
# Current dir:     /home/ephraim
# Date:            Sun May  3 19:13:18 2026
# [ok]
