#                                                                                                           --- full sequence --- -------------- this domain -------------   hmm coord   ali coord   env coord
# target name                                       accession   tlen query name           accession   qlen   E-value  score  bias   #  of  c-Evalue  i-Evalue  score  bias  from    to  from    to  from    to  acc description of target
#                               ------------------- ---------- ----- -------------------- ---------- ----- --------- ------ ----- --- --- --------- --------- ------ ----- ----- ----- ----- ----- ----- ----- ---- ---------------------
NODE_7_length_113986_cov_103.583132:39124-39780|-   -            219 1187                 -            212  1.2e-101  335.9  10.3   1   1  7.3e-104  1.3e-101  335.7  10.3     1   212     1   218     1   218 0.97 NODE_7_length_113986_cov_103.583132_39 # 39124 # 39780 # -1 # ID=7_39;partial=00;start_type=ATG;rbs_motif=AGGAGG;rbs_spacer=5-10bp;gc_cont=0.452
NODE_2_length_515833_cov_109.460731:40602-42059|+   -            486 1187                 -            212   2.9e-51  171.3  10.8   1   1   3.4e-53   6.1e-51  170.2  10.8    10   209   282   482   275   485 0.95 NODE_2_length_515833_cov_109.460731_37 # 40602 # 42059 # 1 # ID=2_37;partial=00;start_type=ATG;rbs_motif=AGGAGG;rbs_spacer=5-10bp;gc_cont=0.460
NODE_1_length_651596_cov_115.359902:338740-340188|- -            483 1187                 -            212   7.8e-50  166.6   6.9   1   1   7.2e-52   1.3e-49  165.9   6.9    11   209   282   482   275   482 0.97 NODE_1_length_651596_cov_115.359902_328 # 338740 # 340188 # -1 # ID=1_328;partial=00;start_type=ATG;rbs_motif=AGGAG;rbs_spacer=5-10bp;gc_cont=0.489
NODE_1_length_651596_cov_115.359902:313677-315284|- -            536 1187                 -            212   8.3e-48  160.0   8.1   1   1   8.2e-50   1.5e-47  159.1   8.1     9   208   297   509   289   512 0.89 NODE_1_length_651596_cov_115.359902_302 # 313677 # 315284 # -1 # ID=1_302;partial=00;start_type=ATG;rbs_motif=AGxAGG/AGGxGG;rbs_spacer=5-10bp;gc_cont=0.484
NODE_6_length_211744_cov_108.724426:88317-88961|+   -            215 1187                 -            212     3e-44  148.3  11.3   1   1   2.1e-46   3.7e-44  148.0  11.3    10   208    11   211     2   213 0.92 NODE_6_length_211744_cov_108.724426_75 # 88317 # 88961 # 1 # ID=6_75;partial=00;start_type=ATG;rbs_motif=AGGAGG;rbs_spacer=5-10bp;gc_cont=0.471
NODE_8_length_78957_cov_311.645246:73281-74090|-    -            270 1187                 -            212   3.5e-44  148.1  16.0   1   1     1e-45   1.8e-43  145.8  16.0     3   212     9   233     7   233 0.90 NODE_8_length_78957_cov_311.645246_83 # 73281 # 74090 # -1 # ID=8_83;partial=00;start_type=ATG;rbs_motif=GGAGG;rbs_spacer=5-10bp;gc_cont=0.442
NODE_4_length_348303_cov_114.329901:172355-173068|+ -            238 1187                 -            212     1e-42  143.3   6.4   1   1   8.2e-45   1.5e-42  142.8   6.4     5   211     6   228     2   229 0.88 NODE_4_length_348303_cov_114.329901_161 # 172355 # 173068 # 1 # ID=4_161;partial=00;start_type=ATG;rbs_motif=AGGAGG;rbs_spacer=5-10bp;gc_cont=0.500
NODE_1_length_651596_cov_115.359902:301654-303069|+ -            472 1187                 -            212   4.3e-42  141.3  11.0   1   1   3.6e-44   6.4e-42  140.7  11.0    10   209   268   470   261   471 0.96 NODE_1_length_651596_cov_115.359902_289 # 301654 # 303069 # 1 # ID=1_289;partial=00;start_type=ATG;rbs_motif=GGA/GAG/AGG;rbs_spacer=11-12bp;gc_cont=0.472
NODE_1_length_651596_cov_115.359902:303256-304722|+ -            489 1187                 -            212   7.1e-42  140.6  11.5   1   1   5.9e-44   1.1e-41  140.0  11.5    10   208   285   486   279   488 0.96 NODE_1_length_651596_cov_115.359902_290 # 303256 # 304722 # 1 # ID=1_290;partial=00;start_type=GTG;rbs_motif=3Base/5BMM;rbs_spacer=13-15bp;gc_cont=0.469
NODE_6_length_211744_cov_108.724426:88977-89639|+   -            221 1187                 -            212   7.4e-42  140.5  15.2   1   1   5.1e-44   9.3e-42  140.2  15.2     8   208    13   216     7   219 0.95 NODE_6_length_211744_cov_108.724426_76 # 88977 # 89639 # 1 # ID=6_76;partial=00;start_type=ATG;rbs_motif=AGGAG;rbs_spacer=5-10bp;gc_cont=0.471
NODE_1_length_651596_cov_115.359902:181936-182598|+ -            221 1187                 -            212   2.5e-06   24.4   9.9   1   1   2.2e-08   3.9e-06   23.8   9.9    19   206    29   214    13   218 0.73 NODE_1_length_651596_cov_115.359902_178 # 181936 # 182598 # 1 # ID=1_178;partial=00;start_type=ATG;rbs_motif=AGGA/GGAG/GAGG;rbs_spacer=11-12bp;gc_cont=0.523
NODE_5_length_328887_cov_107.457170:262095-262979|- -            295 1187                 -            212   3.3e-05   20.8   1.3   1   2       1.8   3.2e+02   -2.1   0.4   180   201    12    33     5    39 0.71 NODE_5_length_328887_cov_107.457170_253 # 262095 # 262979 # -1 # ID=5_253;partial=00;start_type=ATG;rbs_motif=GGAG/GAGG;rbs_spacer=5-10bp;gc_cont=0.489
NODE_5_length_328887_cov_107.457170:262095-262979|- -            295 1187                 -            212   3.3e-05   20.8   1.3   2   2   1.8e-07   3.3e-05   20.8   1.3    22   141    69   191    55   213 0.79 NODE_5_length_328887_cov_107.457170_253 # 262095 # 262979 # -1 # ID=5_253;partial=00;start_type=ATG;rbs_motif=GGAG/GAGG;rbs_spacer=5-10bp;gc_cont=0.489
NODE_5_length_328887_cov_107.457170:206369-207727|- -            453 1187                 -            212     8e-05   19.5   0.2   1   3       2.7   4.9e+02   -2.7   0.4   188   193   106   111    53   134 0.62 NODE_5_length_328887_cov_107.457170_207 # 206369 # 207727 # -1 # ID=5_207;partial=00;start_type=ATG;rbs_motif=AGGAG;rbs_spacer=5-10bp;gc_cont=0.448
NODE_5_length_328887_cov_107.457170:206369-207727|- -            453 1187                 -            212     8e-05   19.5   0.2   2   3      0.13        23    1.7   1.3    16    70   218   272   203   280 0.83 NODE_5_length_328887_cov_107.457170_207 # 206369 # 207727 # -1 # ID=5_207;partial=00;start_type=ATG;rbs_motif=AGGAG;rbs_spacer=5-10bp;gc_cont=0.448
NODE_5_length_328887_cov_107.457170:206369-207727|- -            453 1187                 -            212     8e-05   19.5   0.2   3   3   4.4e-07     8e-05   19.5   0.2   106   162   332   388   307   413 0.89 NODE_5_length_328887_cov_107.457170_207 # 206369 # 207727 # -1 # ID=5_207;partial=00;start_type=ATG;rbs_motif=AGGAG;rbs_spacer=5-10bp;gc_cont=0.448
NODE_1_length_651596_cov_115.359902:554058-555689|+ -            544 1187                 -            212   0.00047   17.0   6.1   1   1   6.2e-06    0.0011   15.8   6.1     9   166    13   164     5   181 0.80 NODE_1_length_651596_cov_115.359902_530 # 554058 # 555689 # 1 # ID=1_530;partial=00;start_type=ATG;rbs_motif=GGAGG;rbs_spacer=5-10bp;gc_cont=0.507
NODE_3_length_404174_cov_108.718135:345609-346424|- -            272 1187                 -            212    0.0012   15.7   2.2   1   1   1.1e-05     0.002   14.9   2.2    32   211    91   264    71   265 0.75 NODE_3_length_404174_cov_108.718135_322 # 345609 # 346424 # -1 # ID=3_322;partial=00;start_type=ATG;rbs_motif=AGGAG;rbs_spacer=5-10bp;gc_cont=0.485
NODE_1_length_651596_cov_115.359902:180366-180995|+ -            210 1187                 -            212     0.018   11.8  10.2   1   1   0.00023     0.041   10.6  10.2    29   195    26   193     9   204 0.71 NODE_1_length_651596_cov_115.359902_176 # 180366 # 180995 # 1 # ID=1_176;partial=00;start_type=ATG;rbs_motif=AGGAGG;rbs_spacer=5-10bp;gc_cont=0.537
#
# Program:         hmmsearch
# Version:         3.4 (Aug 2023)
# Pipeline mode:   SEARCH
# Query file:      /home/ephraim/busco_downloads/lineages/lactobacillaceae_odb12/hmms/1187at33958.hmm
# Target file:     /home/ephraim/busco_isolate_may/prodigal_output/predicted_genes/predicted.faa
# Option settings: hmmsearch --domtblout /home/ephraim/busco_isolate_may/run_lactobacillaceae_odb12/hmmer_output/1187at33958.out --cpu 1 /home/ephraim/busco_downloads/lineages/lactobacillaceae_odb12/hmms/1187at33958.hmm /home/ephraim/busco_isolate_may/prodigal_output/predicted_genes/predicted.faa 
# Current dir:     /home/ephraim
# Date:            Sun May  3 19:13:18 2026
# [ok]
