#                                                                                                           --- full sequence --- -------------- this domain -------------   hmm coord   ali coord   env coord
# target name                                       accession   tlen query name           accession   qlen   E-value  score  bias   #  of  c-Evalue  i-Evalue  score  bias  from    to  from    to  from    to  acc description of target
#                               ------------------- ---------- ----- -------------------- ---------- ----- --------- ------ ----- --- --- --------- --------- ------ ----- ----- ----- ----- ----- ----- ----- ---- ---------------------
NODE_5_length_328887_cov_107.457170:220413-222782|- -            790 1276                 -            727         0 1177.1   8.3   1   1         0         0 1176.8   8.3     3   724     6   739     4   743 0.97 NODE_5_length_328887_cov_107.457170_217 # 220413 # 222782 # -1 # ID=5_217;partial=00;start_type=ATG;rbs_motif=GGAG/GAGG;rbs_spacer=5-10bp;gc_cont=0.459
NODE_2_length_515833_cov_109.460731:78472-79791|+   -            440 1276                 -            727   1.4e-13   47.3   5.5   1   4      0.11        45   -0.6   0.1   608   659    10    60     4    69 0.80 NODE_2_length_515833_cov_109.460731_70 # 78472 # 79791 # 1 # ID=2_70;partial=00;start_type=ATG;rbs_motif=AGGAGG;rbs_spacer=5-10bp;gc_cont=0.470
NODE_2_length_515833_cov_109.460731:78472-79791|+   -            440 1276                 -            727   1.4e-13   47.3   5.5   2   4     0.027        11    1.3   0.0   624   664   115   153    98   166 0.82 NODE_2_length_515833_cov_109.460731_70 # 78472 # 79791 # 1 # ID=2_70;partial=00;start_type=ATG;rbs_motif=AGGAGG;rbs_spacer=5-10bp;gc_cont=0.470
NODE_2_length_515833_cov_109.460731:78472-79791|+   -            440 1276                 -            727   1.4e-13   47.3   5.5   3   4   2.1e-09   8.7e-07   24.9   0.0   611   716   183   281   167   289 0.76 NODE_2_length_515833_cov_109.460731_70 # 78472 # 79791 # 1 # ID=2_70;partial=00;start_type=ATG;rbs_motif=AGGAGG;rbs_spacer=5-10bp;gc_cont=0.470
NODE_2_length_515833_cov_109.460731:78472-79791|+   -            440 1276                 -            727   1.4e-13   47.3   5.5   4   4   5.5e-08   2.3e-05   20.2   0.1   628   719   290   370   284   379 0.80 NODE_2_length_515833_cov_109.460731_70 # 78472 # 79791 # 1 # ID=2_70;partial=00;start_type=ATG;rbs_motif=AGGAGG;rbs_spacer=5-10bp;gc_cont=0.470
NODE_1_length_651596_cov_115.359902:641407-641892|+ -            162 1276                 -            727   1.6e-08   30.6   0.4   1   1   6.1e-11   2.5e-08   30.0   0.4   621   719     1    88     1    97 0.73 NODE_1_length_651596_cov_115.359902_610 # 641407 # 641892 # 1 # ID=1_610;partial=00;start_type=ATG;rbs_motif=AGGAGG;rbs_spacer=11-12bp;gc_cont=0.500
NODE_11_length_60639_cov_107.161487:399-758|-       -            120 1276                 -            727   1.9e-06   23.7   0.1   1   1   7.9e-09   3.2e-06   23.0   0.1   632   722     4    83     1    88 0.89 NODE_11_length_60639_cov_107.161487_1 # 399 # 758 # -1 # ID=11_1;partial=00;start_type=TTG;rbs_motif=AGGAG;rbs_spacer=5-10bp;gc_cont=0.478
NODE_7_length_113986_cov_103.583132:60981-63158|-   -            726 1276                 -            727   4.3e-05   19.3   0.3   1   2      0.37   1.5e+02   -2.4   0.0   626   669    68   112    46   121 0.78 NODE_7_length_113986_cov_103.583132_56 # 60981 # 63158 # -1 # ID=7_56;partial=00;start_type=TTG;rbs_motif=GGAG/GAGG;rbs_spacer=5-10bp;gc_cont=0.489
NODE_7_length_113986_cov_103.583132:60981-63158|-   -            726 1276                 -            727   4.3e-05   19.3   0.3   2   2   3.7e-07   0.00016   17.4   0.3   624   691   649   705   640   724 0.73 NODE_7_length_113986_cov_103.583132_56 # 60981 # 63158 # -1 # ID=7_56;partial=00;start_type=TTG;rbs_motif=GGAG/GAGG;rbs_spacer=5-10bp;gc_cont=0.489
NODE_7_length_113986_cov_103.583132:18284-18505|-   -             74 1276                 -            727    0.0075   11.8   0.0   1   1   1.8e-05    0.0075   11.8   0.0    76    99    10    33     2    68 0.67 NODE_7_length_113986_cov_103.583132_19 # 18284 # 18505 # -1 # ID=7_19;partial=00;start_type=ATG;rbs_motif=AGxAGG/AGGxGG;rbs_spacer=5-10bp;gc_cont=0.473
NODE_4_length_348303_cov_114.329901:132389-132589|- -             67 1276                 -            727     0.013   11.1   0.1   1   1   2.9e-05     0.012   11.2   0.1    75   122    10    59     2    66 0.65 NODE_4_length_348303_cov_114.329901_133 # 132389 # 132589 # -1 # ID=4_133;partial=00;start_type=ATG;rbs_motif=AGGAG;rbs_spacer=5-10bp;gc_cont=0.473
#
# Program:         hmmsearch
# Version:         3.4 (Aug 2023)
# Pipeline mode:   SEARCH
# Query file:      /home/ephraim/busco_downloads/lineages/lactobacillaceae_odb12/hmms/1276at33958.hmm
# Target file:     /home/ephraim/busco_isolate_may/prodigal_output/predicted_genes/predicted.faa
# Option settings: hmmsearch --domtblout /home/ephraim/busco_isolate_may/run_lactobacillaceae_odb12/hmmer_output/1276at33958.out --cpu 1 /home/ephraim/busco_downloads/lineages/lactobacillaceae_odb12/hmms/1276at33958.hmm /home/ephraim/busco_isolate_may/prodigal_output/predicted_genes/predicted.faa 
# Current dir:     /home/ephraim
# Date:            Sun May  3 19:13:19 2026
# [ok]
