#                                                                                                           --- full sequence --- -------------- this domain -------------   hmm coord   ali coord   env coord
# target name                                       accession   tlen query name           accession   qlen   E-value  score  bias   #  of  c-Evalue  i-Evalue  score  bias  from    to  from    to  from    to  acc description of target
#                               ------------------- ---------- ----- -------------------- ---------- ----- --------- ------ ----- --- --- --------- --------- ------ ----- ----- ----- ----- ----- ----- ----- ---- ---------------------
NODE_13_length_45945_cov_104.851879:28769-29599|+   -            277 1305                 -            264  1.4e-100  333.4   0.0   1   1  6.1e-103  1.6e-100  333.2   0.0     1   263     5   274     5   275 0.96 NODE_13_length_45945_cov_104.851879_30 # 28769 # 29599 # 1 # ID=13_30;partial=00;start_type=ATG;rbs_motif=GGA/GAG/AGG;rbs_spacer=5-10bp;gc_cont=0.508
NODE_3_length_404174_cov_108.718135:173672-174268|- -            199 1305                 -            264   4.5e-20   69.5   0.0   1   1   2.1e-22   5.6e-20   69.2   0.0    94   179    47   134    42   187 0.93 NODE_3_length_404174_cov_108.718135_157 # 173672 # 174268 # -1 # ID=3_157;partial=00;start_type=TTG;rbs_motif=AGGAGG;rbs_spacer=5-10bp;gc_cont=0.461
NODE_2_length_515833_cov_109.460731:274687-275634|- -            316 1305                 -            264   1.1e-07   28.9   0.6   1   1   6.4e-10   1.7e-07   28.3   0.6   106   176   177   248   160   250 0.80 NODE_2_length_515833_cov_109.460731_249 # 274687 # 275634 # -1 # ID=2_249;partial=00;start_type=ATG;rbs_motif=AGGAGG;rbs_spacer=5-10bp;gc_cont=0.511
NODE_2_length_515833_cov_109.460731:343310-344053|- -            248 1305                 -            264   9.9e-07   25.7   0.2   1   1   5.1e-09   1.3e-06   25.3   0.2   101   186    42   132    34   157 0.83 NODE_2_length_515833_cov_109.460731_302 # 343310 # 344053 # -1 # ID=2_302;partial=00;start_type=GTG;rbs_motif=GGAGG;rbs_spacer=5-10bp;gc_cont=0.500
NODE_2_length_515833_cov_109.460731:181590-182732|- -            381 1305                 -            264     9e-06   22.6   0.2   1   2      0.16        43    0.7   0.0   104   123   188   207   180   214 0.77 NODE_2_length_515833_cov_109.460731_163 # 181590 # 182732 # -1 # ID=2_163;partial=00;start_type=ATG;rbs_motif=AGGA;rbs_spacer=5-10bp;gc_cont=0.460
NODE_2_length_515833_cov_109.460731:181590-182732|- -            381 1305                 -            264     9e-06   22.6   0.2   2   2   3.3e-07   8.6e-05   19.4   0.1   129   189   251   315   243   324 0.84 NODE_2_length_515833_cov_109.460731_163 # 181590 # 182732 # -1 # ID=2_163;partial=00;start_type=ATG;rbs_motif=AGGA;rbs_spacer=5-10bp;gc_cont=0.460
NODE_2_length_515833_cov_109.460731:479917-480654|- -            246 1305                 -            264   1.2e-05   22.2   0.0   1   1   7.3e-08   1.9e-05   21.5   0.0   104   163    32    89    24    95 0.89 NODE_2_length_515833_cov_109.460731_457 # 479917 # 480654 # -1 # ID=2_457;partial=00;start_type=ATG;rbs_motif=None;rbs_spacer=None;gc_cont=0.465
NODE_2_length_515833_cov_109.460731:211272-211982|- -            237 1305                 -            264   4.2e-05   20.4   0.2   1   1   2.4e-07   6.4e-05   19.8   0.2   101   173    15    89     8    92 0.86 NODE_2_length_515833_cov_109.460731_186 # 211272 # 211982 # -1 # ID=2_186;partial=00;start_type=ATG;rbs_motif=AGGAG/GGAGG;rbs_spacer=11-12bp;gc_cont=0.485
NODE_5_length_328887_cov_107.457170:161022-162032|- -            337 1305                 -            264   0.00033   17.5   0.1   1   1   2.1e-06   0.00054   16.8   0.1    95   178   111   201   107   218 0.81 NODE_5_length_328887_cov_107.457170_160 # 161022 # 162032 # -1 # ID=5_160;partial=00;start_type=TTG;rbs_motif=AGxAGG/AGGxGG;rbs_spacer=5-10bp;gc_cont=0.467
NODE_1_length_651596_cov_115.359902:51750-52481|-   -            244 1305                 -            264    0.0028   14.4   0.0   1   1   1.6e-05    0.0042   13.8   0.0   103   136    69   102    29   124 0.87 NODE_1_length_651596_cov_115.359902_48 # 51750 # 52481 # -1 # ID=1_48;partial=00;start_type=ATG;rbs_motif=GGAGG;rbs_spacer=5-10bp;gc_cont=0.495
NODE_2_length_515833_cov_109.460731:21815-22381|+   -            189 1305                 -            264    0.0037   14.0   0.0   1   1   2.1e-05    0.0056   13.5   0.0   108   184    44   128    30   139 0.75 NODE_2_length_515833_cov_109.460731_19 # 21815 # 22381 # 1 # ID=2_19;partial=00;start_type=ATG;rbs_motif=AGxAGG/AGGxGG;rbs_spacer=5-10bp;gc_cont=0.513
NODE_5_length_328887_cov_107.457170:291048-291890|- -            281 1305                 -            264     0.021   11.5   0.0   1   1   0.00012     0.033   10.9   0.0    98   146    84   131    80   147 0.84 NODE_5_length_328887_cov_107.457170_278 # 291048 # 291890 # -1 # ID=5_278;partial=00;start_type=ATG;rbs_motif=AGGAGG;rbs_spacer=5-10bp;gc_cont=0.511
#
# Program:         hmmsearch
# Version:         3.4 (Aug 2023)
# Pipeline mode:   SEARCH
# Query file:      /home/ephraim/busco_downloads/lineages/lactobacillaceae_odb12/hmms/1305at33958.hmm
# Target file:     /home/ephraim/busco_isolate_may/prodigal_output/predicted_genes/predicted.faa
# Option settings: hmmsearch --domtblout /home/ephraim/busco_isolate_may/run_lactobacillaceae_odb12/hmmer_output/1305at33958.out --cpu 1 /home/ephraim/busco_downloads/lineages/lactobacillaceae_odb12/hmms/1305at33958.hmm /home/ephraim/busco_isolate_may/prodigal_output/predicted_genes/predicted.faa 
# Current dir:     /home/ephraim
# Date:            Sun May  3 19:13:19 2026
# [ok]
