#                                                                                                           --- full sequence --- -------------- this domain -------------   hmm coord   ali coord   env coord
# target name                                       accession   tlen query name           accession   qlen   E-value  score  bias   #  of  c-Evalue  i-Evalue  score  bias  from    to  from    to  from    to  acc description of target
#                               ------------------- ---------- ----- -------------------- ---------- ----- --------- ------ ----- --- --- --------- --------- ------ ----- ----- ----- ----- ----- ----- ----- ---- ---------------------
NODE_3_length_404174_cov_108.718135:219906-221312|- -            469 1331                 -            467  1.3e-252  836.1   1.3   1   1  2.9e-255  1.4e-252  835.9   1.3     1   467     1   468     1   468 0.99 NODE_3_length_404174_cov_108.718135_198 # 219906 # 221312 # -1 # ID=3_198;partial=00;start_type=ATG;rbs_motif=AGGA;rbs_spacer=5-10bp;gc_cont=0.468
NODE_1_length_651596_cov_115.359902:579046-581028|+ -            661 1331                 -            467   1.2e-11   41.5   0.6   1   2   5.6e-11   2.7e-08   30.5   0.3    24   150     6   135     2   152 0.86 NODE_1_length_651596_cov_115.359902_555 # 579046 # 581028 # 1 # ID=1_555;partial=00;start_type=ATG;rbs_motif=GGAGG;rbs_spacer=5-10bp;gc_cont=0.468
NODE_1_length_651596_cov_115.359902:579046-581028|+ -            661 1331                 -            467   1.2e-11   41.5   0.6   2   2   0.00029      0.14    8.3   0.0   268   389   306   440   298   479 0.61 NODE_1_length_651596_cov_115.359902_555 # 579046 # 581028 # 1 # ID=1_555;partial=00;start_type=ATG;rbs_motif=GGAGG;rbs_spacer=5-10bp;gc_cont=0.468
NODE_7_length_113986_cov_103.583132:18518-21304|-   -            929 1331                 -            467   6.8e-11   39.0   0.0   1   3   0.00028      0.13    8.4   0.0    35   143    62   185    38   199 0.71 NODE_7_length_113986_cov_103.583132_20 # 18518 # 21304 # -1 # ID=7_20;partial=00;start_type=GTG;rbs_motif=AGGAG;rbs_spacer=5-10bp;gc_cont=0.471
NODE_7_length_113986_cov_103.583132:18518-21304|-   -            929 1331                 -            467   6.8e-11   39.0   0.0   2   3   8.5e-10   4.1e-07   26.6   0.0   245   379   568   701   547   717 0.83 NODE_7_length_113986_cov_103.583132_20 # 18518 # 21304 # -1 # ID=7_20;partial=00;start_type=GTG;rbs_motif=AGGAG;rbs_spacer=5-10bp;gc_cont=0.471
NODE_7_length_113986_cov_103.583132:18518-21304|-   -            929 1331                 -            467   6.8e-11   39.0   0.0   3   3      0.14        70   -0.6   0.0   266   300   814   854   809   863 0.80 NODE_7_length_113986_cov_103.583132_20 # 18518 # 21304 # -1 # ID=7_20;partial=00;start_type=GTG;rbs_motif=AGGAG;rbs_spacer=5-10bp;gc_cont=0.471
NODE_5_length_328887_cov_107.457170:317952-320363|- -            804 1331                 -            467   7.3e-08   29.0   0.0   1   1   3.8e-10   1.9e-07   27.7   0.0   258   390   562   692   557   710 0.76 NODE_5_length_328887_cov_107.457170_306 # 317952 # 320363 # -1 # ID=5_306;partial=00;start_type=ATG;rbs_motif=GGAGG;rbs_spacer=5-10bp;gc_cont=0.471
NODE_7_length_113986_cov_103.583132:47751-50393|-   -            881 1331                 -            467   3.4e-06   23.5   0.5   1   2   1.4e-08   6.6e-06   22.6   0.0   244   339   498   593   481   630 0.83 NODE_7_length_113986_cov_103.583132_48 # 47751 # 50393 # -1 # ID=7_48;partial=00;start_type=ATG;rbs_motif=AGxAGG/AGGxGG;rbs_spacer=5-10bp;gc_cont=0.475
NODE_7_length_113986_cov_103.583132:47751-50393|-   -            881 1331                 -            467   3.4e-06   23.5   0.5   2   2         2   9.9e+02   -4.4   0.7   349   377   824   851   813   878 0.42 NODE_7_length_113986_cov_103.583132_48 # 47751 # 50393 # -1 # ID=7_48;partial=00;start_type=ATG;rbs_motif=AGxAGG/AGGxGG;rbs_spacer=5-10bp;gc_cont=0.475
NODE_3_length_404174_cov_108.718135:400176-402683|- -            836 1331                 -            467     0.011   12.0   1.9   1   1   3.5e-05     0.017   11.3   1.9   336   460   344   469   321   474 0.80 NODE_3_length_404174_cov_108.718135_381 # 400176 # 402683 # -1 # ID=3_381;partial=00;start_type=ATG;rbs_motif=GGAG/GAGG;rbs_spacer=5-10bp;gc_cont=0.483
#
# Program:         hmmsearch
# Version:         3.4 (Aug 2023)
# Pipeline mode:   SEARCH
# Query file:      /home/ephraim/busco_downloads/lineages/lactobacillaceae_odb12/hmms/1331at33958.hmm
# Target file:     /home/ephraim/busco_isolate_may/prodigal_output/predicted_genes/predicted.faa
# Option settings: hmmsearch --domtblout /home/ephraim/busco_isolate_may/run_lactobacillaceae_odb12/hmmer_output/1331at33958.out --cpu 1 /home/ephraim/busco_downloads/lineages/lactobacillaceae_odb12/hmms/1331at33958.hmm /home/ephraim/busco_isolate_may/prodigal_output/predicted_genes/predicted.faa 
# Current dir:     /home/ephraim
# Date:            Sun May  3 19:13:17 2026
# [ok]
