#                                                                                                           --- full sequence --- -------------- this domain -------------   hmm coord   ali coord   env coord
# target name                                       accession   tlen query name           accession   qlen   E-value  score  bias   #  of  c-Evalue  i-Evalue  score  bias  from    to  from    to  from    to  acc description of target
#                               ------------------- ---------- ----- -------------------- ---------- ----- --------- ------ ----- --- --- --------- --------- ------ ----- ----- ----- ----- ----- ----- ----- ---- ---------------------
NODE_2_length_515833_cov_109.460731:411785-413824|- -            680 1353                 -            674         0 1092.0   0.9   1   1         0         0 1091.7   0.9     2   669     2   673     1   678 0.98 NODE_2_length_515833_cov_109.460731_388 # 411785 # 413824 # -1 # ID=2_388;partial=00;start_type=ATG;rbs_motif=AGGAGG;rbs_spacer=5-10bp;gc_cont=0.486
NODE_1_length_651596_cov_115.359902:635061-638585|+ -           1175 1353                 -            674  3.7e-112  373.1   0.3   1   1  2.3e-114  7.3e-112  372.1   0.3   221   649   589  1011   581  1031 0.91 NODE_1_length_651596_cov_115.359902_606 # 635061 # 638585 # 1 # ID=1_606;partial=00;start_type=ATG;rbs_motif=AGxAGG/AGGxGG;rbs_spacer=5-10bp;gc_cont=0.485
NODE_2_length_515833_cov_109.460731:424386-426803|- -            806 1353                 -            674   5.8e-16   55.2   0.0   1   2   1.5e-14   4.9e-12   42.2   0.0   248   391   266   404   246   417 0.82 NODE_2_length_515833_cov_109.460731_399 # 424386 # 426803 # -1 # ID=2_399;partial=00;start_type=TTG;rbs_motif=GGA/GAG/AGG;rbs_spacer=5-10bp;gc_cont=0.504
NODE_2_length_515833_cov_109.460731:424386-426803|- -            806 1353                 -            674   5.8e-16   55.2   0.0   2   2   5.5e-05     0.018   10.7   0.0   511   568   597   665   570   702 0.83 NODE_2_length_515833_cov_109.460731_399 # 424386 # 426803 # -1 # ID=2_399;partial=00;start_type=TTG;rbs_motif=GGA/GAG/AGG;rbs_spacer=5-10bp;gc_cont=0.504
NODE_1_length_651596_cov_115.359902:617826-619334|+ -            503 1353                 -            674   5.6e-10   35.5   0.6   1   2     2e-05    0.0065   12.1   0.2   277   380    44   151    40   155 0.73 NODE_1_length_651596_cov_115.359902_593 # 617826 # 619334 # 1 # ID=1_593;partial=00;start_type=TTG;rbs_motif=AGGAGG;rbs_spacer=5-10bp;gc_cont=0.484
NODE_1_length_651596_cov_115.359902:617826-619334|+ -            503 1353                 -            674   5.6e-10   35.5   0.6   2   2   2.7e-08   8.7e-06   21.6   0.0   499   576   267   343   250   361 0.87 NODE_1_length_651596_cov_115.359902_593 # 617826 # 619334 # 1 # ID=1_593;partial=00;start_type=TTG;rbs_motif=AGGAGG;rbs_spacer=5-10bp;gc_cont=0.484
NODE_5_length_328887_cov_107.457170:275726-276991|- -            422 1353                 -            674   2.7e-09   33.2   0.5   1   2      0.67   2.2e+02   -2.8   0.0   445   471   125   151    94   172 0.68 NODE_5_length_328887_cov_107.457170_265 # 275726 # 276991 # -1 # ID=5_265;partial=00;start_type=ATG;rbs_motif=GGAG/GAGG;rbs_spacer=5-10bp;gc_cont=0.526
NODE_5_length_328887_cov_107.457170:275726-276991|- -            422 1353                 -            674   2.7e-09   33.2   0.5   2   2   1.6e-11     5e-09   32.3   0.1   511   569   333   392   324   405 0.91 NODE_5_length_328887_cov_107.457170_265 # 275726 # 276991 # -1 # ID=5_265;partial=00;start_type=ATG;rbs_motif=GGAG/GAGG;rbs_spacer=5-10bp;gc_cont=0.526
NODE_11_length_60639_cov_107.161487:44048-45394|-   -            449 1353                 -            674     3e-09   33.0   5.2   1   3   5.2e-06    0.0017   14.1   0.1   277   368    46   138    30   152 0.82 NODE_11_length_60639_cov_107.161487_46 # 44048 # 45394 # -1 # ID=11_46;partial=00;start_type=ATG;rbs_motif=AGGA/GGAG/GAGG;rbs_spacer=11-12bp;gc_cont=0.475
NODE_11_length_60639_cov_107.161487:44048-45394|-   -            449 1353                 -            674     3e-09   33.0   5.2   2   3   3.6e-08   1.2e-05   21.2   0.1   494   590   266   361   245   366 0.84 NODE_11_length_60639_cov_107.161487_46 # 44048 # 45394 # -1 # ID=11_46;partial=00;start_type=ATG;rbs_motif=AGGA/GGAG/GAGG;rbs_spacer=11-12bp;gc_cont=0.475
NODE_11_length_60639_cov_107.161487:44048-45394|-   -            449 1353                 -            674     3e-09   33.0   5.2   3   3      0.95     3e+02   -3.3   0.1   427   455   408   436   400   442 0.74 NODE_11_length_60639_cov_107.161487_46 # 44048 # 45394 # -1 # ID=11_46;partial=00;start_type=ATG;rbs_motif=AGGA/GGAG/GAGG;rbs_spacer=11-12bp;gc_cont=0.475
NODE_5_length_328887_cov_107.457170:242882-244897|- -            672 1353                 -            674   2.6e-08   30.0   0.3   1   3      0.37   1.2e+02   -2.0   0.0   248   325    15    88     8    93 0.68 NODE_5_length_328887_cov_107.457170_236 # 242882 # 244897 # -1 # ID=5_236;partial=00;start_type=ATG;rbs_motif=AGGAGG;rbs_spacer=5-10bp;gc_cont=0.464
NODE_5_length_328887_cov_107.457170:242882-244897|- -            672 1353                 -            674   2.6e-08   30.0   0.3   2   3   3.9e-10   1.2e-07   27.7   0.1   482   582   462   566   437   579 0.78 NODE_5_length_328887_cov_107.457170_236 # 242882 # 244897 # -1 # ID=5_236;partial=00;start_type=ATG;rbs_motif=AGGAGG;rbs_spacer=5-10bp;gc_cont=0.464
NODE_5_length_328887_cov_107.457170:242882-244897|- -            672 1353                 -            674   2.6e-08   30.0   0.3   3   3       0.4   1.3e+02   -2.1   0.0   132   168   576   612   561   656 0.73 NODE_5_length_328887_cov_107.457170_236 # 242882 # 244897 # -1 # ID=5_236;partial=00;start_type=ATG;rbs_motif=AGGAGG;rbs_spacer=5-10bp;gc_cont=0.464
NODE_2_length_515833_cov_109.460731:75565-76974|+   -            470 1353                 -            674   2.2e-06   23.5   0.2   1   2     0.096        31   -0.0   0.0   372   407   129   173    79   191 0.75 NODE_2_length_515833_cov_109.460731_67 # 75565 # 76974 # 1 # ID=2_67;partial=00;start_type=GTG;rbs_motif=GGAGG;rbs_spacer=5-10bp;gc_cont=0.484
NODE_2_length_515833_cov_109.460731:75565-76974|+   -            470 1353                 -            674   2.2e-06   23.5   0.2   2   2   3.5e-08   1.1e-05   21.2   0.1   497   583   254   340   226   346 0.82 NODE_2_length_515833_cov_109.460731_67 # 75565 # 76974 # 1 # ID=2_67;partial=00;start_type=GTG;rbs_motif=GGAGG;rbs_spacer=5-10bp;gc_cont=0.484
NODE_5_length_328887_cov_107.457170:114619-115905|- -            429 1353                 -            674   0.00074   15.2   0.0   1   1   1.5e-05    0.0049   12.5   0.0   280   577    42   337    17   348 0.70 NODE_5_length_328887_cov_107.457170_116 # 114619 # 115905 # -1 # ID=5_116;partial=00;start_type=GTG;rbs_motif=GGAG/GAGG;rbs_spacer=5-10bp;gc_cont=0.517
#
# Program:         hmmsearch
# Version:         3.4 (Aug 2023)
# Pipeline mode:   SEARCH
# Query file:      /home/ephraim/busco_downloads/lineages/lactobacillaceae_odb12/hmms/1353at33958.hmm
# Target file:     /home/ephraim/busco_isolate_may/prodigal_output/predicted_genes/predicted.faa
# Option settings: hmmsearch --domtblout /home/ephraim/busco_isolate_may/run_lactobacillaceae_odb12/hmmer_output/1353at33958.out --cpu 1 /home/ephraim/busco_downloads/lineages/lactobacillaceae_odb12/hmms/1353at33958.hmm /home/ephraim/busco_isolate_may/prodigal_output/predicted_genes/predicted.faa 
# Current dir:     /home/ephraim
# Date:            Sun May  3 19:13:17 2026
# [ok]
