#                                                                                                           --- full sequence --- -------------- this domain -------------   hmm coord   ali coord   env coord
# target name                                       accession   tlen query name           accession   qlen   E-value  score  bias   #  of  c-Evalue  i-Evalue  score  bias  from    to  from    to  from    to  acc description of target
#                               ------------------- ---------- ----- -------------------- ---------- ----- --------- ------ ----- --- --- --------- --------- ------ ----- ----- ----- ----- ----- ----- ----- ---- ---------------------
NODE_3_length_404174_cov_108.718135:167852-168496|- -            215 1413                 -            211  1.2e-100  332.7   0.0   1   1  9.1e-103  1.3e-100  332.6   0.0     1   210     1   211     1   212 0.98 NODE_3_length_404174_cov_108.718135_149 # 167852 # 168496 # -1 # ID=3_149;partial=00;start_type=GTG;rbs_motif=AGGAG;rbs_spacer=5-10bp;gc_cont=0.490
NODE_7_length_113986_cov_103.583132:88046-88774|-   -            243 1413                 -            211   1.2e-05   22.3   0.5   1   1     1e-06   0.00015   18.7   0.5   128   190   129   193     1   215 0.62 NODE_7_length_113986_cov_103.583132_82 # 88046 # 88774 # -1 # ID=7_82;partial=00;start_type=GTG;rbs_motif=AGGAG;rbs_spacer=5-10bp;gc_cont=0.440
NODE_4_length_348303_cov_114.329901:118023-118916|+ -            298 1413                 -            211   6.3e-05   19.9   0.3   1   2   1.2e-06   0.00018   18.5   0.0     2    56    28    82    27   106 0.83 NODE_4_length_348303_cov_114.329901_121 # 118023 # 118916 # 1 # ID=4_121;partial=00;start_type=ATG;rbs_motif=AGxAGG/AGGxGG;rbs_spacer=5-10bp;gc_cont=0.475
NODE_4_length_348303_cov_114.329901:118023-118916|+ -            298 1413                 -            211   6.3e-05   19.9   0.3   2   2       1.8   2.6e+02   -1.7   0.1   166   191   217   242   202   262 0.61 NODE_4_length_348303_cov_114.329901_121 # 118023 # 118916 # 1 # ID=4_121;partial=00;start_type=ATG;rbs_motif=AGxAGG/AGGxGG;rbs_spacer=5-10bp;gc_cont=0.475
NODE_9_length_65232_cov_107.983117:29097-29849|-    -            251 1413                 -            211   0.00078   16.4   0.1   1   1     1e-05    0.0015   15.5   0.1     2    80    32   115    31   125 0.73 NODE_9_length_65232_cov_107.983117_31 # 29097 # 29849 # -1 # ID=9_31;partial=00;start_type=ATG;rbs_motif=GGA/GAG/AGG;rbs_spacer=11-12bp;gc_cont=0.507
NODE_3_length_404174_cov_108.718135:85360-86226|+   -            289 1413                 -            211   0.00095   16.1   0.0   1   1   9.4e-06    0.0014   15.6   0.0     3    36    30    63    28    86 0.81 NODE_3_length_404174_cov_108.718135_72 # 85360 # 86226 # 1 # ID=3_72;partial=00;start_type=ATG;rbs_motif=AGGAG/GGAGG;rbs_spacer=11-12bp;gc_cont=0.468
NODE_4_length_348303_cov_114.329901:54482-55285|-   -            268 1413                 -            211     0.002   15.0   0.4   1   2   7.4e-05     0.011   12.7   0.0     2    39    33    70    32    92 0.83 NODE_4_length_348303_cov_114.329901_58 # 54482 # 55285 # -1 # ID=4_58;partial=00;start_type=ATG;rbs_motif=AGGAGG;rbs_spacer=5-10bp;gc_cont=0.495
NODE_4_length_348303_cov_114.329901:54482-55285|-   -            268 1413                 -            211     0.002   15.0   0.4   2   2      0.46        66    0.3   0.1    53    81   173   205   170   238 0.67 NODE_4_length_348303_cov_114.329901_58 # 54482 # 55285 # -1 # ID=4_58;partial=00;start_type=ATG;rbs_motif=AGGAGG;rbs_spacer=5-10bp;gc_cont=0.495
NODE_5_length_328887_cov_107.457170:184236-185324|- -            363 1413                 -            211    0.0026   14.7   0.2   1   2   4.4e-05    0.0064   13.4   0.0     2    29    30    57    29    69 0.87 NODE_5_length_328887_cov_107.457170_184 # 184236 # 185324 # -1 # ID=5_184;partial=00;start_type=TTG;rbs_motif=AGGAG;rbs_spacer=5-10bp;gc_cont=0.465
NODE_5_length_328887_cov_107.457170:184236-185324|- -            363 1413                 -            211    0.0026   14.7   0.2   2   2       2.7   3.9e+02   -2.2   0.0   128   153    88   113    74   156 0.67 NODE_5_length_328887_cov_107.457170_184 # 184236 # 185324 # -1 # ID=5_184;partial=00;start_type=TTG;rbs_motif=AGGAG;rbs_spacer=5-10bp;gc_cont=0.465
NODE_4_length_348303_cov_114.329901:145160-146941|- -            594 1413                 -            211    0.0028   14.6   0.6   1   2    0.0011      0.16    8.8   0.0     2    24   379   401   378   412 0.87 NODE_4_length_348303_cov_114.329901_142 # 145160 # 146941 # -1 # ID=4_142;partial=00;start_type=ATG;rbs_motif=AGxAGG/AGGxGG;rbs_spacer=5-10bp;gc_cont=0.464
NODE_4_length_348303_cov_114.329901:145160-146941|- -            594 1413                 -            211    0.0028   14.6   0.6   2   2     0.043       6.2    3.6   0.1    51    74   510   533   500   566 0.69 NODE_4_length_348303_cov_114.329901_142 # 145160 # 146941 # -1 # ID=4_142;partial=00;start_type=ATG;rbs_motif=AGxAGG/AGGxGG;rbs_spacer=5-10bp;gc_cont=0.464
NODE_5_length_328887_cov_107.457170:174955-175689|+ -            245 1413                 -            211    0.0049   13.8   0.5   1   3       9.2   1.3e+03   -4.0   0.0   105   116    13    24     7    28 0.56 NODE_5_length_328887_cov_107.457170_176 # 174955 # 175689 # 1 # ID=5_176;partial=00;start_type=ATG;rbs_motif=None;rbs_spacer=None;gc_cont=0.498
NODE_5_length_328887_cov_107.457170:174955-175689|+ -            245 1413                 -            211    0.0049   13.8   0.5   2   3     8e-05     0.012   12.5   0.0     2    35    31    64    30    71 0.88 NODE_5_length_328887_cov_107.457170_176 # 174955 # 175689 # 1 # ID=5_176;partial=00;start_type=ATG;rbs_motif=None;rbs_spacer=None;gc_cont=0.498
NODE_5_length_328887_cov_107.457170:174955-175689|+ -            245 1413                 -            211    0.0049   13.8   0.5   3   3       7.2     1e+03   -3.6   0.0    64    77   228   241   222   242 0.77 NODE_5_length_328887_cov_107.457170_176 # 174955 # 175689 # 1 # ID=5_176;partial=00;start_type=ATG;rbs_motif=None;rbs_spacer=None;gc_cont=0.498
NODE_1_length_651596_cov_115.359902:179110-180363|+ -            418 1413                 -            211    0.0062   13.4   0.8   1   3   0.00022     0.032   11.1   0.1     2    32    33    63    32    72 0.87 NODE_1_length_651596_cov_115.359902_175 # 179110 # 180363 # 1 # ID=1_175;partial=00;start_type=ATG;rbs_motif=AGGAGG;rbs_spacer=5-10bp;gc_cont=0.477
NODE_1_length_651596_cov_115.359902:179110-180363|+ -            418 1413                 -            211    0.0062   13.4   0.8   2   3      0.96   1.4e+02   -0.8   0.0   127   153    92   118    82   166 0.57 NODE_1_length_651596_cov_115.359902_175 # 179110 # 180363 # 1 # ID=1_175;partial=00;start_type=ATG;rbs_motif=AGGAGG;rbs_spacer=5-10bp;gc_cont=0.477
NODE_1_length_651596_cov_115.359902:179110-180363|+ -            418 1413                 -            211    0.0062   13.4   0.8   3   3       3.1   4.4e+02   -2.4   0.0    19    39   179   199   176   232 0.72 NODE_1_length_651596_cov_115.359902_175 # 179110 # 180363 # 1 # ID=1_175;partial=00;start_type=ATG;rbs_motif=AGGAGG;rbs_spacer=5-10bp;gc_cont=0.477
NODE_1_length_651596_cov_115.359902:17257-17976|-   -            240 1413                 -            211    0.0074   13.2   0.0   1   2   0.00011     0.016   12.1   0.0     3    32    31    60    29    69 0.89 NODE_1_length_651596_cov_115.359902_16 # 17257 # 17976 # -1 # ID=1_16;partial=00;start_type=ATG;rbs_motif=GGAGG;rbs_spacer=5-10bp;gc_cont=0.474
NODE_1_length_651596_cov_115.359902:17257-17976|-   -            240 1413                 -            211    0.0074   13.2   0.0   2   2       3.7   5.3e+02   -2.7   0.0    55    66   156   167   113   186 0.66 NODE_1_length_651596_cov_115.359902_16 # 17257 # 17976 # -1 # ID=1_16;partial=00;start_type=ATG;rbs_motif=GGAGG;rbs_spacer=5-10bp;gc_cont=0.474
NODE_12_length_50619_cov_110.658937:5486-6271|+     -            262 1413                 -            211    0.0074   13.2   0.1   1   2   0.00011     0.016   12.1   0.1     2    29    29    56    28    73 0.83 NODE_12_length_50619_cov_110.658937_7 # 5486 # 6271 # 1 # ID=12_7;partial=00;start_type=ATG;rbs_motif=AGGAG;rbs_spacer=5-10bp;gc_cont=0.481
NODE_12_length_50619_cov_110.658937:5486-6271|+     -            262 1413                 -            211    0.0074   13.2   0.1   2   2       6.4   9.2e+02   -3.5   0.0    63    83   151   171   148   175 0.81 NODE_12_length_50619_cov_110.658937_7 # 5486 # 6271 # 1 # ID=12_7;partial=00;start_type=ATG;rbs_motif=AGGAG;rbs_spacer=5-10bp;gc_cont=0.481
NODE_1_length_651596_cov_115.359902:1587-3134|-     -            516 1413                 -            211    0.0077   13.1   0.3   1   2       0.4        58    0.5   0.0     9    32    35    58    30    64 0.83 NODE_1_length_651596_cov_115.359902_2 # 1587 # 3134 # -1 # ID=1_2;partial=00;start_type=ATG;rbs_motif=AGGAG;rbs_spacer=5-10bp;gc_cont=0.457
NODE_1_length_651596_cov_115.359902:1587-3134|-     -            516 1413                 -            211    0.0077   13.1   0.3   2   2    0.0008      0.12    9.3   0.0     4    27   347   370   344   380 0.85 NODE_1_length_651596_cov_115.359902_2 # 1587 # 3134 # -1 # ID=1_2;partial=00;start_type=ATG;rbs_motif=AGGAG;rbs_spacer=5-10bp;gc_cont=0.457
NODE_3_length_404174_cov_108.718135:245686-246564|+ -            293 1413                 -            211     0.011   12.6   0.0   1   1   0.00012     0.018   11.9   0.0     3    47    29    73    26    93 0.85 NODE_3_length_404174_cov_108.718135_222 # 245686 # 246564 # 1 # ID=3_222;partial=00;start_type=ATG;rbs_motif=AGGAGG;rbs_spacer=5-10bp;gc_cont=0.468
NODE_5_length_328887_cov_107.457170:269671-270357|- -            229 1413                 -            211     0.012   12.5   0.2   1   2    0.0004     0.058   10.3   0.0     2    30    27    55    26    61 0.89 NODE_5_length_328887_cov_107.457170_260 # 269671 # 270357 # -1 # ID=5_260;partial=00;start_type=ATG;rbs_motif=AGGAG;rbs_spacer=5-10bp;gc_cont=0.454
NODE_5_length_328887_cov_107.457170:269671-270357|- -            229 1413                 -            211     0.012   12.5   0.2   2   2      0.91   1.3e+02   -0.7   0.0   127   157    89   117    85   165 0.66 NODE_5_length_328887_cov_107.457170_260 # 269671 # 270357 # -1 # ID=5_260;partial=00;start_type=ATG;rbs_motif=AGGAG;rbs_spacer=5-10bp;gc_cont=0.454
NODE_12_length_50619_cov_110.658937:6264-6977|+     -            238 1413                 -            211     0.017   12.0   0.1   1   1   0.00019     0.027   11.3   0.1     2    29    26    53    25    67 0.90 NODE_12_length_50619_cov_110.658937_8 # 6264 # 6977 # 1 # ID=12_8;partial=00;start_type=ATG;rbs_motif=GGAGG;rbs_spacer=5-10bp;gc_cont=0.497
NODE_2_length_515833_cov_109.460731:398661-399656|- -            332 1413                 -            211     0.019   11.9   0.2   1   2   0.00054     0.079    9.8   0.0     8    37   128   157   123   167 0.87 NODE_2_length_515833_cov_109.460731_378 # 398661 # 399656 # -1 # ID=2_378;partial=00;start_type=ATG;rbs_motif=AGxAG;rbs_spacer=5-10bp;gc_cont=0.467
NODE_2_length_515833_cov_109.460731:398661-399656|- -            332 1413                 -            211     0.019   11.9   0.2   2   2       1.6   2.4e+02   -1.5   0.0    10    28   277   295   271   299 0.81 NODE_2_length_515833_cov_109.460731_378 # 398661 # 399656 # -1 # ID=2_378;partial=00;start_type=ATG;rbs_motif=AGxAG;rbs_spacer=5-10bp;gc_cont=0.467
NODE_10_length_64565_cov_119.738261:24049-24684|-   -            212 1413                 -            211     0.021   11.7   0.2   1   1   0.00024     0.034   11.0   0.2     2    28    28    54    27    64 0.85 NODE_10_length_64565_cov_119.738261_28 # 24049 # 24684 # -1 # ID=10_28;partial=00;start_type=ATG;rbs_motif=AGGAG;rbs_spacer=5-10bp;gc_cont=0.409
NODE_14_length_41384_cov_104.001985:15203-15973|-   -            257 1413                 -            211     0.023   11.6   0.1   1   1   0.00037     0.053   10.4   0.1     2    26    32    56    31    68 0.81 NODE_14_length_41384_cov_104.001985_15 # 15203 # 15973 # -1 # ID=14_15;partial=00;start_type=ATG;rbs_motif=GGAGG;rbs_spacer=5-10bp;gc_cont=0.468
NODE_7_length_113986_cov_103.583132:66064-66951|+   -            296 1413                 -            211     0.024   11.5   0.4   1   2   0.00035     0.051   10.4   0.2     3    48    30    74    28    84 0.82 NODE_7_length_113986_cov_103.583132_59 # 66064 # 66951 # 1 # ID=7_59;partial=00;start_type=ATG;rbs_motif=GGAGG;rbs_spacer=5-10bp;gc_cont=0.445
NODE_7_length_113986_cov_103.583132:66064-66951|+   -            296 1413                 -            211     0.024   11.5   0.4   2   2       4.4   6.4e+02   -3.0   0.0   157   162   172   177   138   202 0.49 NODE_7_length_113986_cov_103.583132_59 # 66064 # 66951 # 1 # ID=7_59;partial=00;start_type=ATG;rbs_motif=GGAGG;rbs_spacer=5-10bp;gc_cont=0.445
#
# Program:         hmmsearch
# Version:         3.4 (Aug 2023)
# Pipeline mode:   SEARCH
# Query file:      /home/ephraim/busco_downloads/lineages/lactobacillaceae_odb12/hmms/1413at33958.hmm
# Target file:     /home/ephraim/busco_isolate_may/prodigal_output/predicted_genes/predicted.faa
# Option settings: hmmsearch --domtblout /home/ephraim/busco_isolate_may/run_lactobacillaceae_odb12/hmmer_output/1413at33958.out --cpu 1 /home/ephraim/busco_downloads/lineages/lactobacillaceae_odb12/hmms/1413at33958.hmm /home/ephraim/busco_isolate_may/prodigal_output/predicted_genes/predicted.faa 
# Current dir:     /home/ephraim
# Date:            Sun May  3 19:13:17 2026
# [ok]
