#                                                                                                           --- full sequence --- -------------- this domain -------------   hmm coord   ali coord   env coord
# target name                                       accession   tlen query name           accession   qlen   E-value  score  bias   #  of  c-Evalue  i-Evalue  score  bias  from    to  from    to  from    to  acc description of target
#                               ------------------- ---------- ----- -------------------- ---------- ----- --------- ------ ----- --- --- --------- --------- ------ ----- ----- ----- ----- ----- ----- ----- ---- ---------------------
NODE_3_length_404174_cov_108.718135:236908-238272|- -            455 1525                 -            453  3.2e-265  877.2   2.3   1   1  1.1e-267  3.6e-265  877.1   2.3     1   453     1   454     1   454 0.99 NODE_3_length_404174_cov_108.718135_214 # 236908 # 238272 # -1 # ID=3_214;partial=00;start_type=ATG;rbs_motif=GGA/GAG/AGG;rbs_spacer=5-10bp;gc_cont=0.503
NODE_1_length_651596_cov_115.359902:533473-534666|+ -            398 1525                 -            453   1.1e-07   28.3   0.5   1   1   5.1e-10   1.6e-07   27.7   0.5    66   212    49   207     9   221 0.74 NODE_1_length_651596_cov_115.359902_511 # 533473 # 534666 # 1 # ID=1_511;partial=00;start_type=ATG;rbs_motif=AGGAG;rbs_spacer=5-10bp;gc_cont=0.474
NODE_3_length_404174_cov_108.718135:112179-113906|- -            576 1525                 -            453   0.00028   17.0   0.0   1   1   1.3e-06   0.00042   16.5   0.0    24   157   297   432   290   458 0.83 NODE_3_length_404174_cov_108.718135_94 # 112179 # 113906 # -1 # ID=3_94;partial=00;start_type=ATG;rbs_motif=GGAG/GAGG;rbs_spacer=5-10bp;gc_cont=0.479
NODE_13_length_45945_cov_104.851879:27009-27599|+   -            197 1525                 -            453    0.0011   15.1   0.0   1   1   4.9e-06    0.0016   14.6   0.0    99   184    13    99     4   109 0.85 NODE_13_length_45945_cov_104.851879_28 # 27009 # 27599 # 1 # ID=13_28;partial=00;start_type=ATG;rbs_motif=GGAGG;rbs_spacer=5-10bp;gc_cont=0.438
NODE_5_length_328887_cov_107.457170:164866-165771|- -            302 1525                 -            453    0.0025   13.9   0.0   1   1   1.1e-05    0.0037   13.4   0.0    76   149   128   199   117   240 0.71 NODE_5_length_328887_cov_107.457170_167 # 164866 # 165771 # -1 # ID=5_167;partial=00;start_type=ATG;rbs_motif=AGGA/GGAG/GAGG;rbs_spacer=11-12bp;gc_cont=0.501
NODE_4_length_348303_cov_114.329901:54482-55285|-   -            268 1525                 -            453    0.0056   12.8   0.4   1   2   0.00013     0.043    9.9   0.1    87   129    33    75    17    89 0.80 NODE_4_length_348303_cov_114.329901_58 # 54482 # 55285 # -1 # ID=4_58;partial=00;start_type=ATG;rbs_motif=AGGAGG;rbs_spacer=5-10bp;gc_cont=0.495
NODE_4_length_348303_cov_114.329901:54482-55285|-   -            268 1525                 -            453    0.0056   12.8   0.4   2   2     0.071        23    0.9   0.0   324   353   153   182   144   195 0.86 NODE_4_length_348303_cov_114.329901_58 # 54482 # 55285 # -1 # ID=4_58;partial=00;start_type=ATG;rbs_motif=AGGAGG;rbs_spacer=5-10bp;gc_cont=0.495
NODE_4_length_348303_cov_114.329901:302179-303879|- -            567 1525                 -            453     0.015   11.4   0.0   1   2     0.034        11    1.9   0.0    60   105     9    50     2    60 0.72 NODE_4_length_348303_cov_114.329901_270 # 302179 # 303879 # -1 # ID=4_270;partial=00;start_type=ATG;rbs_motif=GGA/GAG/AGG;rbs_spacer=5-10bp;gc_cont=0.501
NODE_4_length_348303_cov_114.329901:302179-303879|- -            567 1525                 -            453     0.015   11.4   0.0   2   2    0.0013      0.42    6.6   0.0    87   138   327   379   318   392 0.88 NODE_4_length_348303_cov_114.329901_270 # 302179 # 303879 # -1 # ID=4_270;partial=00;start_type=ATG;rbs_motif=GGA/GAG/AGG;rbs_spacer=5-10bp;gc_cont=0.501
NODE_3_length_404174_cov_108.718135:40962-42059|-   -            366 1525                 -            453     0.021   10.9   0.1   1   1   8.5e-05     0.027   10.5   0.1     6    69     4    67     1    80 0.73 NODE_3_length_404174_cov_108.718135_33 # 40962 # 42059 # -1 # ID=3_33;partial=00;start_type=TTG;rbs_motif=GGAGG;rbs_spacer=5-10bp;gc_cont=0.520
NODE_3_length_404174_cov_108.718135:365085-365741|- -            219 1525                 -            453     0.023   10.8   0.0   1   1   9.3e-05      0.03   10.4   0.0     5    56   125   182   121   205 0.88 NODE_3_length_404174_cov_108.718135_349 # 365085 # 365741 # -1 # ID=3_349;partial=00;start_type=GTG;rbs_motif=AGGAGG;rbs_spacer=5-10bp;gc_cont=0.481
#
# Program:         hmmsearch
# Version:         3.4 (Aug 2023)
# Pipeline mode:   SEARCH
# Query file:      /home/ephraim/busco_downloads/lineages/lactobacillaceae_odb12/hmms/1525at33958.hmm
# Target file:     /home/ephraim/busco_isolate_may/prodigal_output/predicted_genes/predicted.faa
# Option settings: hmmsearch --domtblout /home/ephraim/busco_isolate_may/run_lactobacillaceae_odb12/hmmer_output/1525at33958.out --cpu 1 /home/ephraim/busco_downloads/lineages/lactobacillaceae_odb12/hmms/1525at33958.hmm /home/ephraim/busco_isolate_may/prodigal_output/predicted_genes/predicted.faa 
# Current dir:     /home/ephraim
# Date:            Sun May  3 19:13:18 2026
# [ok]
