#                                                                                                           --- full sequence --- -------------- this domain -------------   hmm coord   ali coord   env coord
# target name                                       accession   tlen query name           accession   qlen   E-value  score  bias   #  of  c-Evalue  i-Evalue  score  bias  from    to  from    to  from    to  acc description of target
#                               ------------------- ---------- ----- -------------------- ---------- ----- --------- ------ ----- --- --- --------- --------- ------ ----- ----- ----- ----- ----- ----- ----- ---- ---------------------
NODE_17_length_14292_cov_110.043405:7587-8795|-     -            403 197                  -            392  2.6e-203  672.8   0.5   1   1  1.2e-205  3.1e-203  672.5   0.5     1   387     1   386     1   390 0.99 NODE_17_length_14292_cov_110.043405_8 # 7587 # 8795 # -1 # ID=17_8;partial=00;start_type=GTG;rbs_motif=GGAGG;rbs_spacer=5-10bp;gc_cont=0.468
NODE_5_length_328887_cov_107.457170:84775-86217|-   -            481 197                  -            392     2e-22   77.2   0.3   1   2       1.4   3.7e+02   -2.7   0.1   113   168    61   116    49   145 0.57 NODE_5_length_328887_cov_107.457170_89 # 84775 # 86217 # -1 # ID=5_89;partial=00;start_type=ATG;rbs_motif=AGGAG;rbs_spacer=5-10bp;gc_cont=0.439
NODE_5_length_328887_cov_107.457170:84775-86217|-   -            481 197                  -            392     2e-22   77.2   0.3   2   2   1.5e-24   3.9e-22   76.3   0.0   205   357   303   458   283   479 0.78 NODE_5_length_328887_cov_107.457170_89 # 84775 # 86217 # -1 # ID=5_89;partial=00;start_type=ATG;rbs_motif=AGGAG;rbs_spacer=5-10bp;gc_cont=0.439
NODE_6_length_211744_cov_108.724426:45718-46854|+   -            379 197                  -            392   7.6e-18   62.1   0.0   1   2      0.57   1.5e+02   -1.4   0.0   164   196    15    47    12    54 0.83 NODE_6_length_211744_cov_108.724426_40 # 45718 # 46854 # 1 # ID=6_40;partial=00;start_type=TTG;rbs_motif=AGGAGG;rbs_spacer=5-10bp;gc_cont=0.376
NODE_6_length_211744_cov_108.724426:45718-46854|+   -            379 197                  -            392   7.6e-18   62.1   0.0   2   2   9.4e-20   2.5e-17   60.5   0.0   175   353   170   347   156   377 0.86 NODE_6_length_211744_cov_108.724426_40 # 45718 # 46854 # 1 # ID=6_40;partial=00;start_type=TTG;rbs_motif=AGGAGG;rbs_spacer=5-10bp;gc_cont=0.376
NODE_5_length_328887_cov_107.457170:309969-311528|- -            520 197                  -            392     2e-16   57.4   0.0   1   1     1e-18   2.7e-16   57.0   0.0   144   349   273   477   230   514 0.82 NODE_5_length_328887_cov_107.457170_299 # 309969 # 311528 # -1 # ID=5_299;partial=00;start_type=ATG;rbs_motif=AGGAGG;rbs_spacer=5-10bp;gc_cont=0.483
NODE_1_length_651596_cov_115.359902:294082-295191|- -            370 197                  -            392     1e-14   51.8   0.0   1   1   5.4e-17   1.4e-14   51.4   0.0   192   351   168   335   144   362 0.72 NODE_1_length_651596_cov_115.359902_283 # 294082 # 295191 # -1 # ID=1_283;partial=00;start_type=ATG;rbs_motif=None;rbs_spacer=None;gc_cont=0.451
NODE_17_length_14292_cov_110.043405:6556-7584|-     -            343 197                  -            392   1.2e-13   48.4   0.0   1   1   6.2e-16   1.6e-13   47.9   0.0   139   369    96   328    87   339 0.81 NODE_17_length_14292_cov_110.043405_7 # 6556 # 7584 # -1 # ID=17_7;partial=00;start_type=ATG;rbs_motif=GGA/GAG/AGG;rbs_spacer=5-10bp;gc_cont=0.443
NODE_2_length_515833_cov_109.460731:282633-284249|- -            539 197                  -            392     3e-12   43.7   0.2   1   1   1.7e-14   4.4e-12   43.2   0.2   144   377   278   511   258   524 0.76 NODE_2_length_515833_cov_109.460731_258 # 282633 # 284249 # -1 # ID=2_258;partial=00;start_type=ATG;rbs_motif=AGGAG;rbs_spacer=5-10bp;gc_cont=0.445
NODE_6_length_211744_cov_108.724426:46869-47960|+   -            364 197                  -            392     1e-10   38.6   0.0   1   1   6.5e-13   1.7e-10   37.9   0.0   214   366   201   353   182   363 0.84 NODE_6_length_211744_cov_108.724426_41 # 46869 # 47960 # 1 # ID=6_41;partial=00;start_type=GTG;rbs_motif=AGGAG;rbs_spacer=5-10bp;gc_cont=0.364
NODE_2_length_515833_cov_109.460731:284262-285797|- -            512 197                  -            392   7.2e-10   35.9   0.1   1   1   4.6e-12   1.2e-09   35.1   0.1   201   324   320   446   271   502 0.85 NODE_2_length_515833_cov_109.460731_259 # 284262 # 285797 # -1 # ID=2_259;partial=00;start_type=TTG;rbs_motif=GGxGG;rbs_spacer=5-10bp;gc_cont=0.445
NODE_5_length_328887_cov_107.457170:311556-313067|- -            504 197                  -            392   1.3e-08   31.8   0.0   1   1   6.9e-11   1.8e-08   31.3   0.0   203   354   324   478   309   498 0.83 NODE_5_length_328887_cov_107.457170_300 # 311556 # 313067 # -1 # ID=5_300;partial=00;start_type=ATG;rbs_motif=GGA/GAG/AGG;rbs_spacer=5-10bp;gc_cont=0.476
NODE_6_length_211744_cov_108.724426:70063-71508|+   -            482 197                  -            392   7.7e-06   22.6   0.0   1   1   4.1e-08   1.1e-05   22.1   0.0   188   319   278   410   269   461 0.75 NODE_6_length_211744_cov_108.724426_59 # 70063 # 71508 # 1 # ID=6_59;partial=00;start_type=GTG;rbs_motif=AGxAGG/AGGxGG;rbs_spacer=5-10bp;gc_cont=0.468
#
# Program:         hmmsearch
# Version:         3.4 (Aug 2023)
# Pipeline mode:   SEARCH
# Query file:      /home/ephraim/busco_downloads/lineages/lactobacillaceae_odb12/hmms/197at33958.hmm
# Target file:     /home/ephraim/busco_isolate_may/prodigal_output/predicted_genes/predicted.faa
# Option settings: hmmsearch --domtblout /home/ephraim/busco_isolate_may/run_lactobacillaceae_odb12/hmmer_output/197at33958.out --cpu 1 /home/ephraim/busco_downloads/lineages/lactobacillaceae_odb12/hmms/197at33958.hmm /home/ephraim/busco_isolate_may/prodigal_output/predicted_genes/predicted.faa 
# Current dir:     /home/ephraim
# Date:            Sun May  3 19:13:19 2026
# [ok]
