#                                                                                                           --- full sequence --- -------------- this domain -------------   hmm coord   ali coord   env coord
# target name                                       accession   tlen query name           accession   qlen   E-value  score  bias   #  of  c-Evalue  i-Evalue  score  bias  from    to  from    to  from    to  acc description of target
#                               ------------------- ---------- ----- -------------------- ---------- ----- --------- ------ ----- --- --- --------- --------- ------ ----- ----- ----- ----- ----- ----- ----- ---- ---------------------
NODE_7_length_113986_cov_103.583132:1329-3797|-     -            823 2105                 -            747         0 1060.6   0.1   1   2         0         0 1038.4   0.0     2   723     6   761     5   774 0.94 NODE_7_length_113986_cov_103.583132_3 # 1329 # 3797 # -1 # ID=7_3;partial=00;start_type=ATG;rbs_motif=AGGAGG;rbs_spacer=5-10bp;gc_cont=0.476
NODE_7_length_113986_cov_103.583132:1329-3797|-     -            823 2105                 -            747         0 1060.6   0.1   2   2   2.8e-08     2e-05   20.4   0.1   713   747   780   814   769   814 0.88 NODE_7_length_113986_cov_103.583132_3 # 1329 # 3797 # -1 # ID=7_3;partial=00;start_type=ATG;rbs_motif=AGGAGG;rbs_spacer=5-10bp;gc_cont=0.476
NODE_6_length_211744_cov_108.724426:7328-9910|+     -            861 2105                 -            747   3.2e-74  247.9   0.2   1   3      0.48   3.5e+02   -3.5   0.0     7    45    14    56    10    60 0.71 NODE_6_length_211744_cov_108.724426_7 # 7328 # 9910 # 1 # ID=6_7;partial=00;start_type=ATG;rbs_motif=AGGAGG;rbs_spacer=5-10bp;gc_cont=0.496
NODE_6_length_211744_cov_108.724426:7328-9910|+     -            861 2105                 -            747   3.2e-74  247.9   0.2   2   3   1.2e-61     9e-59  196.8   0.0   155   586   167   633   145   637 0.77 NODE_6_length_211744_cov_108.724426_7 # 7328 # 9910 # 1 # ID=6_7;partial=00;start_type=ATG;rbs_motif=AGGAGG;rbs_spacer=5-10bp;gc_cont=0.496
NODE_6_length_211744_cov_108.724426:7328-9910|+     -            861 2105                 -            747   3.2e-74  247.9   0.2   3   3   8.8e-17   6.3e-14   48.5   0.1   588   684   668   762   663   793 0.87 NODE_6_length_211744_cov_108.724426_7 # 7328 # 9910 # 1 # ID=6_7;partial=00;start_type=ATG;rbs_motif=AGGAGG;rbs_spacer=5-10bp;gc_cont=0.496
NODE_1_length_651596_cov_115.359902:306543-307319|- -            259 2105                 -            747   0.00088   15.0   0.0   1   1   1.7e-06    0.0012   14.5   0.0   330   359    31    60    23    65 0.90 NODE_1_length_651596_cov_115.359902_293 # 306543 # 307319 # -1 # ID=1_293;partial=00;start_type=ATG;rbs_motif=AGGAG;rbs_spacer=5-10bp;gc_cont=0.468
NODE_2_length_515833_cov_109.460731:195568-199272|- -           1235 2105                 -            747     0.014   11.0   6.1   1   3    0.0093       6.8    2.1   0.7   320   381     5    66     2   113 0.70 NODE_2_length_515833_cov_109.460731_175 # 195568 # 199272 # -1 # ID=2_175;partial=00;start_type=ATG;rbs_motif=AGGAGG;rbs_spacer=5-10bp;gc_cont=0.481
NODE_2_length_515833_cov_109.460731:195568-199272|- -           1235 2105                 -            747     0.014   11.0   6.1   2   3     0.002       1.5    4.3   0.0   635   659   799   823   794   833 0.84 NODE_2_length_515833_cov_109.460731_175 # 195568 # 199272 # -1 # ID=2_175;partial=00;start_type=ATG;rbs_motif=AGGAGG;rbs_spacer=5-10bp;gc_cont=0.481
NODE_2_length_515833_cov_109.460731:195568-199272|- -           1235 2105                 -            747     0.014   11.0   6.1   3   3   0.00074      0.54    5.8   0.1   661   684   870   893   860   907 0.79 NODE_2_length_515833_cov_109.460731_175 # 195568 # 199272 # -1 # ID=2_175;partial=00;start_type=ATG;rbs_motif=AGGAGG;rbs_spacer=5-10bp;gc_cont=0.481
#
# Program:         hmmsearch
# Version:         3.4 (Aug 2023)
# Pipeline mode:   SEARCH
# Query file:      /home/ephraim/busco_downloads/lineages/lactobacillaceae_odb12/hmms/2105at33958.hmm
# Target file:     /home/ephraim/busco_isolate_may/prodigal_output/predicted_genes/predicted.faa
# Option settings: hmmsearch --domtblout /home/ephraim/busco_isolate_may/run_lactobacillaceae_odb12/hmmer_output/2105at33958.out --cpu 1 /home/ephraim/busco_downloads/lineages/lactobacillaceae_odb12/hmms/2105at33958.hmm /home/ephraim/busco_isolate_may/prodigal_output/predicted_genes/predicted.faa 
# Current dir:     /home/ephraim
# Date:            Sun May  3 19:13:19 2026
# [ok]
