#                                                                                                           --- full sequence --- -------------- this domain -------------   hmm coord   ali coord   env coord
# target name                                       accession   tlen query name           accession   qlen   E-value  score  bias   #  of  c-Evalue  i-Evalue  score  bias  from    to  from    to  from    to  acc description of target
#                               ------------------- ---------- ----- -------------------- ---------- ----- --------- ------ ----- --- --- --------- --------- ------ ----- ----- ----- ----- ----- ----- ----- ---- ---------------------
NODE_13_length_45945_cov_104.851879:34273-34761|+   -            163 2385                 -            164   1.2e-67  224.4  11.5   1   1   1.8e-70   1.3e-67  224.2  11.5     8   163     2   157     1   158 0.99 NODE_13_length_45945_cov_104.851879_36 # 34273 # 34761 # 1 # ID=13_36;partial=00;start_type=ATG;rbs_motif=GGAG/GAGG;rbs_spacer=5-10bp;gc_cont=0.464
NODE_6_length_211744_cov_108.724426:115931-116929|+ -            333 2385                 -            164      0.13    9.6   7.3   1   2   0.00016      0.11    9.8   5.8     1   105     1   109     1   120 0.75 NODE_6_length_211744_cov_108.724426_96 # 115931 # 116929 # 1 # ID=6_96;partial=00;start_type=ATG;rbs_motif=GGAG/GAGG;rbs_spacer=5-10bp;gc_cont=0.506
NODE_6_length_211744_cov_108.724426:115931-116929|+ -            333 2385                 -            164      0.13    9.6   7.3   2   2         1   7.4e+02   -2.6   0.0    73    95   199   221   192   224 0.71 NODE_6_length_211744_cov_108.724426_96 # 115931 # 116929 # 1 # ID=6_96;partial=00;start_type=ATG;rbs_motif=GGAG/GAGG;rbs_spacer=5-10bp;gc_cont=0.506
NODE_7_length_113986_cov_103.583132:21551-22336|-   -            262 2385                 -            164      0.17    9.2  18.7   1   2   1.8e-05     0.013   12.9  13.4    57   124    68   132    32   166 0.63 NODE_7_length_113986_cov_103.583132_21 # 21551 # 22336 # -1 # ID=7_21;partial=00;start_type=ATG;rbs_motif=AGGAGG;rbs_spacer=5-10bp;gc_cont=0.473
NODE_7_length_113986_cov_103.583132:21551-22336|-   -            262 2385                 -            164      0.17    9.2  18.7   2   2      0.69     5e+02   -2.0   0.2    70    94   205   229   176   257 0.48 NODE_7_length_113986_cov_103.583132_21 # 21551 # 22336 # -1 # ID=7_21;partial=00;start_type=ATG;rbs_motif=AGGAGG;rbs_spacer=5-10bp;gc_cont=0.473
NODE_1_length_651596_cov_115.359902:196677-196892|+ -             72 2385                 -            164         9    3.6   8.3   1   2    0.0012      0.86    7.0   0.7    15    43     8    36     3    39 0.89 NODE_1_length_651596_cov_115.359902_192 # 196677 # 196892 # 1 # ID=1_192;partial=00;start_type=ATG;rbs_motif=GGAG/GAGG;rbs_spacer=5-10bp;gc_cont=0.389
NODE_1_length_651596_cov_115.359902:196677-196892|+ -             72 2385                 -            164         9    3.6   8.3   2   2     0.091        66    0.8   1.6    12    27    54    69    47    70 0.87 NODE_1_length_651596_cov_115.359902_192 # 196677 # 196892 # 1 # ID=1_192;partial=00;start_type=ATG;rbs_motif=GGAG/GAGG;rbs_spacer=5-10bp;gc_cont=0.389
#
# Program:         hmmsearch
# Version:         3.4 (Aug 2023)
# Pipeline mode:   SEARCH
# Query file:      /home/ephraim/busco_downloads/lineages/lactobacillaceae_odb12/hmms/2385at33958.hmm
# Target file:     /home/ephraim/busco_isolate_may/prodigal_output/predicted_genes/predicted.faa
# Option settings: hmmsearch --domtblout /home/ephraim/busco_isolate_may/run_lactobacillaceae_odb12/hmmer_output/2385at33958.out --cpu 1 /home/ephraim/busco_downloads/lineages/lactobacillaceae_odb12/hmms/2385at33958.hmm /home/ephraim/busco_isolate_may/prodigal_output/predicted_genes/predicted.faa 
# Current dir:     /home/ephraim
# Date:            Sun May  3 19:13:21 2026
# [ok]
