#                                                                                                           --- full sequence --- -------------- this domain -------------   hmm coord   ali coord   env coord
# target name                                       accession   tlen query name           accession   qlen   E-value  score  bias   #  of  c-Evalue  i-Evalue  score  bias  from    to  from    to  from    to  acc description of target
#                               ------------------- ---------- ----- -------------------- ---------- ----- --------- ------ ----- --- --- --------- --------- ------ ----- ----- ----- ----- ----- ----- ----- ---- ---------------------
NODE_1_length_651596_cov_115.359902:643884-646031|+ -            716 2492                 -            686         0 1254.5   7.9   1   1         0         0 1254.2   7.9     1   681     1   680     1   686 0.98 NODE_1_length_651596_cov_115.359902_613 # 643884 # 646031 # 1 # ID=1_613;partial=00;start_type=ATG;rbs_motif=GGAGG;rbs_spacer=5-10bp;gc_cont=0.489
NODE_2_length_515833_cov_109.460731:104430-105839|+ -            470 2492                 -            686   1.1e-06   24.7   0.3   1   2   2.5e-07   0.00012   17.9   0.0   223   278    51   108    18   114 0.89 NODE_2_length_515833_cov_109.460731_95 # 104430 # 105839 # 1 # ID=2_95;partial=00;start_type=ATG;rbs_motif=AGGAGG;rbs_spacer=5-10bp;gc_cont=0.464
NODE_2_length_515833_cov_109.460731:104430-105839|+ -            470 2492                 -            686   1.1e-06   24.7   0.3   2   2    0.0025       1.2    4.7   0.1   273   305   264   296   259   317 0.69 NODE_2_length_515833_cov_109.460731_95 # 104430 # 105839 # 1 # ID=2_95;partial=00;start_type=ATG;rbs_motif=AGGAGG;rbs_spacer=5-10bp;gc_cont=0.464
NODE_2_length_515833_cov_109.460731:37884-39134|+   -            417 2492                 -            686   9.4e-05   18.2   0.0   1   1   2.6e-07   0.00013   17.8   0.0   226   298   114   192    76   213 0.85 NODE_2_length_515833_cov_109.460731_33 # 37884 # 39134 # 1 # ID=2_33;partial=00;start_type=ATG;rbs_motif=GGA/GAG/AGG;rbs_spacer=5-10bp;gc_cont=0.456
NODE_7_length_113986_cov_103.583132:97826-99121|+   -            432 2492                 -            686   0.00021   17.1   0.0   1   1     6e-07   0.00029   16.6   0.0   219   251    35    67    11   101 0.84 NODE_7_length_113986_cov_103.583132_92 # 97826 # 99121 # 1 # ID=7_92;partial=00;start_type=TTG;rbs_motif=AGGAGG;rbs_spacer=5-10bp;gc_cont=0.495
NODE_11_length_60639_cov_107.161487:58087-59103|-   -            339 2492                 -            686    0.0017   14.1   0.1   1   1   5.3e-06    0.0025   13.5   0.1   226   256    61    91    56    95 0.91 NODE_11_length_60639_cov_107.161487_56 # 58087 # 59103 # -1 # ID=11_56;partial=00;start_type=TTG;rbs_motif=GGAG/GAGG;rbs_spacer=5-10bp;gc_cont=0.494
NODE_1_length_651596_cov_115.359902:93524-94870|-   -            449 2492                 -            686    0.0047   12.6   0.0   1   1   1.6e-05    0.0076   11.9   0.0   226   292    51   114    43   121 0.78 NODE_1_length_651596_cov_115.359902_93 # 93524 # 94870 # -1 # ID=1_93;partial=00;start_type=ATG;rbs_motif=GGAGG;rbs_spacer=5-10bp;gc_cont=0.483
#
# Program:         hmmsearch
# Version:         3.4 (Aug 2023)
# Pipeline mode:   SEARCH
# Query file:      /home/ephraim/busco_downloads/lineages/lactobacillaceae_odb12/hmms/2492at33958.hmm
# Target file:     /home/ephraim/busco_isolate_may/prodigal_output/predicted_genes/predicted.faa
# Option settings: hmmsearch --domtblout /home/ephraim/busco_isolate_may/run_lactobacillaceae_odb12/hmmer_output/2492at33958.out --cpu 1 /home/ephraim/busco_downloads/lineages/lactobacillaceae_odb12/hmms/2492at33958.hmm /home/ephraim/busco_isolate_may/prodigal_output/predicted_genes/predicted.faa 
# Current dir:     /home/ephraim
# Date:            Sun May  3 19:13:21 2026
# [ok]
