#                                                                                                           --- full sequence --- -------------- this domain -------------   hmm coord   ali coord   env coord
# target name                                       accession   tlen query name           accession   qlen   E-value  score  bias   #  of  c-Evalue  i-Evalue  score  bias  from    to  from    to  from    to  acc description of target
#                               ------------------- ---------- ----- -------------------- ---------- ----- --------- ------ ----- --- --- --------- --------- ------ ----- ----- ----- ----- ----- ----- ----- ---- ---------------------
NODE_1_length_651596_cov_115.359902:42276-43466|-   -            397 2624                 -            374  6.4e-187  618.2   2.6   1   1  3.8e-189  7.3e-187  618.0   2.6     1   371     5   378     5   381 0.98 NODE_1_length_651596_cov_115.359902_38 # 42276 # 43466 # -1 # ID=1_38;partial=00;start_type=ATG;rbs_motif=GGAG/GAGG;rbs_spacer=5-10bp;gc_cont=0.446
NODE_1_length_651596_cov_115.359902:342271-344181|+ -            637 2624                 -            374   1.2e-51  173.0   8.8   1   4       2.3   4.5e+02   -3.3   0.4    16    55    16    51     6    57 0.50 NODE_1_length_651596_cov_115.359902_331 # 342271 # 344181 # 1 # ID=1_331;partial=00;start_type=TTG;rbs_motif=AGGAG;rbs_spacer=5-10bp;gc_cont=0.463
NODE_1_length_651596_cov_115.359902:342271-344181|+ -            637 2624                 -            374   1.2e-51  173.0   8.8   2   4      0.56   1.1e+02   -1.3   0.0    82   141   201   260   155   278 0.63 NODE_1_length_651596_cov_115.359902_331 # 342271 # 344181 # 1 # ID=1_331;partial=00;start_type=TTG;rbs_motif=AGGAG;rbs_spacer=5-10bp;gc_cont=0.463
NODE_1_length_651596_cov_115.359902:342271-344181|+ -            637 2624                 -            374   1.2e-51  173.0   8.8   3   4     1e-19   1.9e-17   60.4   0.9    83   242   315   474   284   488 0.82 NODE_1_length_651596_cov_115.359902_331 # 342271 # 344181 # 1 # ID=1_331;partial=00;start_type=TTG;rbs_motif=AGGAG;rbs_spacer=5-10bp;gc_cont=0.463
NODE_1_length_651596_cov_115.359902:342271-344181|+ -            637 2624                 -            374   1.2e-51  173.0   8.8   4   4   9.4e-37   1.8e-34  116.5   0.0   240   369   493   624   490   628 0.94 NODE_1_length_651596_cov_115.359902_331 # 342271 # 344181 # 1 # ID=1_331;partial=00;start_type=TTG;rbs_motif=AGGAG;rbs_spacer=5-10bp;gc_cont=0.463
NODE_5_length_328887_cov_107.457170:265003-266670|- -            556 2624                 -            374     2e-45  152.5   0.5   1   2     0.033       6.4    2.8   0.0    43   154   115   224    94   227 0.74 NODE_5_length_328887_cov_107.457170_256 # 265003 # 266670 # -1 # ID=5_256;partial=00;start_type=ATG;rbs_motif=GGAGG;rbs_spacer=5-10bp;gc_cont=0.485
NODE_5_length_328887_cov_107.457170:265003-266670|- -            556 2624                 -            374     2e-45  152.5   0.5   2   2     4e-46   7.7e-44  147.3   0.8   139   370   320   550   265   554 0.90 NODE_5_length_328887_cov_107.457170_256 # 265003 # 266670 # -1 # ID=5_256;partial=00;start_type=ATG;rbs_motif=GGAGG;rbs_spacer=5-10bp;gc_cont=0.485
NODE_2_length_515833_cov_109.460731:473340-474926|- -            529 2624                 -            374   1.6e-41  139.7   1.0   1   1   1.2e-43   2.3e-41  139.1   1.0   116   371   250   500   172   503 0.82 NODE_2_length_515833_cov_109.460731_450 # 473340 # 474926 # -1 # ID=2_450;partial=00;start_type=ATG;rbs_motif=None;rbs_spacer=None;gc_cont=0.459
NODE_5_length_328887_cov_107.457170:148777-150252|- -            492 2624                 -            374   1.5e-40  136.5   3.7   1   2       1.5   2.9e+02   -2.7   0.6    20    58    12    50     2    83 0.53 NODE_5_length_328887_cov_107.457170_149 # 148777 # 150252 # -1 # ID=5_149;partial=00;start_type=ATG;rbs_motif=None;rbs_spacer=None;gc_cont=0.444
NODE_5_length_328887_cov_107.457170:148777-150252|- -            492 2624                 -            374   1.5e-40  136.5   3.7   2   2   7.6e-43   1.5e-40  136.5   3.7    63   371   166   476   133   479 0.86 NODE_5_length_328887_cov_107.457170_149 # 148777 # 150252 # -1 # ID=5_149;partial=00;start_type=ATG;rbs_motif=None;rbs_spacer=None;gc_cont=0.444
NODE_7_length_113986_cov_103.583132:84112-85008|+   -            299 2624                 -            374   1.2e-36  123.7   6.8   1   1   7.1e-39   1.4e-36  123.5   6.8    71   366     4   291     1   297 0.88 NODE_7_length_113986_cov_103.583132_79 # 84112 # 85008 # 1 # ID=7_79;partial=00;start_type=ATG;rbs_motif=AGGAG;rbs_spacer=5-10bp;gc_cont=0.462
NODE_4_length_348303_cov_114.329901:44581-45876|-   -            432 2624                 -            374   1.4e-34  116.9   0.0   1   1   1.6e-36     3e-34  115.8   0.0   145   369   202   427   191   431 0.86 NODE_4_length_348303_cov_114.329901_51 # 44581 # 45876 # -1 # ID=4_51;partial=00;start_type=ATG;rbs_motif=GGAGG;rbs_spacer=5-10bp;gc_cont=0.467
NODE_1_length_651596_cov_115.359902:493106-494497|+ -            464 2624                 -            374   5.6e-33  111.6   1.1   1   2       1.5   2.9e+02   -2.7   0.1    64   102    18    58     5    76 0.52 NODE_1_length_651596_cov_115.359902_476 # 493106 # 494497 # 1 # ID=1_476;partial=00;start_type=TTG;rbs_motif=GGAG/GAGG;rbs_spacer=5-10bp;gc_cont=0.471
NODE_1_length_651596_cov_115.359902:493106-494497|+ -            464 2624                 -            374   5.6e-33  111.6   1.1   2   2   2.9e-35   5.6e-33  111.6   1.1    67   372   154   455   111   457 0.74 NODE_1_length_651596_cov_115.359902_476 # 493106 # 494497 # 1 # ID=1_476;partial=00;start_type=TTG;rbs_motif=GGAG/GAGG;rbs_spacer=5-10bp;gc_cont=0.471
NODE_4_length_348303_cov_114.329901:205963-207078|- -            372 2624                 -            374   1.3e-21   74.2   0.4   1   1   8.4e-24   1.6e-21   73.9   0.4    10   358    19   352     3   359 0.78 NODE_4_length_348303_cov_114.329901_181 # 205963 # 207078 # -1 # ID=4_181;partial=00;start_type=ATG;rbs_motif=GGAG/GAGG;rbs_spacer=5-10bp;gc_cont=0.461
NODE_5_length_328887_cov_107.457170:249317-250327|- -            337 2624                 -            374   7.9e-20   68.3   0.1   1   1   5.3e-22     1e-19   67.9   0.1   113   365    86   333    14   335 0.83 NODE_5_length_328887_cov_107.457170_240 # 249317 # 250327 # -1 # ID=5_240;partial=00;start_type=ATG;rbs_motif=None;rbs_spacer=None;gc_cont=0.479
NODE_14_length_41384_cov_104.001985:16913-18013|+   -            367 2624                 -            374   4.5e-18   62.5   0.2   1   1   3.9e-20   7.6e-18   61.8   0.2    65   368    44   335    21   339 0.81 NODE_14_length_41384_cov_104.001985_17 # 16913 # 18013 # 1 # ID=14_17;partial=00;start_type=ATG;rbs_motif=AGGAGG;rbs_spacer=5-10bp;gc_cont=0.477
NODE_2_length_515833_cov_109.460731:123634-124590|- -            319 2624                 -            374   4.4e-15   52.7   1.1   1   1     6e-16   1.2e-13   48.0   1.1    60   370    35   314    18   318 0.73 NODE_2_length_515833_cov_109.460731_108 # 123634 # 124590 # -1 # ID=2_108;partial=00;start_type=ATG;rbs_motif=GGAG/GAGG;rbs_spacer=5-10bp;gc_cont=0.467
NODE_7_length_113986_cov_103.583132:75499-77127|-   -            543 2624                 -            374   4.6e-05   19.7   0.1   1   2   0.00052       0.1    8.7   0.1    96   148   294   345   224   350 0.80 NODE_7_length_113986_cov_103.583132_68 # 75499 # 77127 # -1 # ID=7_68;partial=00;start_type=ATG;rbs_motif=GGAG/GAGG;rbs_spacer=5-10bp;gc_cont=0.440
NODE_7_length_113986_cov_103.583132:75499-77127|-   -            543 2624                 -            374   4.6e-05   19.7   0.1   2   2   0.00062      0.12    8.5   0.0   271   311   447   491   426   494 0.79 NODE_7_length_113986_cov_103.583132_68 # 75499 # 77127 # -1 # ID=7_68;partial=00;start_type=ATG;rbs_motif=GGAG/GAGG;rbs_spacer=5-10bp;gc_cont=0.440
NODE_2_length_515833_cov_109.460731:461046-462110|- -            355 2624                 -            374    0.0025   14.0   2.1   1   2      0.16        31    0.5   0.2    64   146    52   130     5   134 0.59 NODE_2_length_515833_cov_109.460731_438 # 461046 # 462110 # -1 # ID=2_438;partial=00;start_type=ATG;rbs_motif=GGAGG;rbs_spacer=5-10bp;gc_cont=0.477
NODE_2_length_515833_cov_109.460731:461046-462110|- -            355 2624                 -            374    0.0025   14.0   2.1   2   2   2.8e-05    0.0054   12.9   0.1   240   310   234   305   213   333 0.83 NODE_2_length_515833_cov_109.460731_438 # 461046 # 462110 # -1 # ID=2_438;partial=00;start_type=ATG;rbs_motif=GGAGG;rbs_spacer=5-10bp;gc_cont=0.477
NODE_1_length_651596_cov_115.359902:116450-117430|+ -            327 2624                 -            374     0.023   10.8   2.9   1   2    0.0014      0.28    7.3   0.2    59   106    76   123    59   127 0.81 NODE_1_length_651596_cov_115.359902_118 # 116450 # 117430 # 1 # ID=1_118;partial=00;start_type=ATG;rbs_motif=AGGAGG;rbs_spacer=5-10bp;gc_cont=0.513
NODE_1_length_651596_cov_115.359902:116450-117430|+ -            327 2624                 -            374     0.023   10.8   2.9   2   2     0.016       3.1    3.8   0.2     4    66   129   190   126   198 0.78 NODE_1_length_651596_cov_115.359902_118 # 116450 # 117430 # 1 # ID=1_118;partial=00;start_type=ATG;rbs_motif=AGGAGG;rbs_spacer=5-10bp;gc_cont=0.513
#
# Program:         hmmsearch
# Version:         3.4 (Aug 2023)
# Pipeline mode:   SEARCH
# Query file:      /home/ephraim/busco_downloads/lineages/lactobacillaceae_odb12/hmms/2624at33958.hmm
# Target file:     /home/ephraim/busco_isolate_may/prodigal_output/predicted_genes/predicted.faa
# Option settings: hmmsearch --domtblout /home/ephraim/busco_isolate_may/run_lactobacillaceae_odb12/hmmer_output/2624at33958.out --cpu 1 /home/ephraim/busco_downloads/lineages/lactobacillaceae_odb12/hmms/2624at33958.hmm /home/ephraim/busco_isolate_may/prodigal_output/predicted_genes/predicted.faa 
# Current dir:     /home/ephraim
# Date:            Sun May  3 19:13:19 2026
# [ok]
