#                                                                                                           --- full sequence --- -------------- this domain -------------   hmm coord   ali coord   env coord
# target name                                       accession   tlen query name           accession   qlen   E-value  score  bias   #  of  c-Evalue  i-Evalue  score  bias  from    to  from    to  from    to  acc description of target
#                               ------------------- ---------- ----- -------------------- ---------- ----- --------- ------ ----- --- --- --------- --------- ------ ----- ----- ----- ----- ----- ----- ----- ---- ---------------------
NODE_2_length_515833_cov_109.460731:39352-39948|+   -            199 299                  -            194   3.2e-96  318.2   0.1   1   1   8.7e-99   3.6e-96  318.0   0.1     1   192     1   192     1   194 0.99 NODE_2_length_515833_cov_109.460731_34 # 39352 # 39948 # 1 # ID=2_34;partial=00;start_type=ATG;rbs_motif=AGGAGG;rbs_spacer=5-10bp;gc_cont=0.471
NODE_2_length_515833_cov_109.460731:79881-81188|+   -            436 299                  -            194   8.5e-17   59.1   0.5   1   3   6.1e-06    0.0025   15.1   0.0    23    60     3    39     1    60 0.85 NODE_2_length_515833_cov_109.460731_71 # 79881 # 81188 # 1 # ID=2_71;partial=00;start_type=ATG;rbs_motif=AGGAGG;rbs_spacer=5-10bp;gc_cont=0.461
NODE_2_length_515833_cov_109.460731:79881-81188|+   -            436 299                  -            194   8.5e-17   59.1   0.5   2   3       2.9   1.2e+03   -3.4   0.0   110   146    87   123    82   128 0.77 NODE_2_length_515833_cov_109.460731_71 # 79881 # 81188 # 1 # ID=2_71;partial=00;start_type=ATG;rbs_motif=AGGAGG;rbs_spacer=5-10bp;gc_cont=0.461
NODE_2_length_515833_cov_109.460731:79881-81188|+   -            436 299                  -            194   8.5e-17   59.1   0.5   3   3   3.9e-14   1.6e-11   41.9   0.1    21   185   172   338   157   347 0.82 NODE_2_length_515833_cov_109.460731_71 # 79881 # 81188 # 1 # ID=2_71;partial=00;start_type=ATG;rbs_motif=AGGAGG;rbs_spacer=5-10bp;gc_cont=0.461
NODE_2_length_515833_cov_109.460731:96009-96869|+   -            287 299                  -            194   5.4e-08   30.3   0.1   1   1     4e-10   1.6e-07   28.8   0.0    29    85   127   182   117   205 0.88 NODE_2_length_515833_cov_109.460731_88 # 96009 # 96869 # 1 # ID=2_88;partial=00;start_type=ATG;rbs_motif=AGGAG;rbs_spacer=5-10bp;gc_cont=0.501
NODE_2_length_515833_cov_109.460731:253343-254245|- -            301 299                  -            194   3.8e-07   27.6   0.1   1   2   1.9e-09   7.8e-07   26.6   0.0    26   152     9   132     2   168 0.78 NODE_2_length_515833_cov_109.460731_225 # 253343 # 254245 # -1 # ID=2_225;partial=00;start_type=TTG;rbs_motif=AGGAG;rbs_spacer=5-10bp;gc_cont=0.462
NODE_2_length_515833_cov_109.460731:253343-254245|- -            301 299                  -            194   3.8e-07   27.6   0.1   2   2       2.4   9.9e+02   -3.1   0.0    89   110   221   243   207   244 0.67 NODE_2_length_515833_cov_109.460731_225 # 253343 # 254245 # -1 # ID=2_225;partial=00;start_type=TTG;rbs_motif=AGGAG;rbs_spacer=5-10bp;gc_cont=0.462
NODE_2_length_515833_cov_109.460731:482718-483842|- -            375 299                  -            194   1.6e-05   22.3   0.0   1   2     0.018       7.5    3.8   0.0   134   191   105   165    99   168 0.76 NODE_2_length_515833_cov_109.460731_462 # 482718 # 483842 # -1 # ID=2_462;partial=00;start_type=ATG;rbs_motif=AGGAGG;rbs_spacer=5-10bp;gc_cont=0.475
NODE_2_length_515833_cov_109.460731:482718-483842|- -            375 299                  -            194   1.6e-05   22.3   0.0   2   2   2.1e-06   0.00088   16.6   0.0    24    79   170   229   165   235 0.87 NODE_2_length_515833_cov_109.460731_462 # 482718 # 483842 # -1 # ID=2_462;partial=00;start_type=ATG;rbs_motif=AGGAGG;rbs_spacer=5-10bp;gc_cont=0.475
NODE_1_length_651596_cov_115.359902:248940-250328|+ -            463 299                  -            194   0.00021   18.7   0.0   1   1     9e-07   0.00037   17.8   0.0    26    78   227   281   202   339 0.76 NODE_1_length_651596_cov_115.359902_247 # 248940 # 250328 # 1 # ID=1_247;partial=00;start_type=ATG;rbs_motif=AGGAG;rbs_spacer=5-10bp;gc_cont=0.487
NODE_5_length_328887_cov_107.457170:239723-242614|- -            964 299                  -            194     0.012   12.9   0.2   1   3       2.6   1.1e+03   -3.3   0.0    26    40    29    43    25    48 0.85 NODE_5_length_328887_cov_107.457170_235 # 239723 # 242614 # -1 # ID=5_235;partial=00;start_type=ATG;rbs_motif=AGGAG/GGAGG;rbs_spacer=11-12bp;gc_cont=0.479
NODE_5_length_328887_cov_107.457170:239723-242614|- -            964 299                  -            194     0.012   12.9   0.2   2   3       1.8   7.4e+02   -2.7   0.0   107   134   375   402   373   454 0.70 NODE_5_length_328887_cov_107.457170_235 # 239723 # 242614 # -1 # ID=5_235;partial=00;start_type=ATG;rbs_motif=AGGAG/GGAGG;rbs_spacer=11-12bp;gc_cont=0.479
NODE_5_length_328887_cov_107.457170:239723-242614|- -            964 299                  -            194     0.012   12.9   0.2   3   3   0.00016     0.067   10.5   0.0    26    71   635   683   627   698 0.78 NODE_5_length_328887_cov_107.457170_235 # 239723 # 242614 # -1 # ID=5_235;partial=00;start_type=ATG;rbs_motif=AGGAG/GGAGG;rbs_spacer=11-12bp;gc_cont=0.479
#
# Program:         hmmsearch
# Version:         3.4 (Aug 2023)
# Pipeline mode:   SEARCH
# Query file:      /home/ephraim/busco_downloads/lineages/lactobacillaceae_odb12/hmms/299at33958.hmm
# Target file:     /home/ephraim/busco_isolate_may/prodigal_output/predicted_genes/predicted.faa
# Option settings: hmmsearch --domtblout /home/ephraim/busco_isolate_may/run_lactobacillaceae_odb12/hmmer_output/299at33958.out --cpu 1 /home/ephraim/busco_downloads/lineages/lactobacillaceae_odb12/hmms/299at33958.hmm /home/ephraim/busco_isolate_may/prodigal_output/predicted_genes/predicted.faa 
# Current dir:     /home/ephraim
# Date:            Sun May  3 19:13:21 2026
# [ok]
