#                                                                                                           --- full sequence --- -------------- this domain -------------   hmm coord   ali coord   env coord
# target name                                       accession   tlen query name           accession   qlen   E-value  score  bias   #  of  c-Evalue  i-Evalue  score  bias  from    to  from    to  from    to  acc description of target
#                               ------------------- ---------- ----- -------------------- ---------- ----- --------- ------ ----- --- --- --------- --------- ------ ----- ----- ----- ----- ----- ----- ----- ---- ---------------------
NODE_2_length_515833_cov_109.460731:253343-254245|- -            301 316                  -            300    4e-162  535.8   0.5   1   1  1.8e-164  4.4e-162  535.6   0.5     3   299     2   298     1   299 0.99 NODE_2_length_515833_cov_109.460731_225 # 253343 # 254245 # -1 # ID=2_225;partial=00;start_type=TTG;rbs_motif=AGGAG;rbs_spacer=5-10bp;gc_cont=0.462
NODE_2_length_515833_cov_109.460731:79881-81188|+   -            436 316                  -            300   7.5e-52  173.7   0.5   1   3   5.2e-29   1.3e-26   90.9   0.0    10   183     6   175     4   177 0.96 NODE_2_length_515833_cov_109.460731_71 # 79881 # 81188 # 1 # ID=2_71;partial=00;start_type=ATG;rbs_motif=AGGAGG;rbs_spacer=5-10bp;gc_cont=0.461
NODE_2_length_515833_cov_109.460731:79881-81188|+   -            436 316                  -            300   7.5e-52  173.7   0.5   2   3   8.7e-26   2.1e-23   80.3   0.4    11   163   178   338   175   360 0.86 NODE_2_length_515833_cov_109.460731_71 # 79881 # 81188 # 1 # ID=2_71;partial=00;start_type=ATG;rbs_motif=AGGAGG;rbs_spacer=5-10bp;gc_cont=0.461
NODE_2_length_515833_cov_109.460731:79881-81188|+   -            436 316                  -            300   7.5e-52  173.7   0.5   3   3      0.99   2.4e+02   -2.0   0.0   112   147   387   423   346   430 0.62 NODE_2_length_515833_cov_109.460731_71 # 79881 # 81188 # 1 # ID=2_71;partial=00;start_type=ATG;rbs_motif=AGGAGG;rbs_spacer=5-10bp;gc_cont=0.461
NODE_1_length_651596_cov_115.359902:248940-250328|+ -            463 316                  -            300   1.2e-18   64.6   0.3   1   1   9.5e-21   2.3e-18   63.7   0.3    10   130   227   345   218   381 0.87 NODE_1_length_651596_cov_115.359902_247 # 248940 # 250328 # 1 # ID=1_247;partial=00;start_type=ATG;rbs_motif=AGGAG;rbs_spacer=5-10bp;gc_cont=0.487
NODE_2_length_515833_cov_109.460731:96009-96869|+   -            287 316                  -            300   1.3e-14   51.4   0.7   1   2   3.2e-05    0.0078   12.7   0.2    82   158    20    92    10   110 0.72 NODE_2_length_515833_cov_109.460731_88 # 96009 # 96869 # 1 # ID=2_88;partial=00;start_type=ATG;rbs_motif=AGGAG;rbs_spacer=5-10bp;gc_cont=0.501
NODE_2_length_515833_cov_109.460731:96009-96869|+   -            287 316                  -            300   1.3e-14   51.4   0.7   2   2   1.3e-12     3e-10   37.1   0.0    12    69   126   180   122   198 0.90 NODE_2_length_515833_cov_109.460731_88 # 96009 # 96869 # 1 # ID=2_88;partial=00;start_type=ATG;rbs_motif=AGGAG;rbs_spacer=5-10bp;gc_cont=0.501
NODE_2_length_515833_cov_109.460731:39352-39948|+   -            199 316                  -            300   4.5e-12   43.1   0.0   1   1   2.5e-14   6.1e-12   42.7   0.0    10   165    26   187    21   194 0.79 NODE_2_length_515833_cov_109.460731_34 # 39352 # 39948 # 1 # ID=2_34;partial=00;start_type=ATG;rbs_motif=AGGAGG;rbs_spacer=5-10bp;gc_cont=0.471
NODE_2_length_515833_cov_109.460731:324286-327117|- -            944 316                  -            300   2.8e-10   37.2   0.0   1   1   2.7e-12   6.5e-10   36.0   0.0     9   167   448   603   441   612 0.78 NODE_2_length_515833_cov_109.460731_287 # 324286 # 327117 # -1 # ID=2_287;partial=00;start_type=ATG;rbs_motif=GGAG/GAGG;rbs_spacer=5-10bp;gc_cont=0.494
NODE_2_length_515833_cov_109.460731:482718-483842|- -            375 316                  -            300   1.1e-08   31.9   0.2   1   2   7.5e-05     0.018   11.5   0.0   115   170   105   166    95   173 0.83 NODE_2_length_515833_cov_109.460731_462 # 482718 # 483842 # -1 # ID=2_462;partial=00;start_type=ATG;rbs_motif=AGGAGG;rbs_spacer=5-10bp;gc_cont=0.475
NODE_2_length_515833_cov_109.460731:482718-483842|- -            375 316                  -            300   1.1e-08   31.9   0.2   2   2   5.8e-07   0.00014   18.5   0.2    10    69   172   233   164   245 0.71 NODE_2_length_515833_cov_109.460731_462 # 482718 # 483842 # -1 # ID=2_462;partial=00;start_type=ATG;rbs_motif=AGGAGG;rbs_spacer=5-10bp;gc_cont=0.475
NODE_9_length_65232_cov_107.983117:58577-60688|-    -            704 316                  -            300   1.4e-06   25.0   0.0   1   1   9.3e-09   2.2e-06   24.4   0.0    10   175     7   168     4   192 0.82 NODE_9_length_65232_cov_107.983117_57 # 58577 # 60688 # -1 # ID=9_57;partial=00;start_type=ATG;rbs_motif=GGAGG;rbs_spacer=5-10bp;gc_cont=0.482
NODE_2_length_515833_cov_109.460731:49044-50330|+   -            429 316                  -            300   0.00014   18.5   0.0   1   1   1.7e-06   0.00041   17.0   0.0    10   180   161   341   158   350 0.67 NODE_2_length_515833_cov_109.460731_43 # 49044 # 50330 # 1 # ID=2_43;partial=00;start_type=ATG;rbs_motif=AGGAG;rbs_spacer=5-10bp;gc_cont=0.503
NODE_2_length_515833_cov_109.460731:14771-16615|+   -            615 316                  -            300    0.0005   16.7   0.4   1   1   4.6e-06    0.0011   15.5   0.4    10   135    10   144     6   183 0.71 NODE_2_length_515833_cov_109.460731_15 # 14771 # 16615 # 1 # ID=2_15;partial=00;start_type=GTG;rbs_motif=AGGA;rbs_spacer=5-10bp;gc_cont=0.474
NODE_9_length_65232_cov_107.983117:185-1759|-       -            525 316                  -            300    0.0007   16.2   0.0   1   2      0.66   1.6e+02   -1.4   0.0    10    28    16    34     9    40 0.86 NODE_9_length_65232_cov_107.983117_2 # 185 # 1759 # -1 # ID=9_2;partial=00;start_type=ATG;rbs_motif=AGGA;rbs_spacer=5-10bp;gc_cont=0.446
NODE_9_length_65232_cov_107.983117:185-1759|-       -            525 316                  -            300    0.0007   16.2   0.0   2   2   1.2e-05     0.003   14.1   0.0    75   154    95   175    76   196 0.77 NODE_9_length_65232_cov_107.983117_2 # 185 # 1759 # -1 # ID=9_2;partial=00;start_type=ATG;rbs_motif=AGGA;rbs_spacer=5-10bp;gc_cont=0.446
NODE_4_length_348303_cov_114.329901:54482-55285|-   -            268 316                  -            300     0.012   12.2   0.0   1   1   7.8e-05     0.019   11.5   0.0     7    29    34    56    30    75 0.90 NODE_4_length_348303_cov_114.329901_58 # 54482 # 55285 # -1 # ID=4_58;partial=00;start_type=ATG;rbs_motif=AGGAGG;rbs_spacer=5-10bp;gc_cont=0.495
#
# Program:         hmmsearch
# Version:         3.4 (Aug 2023)
# Pipeline mode:   SEARCH
# Query file:      /home/ephraim/busco_downloads/lineages/lactobacillaceae_odb12/hmms/316at33958.hmm
# Target file:     /home/ephraim/busco_isolate_may/prodigal_output/predicted_genes/predicted.faa
# Option settings: hmmsearch --domtblout /home/ephraim/busco_isolate_may/run_lactobacillaceae_odb12/hmmer_output/316at33958.out --cpu 1 /home/ephraim/busco_downloads/lineages/lactobacillaceae_odb12/hmms/316at33958.hmm /home/ephraim/busco_isolate_may/prodigal_output/predicted_genes/predicted.faa 
# Current dir:     /home/ephraim
# Date:            Sun May  3 19:13:21 2026
# [ok]
