#                                                                                                           --- full sequence --- -------------- this domain -------------   hmm coord   ali coord   env coord
# target name                                       accession   tlen query name           accession   qlen   E-value  score  bias   #  of  c-Evalue  i-Evalue  score  bias  from    to  from    to  from    to  acc description of target
#                               ------------------- ---------- ----- -------------------- ---------- ----- --------- ------ ----- --- --- --------- --------- ------ ----- ----- ----- ----- ----- ----- ----- ---- ---------------------
NODE_6_length_211744_cov_108.724426:139568-141121|+ -            518 494                  -            514         0 1039.7   0.7   1   1         0         0 1039.4   0.7     3   514     6   517     4   517 1.00 NODE_6_length_211744_cov_108.724426_116 # 139568 # 141121 # 1 # ID=6_116;partial=00;start_type=GTG;rbs_motif=AGGA/GGAG/GAGG;rbs_spacer=11-12bp;gc_cont=0.515
NODE_4_length_348303_cov_114.329901:230909-231661|- -            251 494                  -            514   8.3e-08   28.7   0.1   1   1     7e-10   2.5e-07   27.1   0.1    72   180   105   229    89   247 0.69 NODE_4_length_348303_cov_114.329901_203 # 230909 # 231661 # -1 # ID=4_203;partial=00;start_type=GTG;rbs_motif=AGxAGG/AGGxGG;rbs_spacer=5-10bp;gc_cont=0.466
NODE_2_length_515833_cov_109.460731:157551-158633|- -            361 494                  -            514   1.7e-07   27.7   0.0   1   1   6.6e-10   2.4e-07   27.2   0.0     8   109   169   265   165   354 0.84 NODE_2_length_515833_cov_109.460731_141 # 157551 # 158633 # -1 # ID=2_141;partial=00;start_type=ATG;rbs_motif=AGGAGG;rbs_spacer=5-10bp;gc_cont=0.493
NODE_3_length_404174_cov_108.718135:134875-135495|- -            207 494                  -            514   2.3e-07   27.3   0.0   1   1   8.2e-10     3e-07   26.9   0.0    44   116    41   118    32   173 0.74 NODE_3_length_404174_cov_108.718135_118 # 134875 # 135495 # -1 # ID=3_118;partial=00;start_type=ATG;rbs_motif=AGGAG;rbs_spacer=5-10bp;gc_cont=0.514
NODE_2_length_515833_cov_109.460731:132085-132711|- -            209 494                  -            514   5.2e-05   19.5   0.0   1   1     1e-06   0.00038   16.6   0.0    30   189    23   196     1   203 0.59 NODE_2_length_515833_cov_109.460731_119 # 132085 # 132711 # -1 # ID=2_119;partial=00;start_type=ATG;rbs_motif=GGA/GAG/AGG;rbs_spacer=11-12bp;gc_cont=0.494
NODE_7_length_113986_cov_103.583132:5707-6960|-     -            418 494                  -            514   0.00031   16.9   0.0   1   2   1.5e-06   0.00055   16.1   0.0   218   252    49    82    39   129 0.87 NODE_7_length_113986_cov_103.583132_7 # 5707 # 6960 # -1 # ID=7_7;partial=00;start_type=ATG;rbs_motif=GGAG/GAGG;rbs_spacer=5-10bp;gc_cont=0.494
NODE_7_length_113986_cov_103.583132:5707-6960|-     -            418 494                  -            514   0.00031   16.9   0.0   2   2       1.4   5.2e+02   -3.6   0.0   359   382   209   232   153   234 0.74 NODE_7_length_113986_cov_103.583132_7 # 5707 # 6960 # -1 # ID=7_7;partial=00;start_type=ATG;rbs_motif=GGAG/GAGG;rbs_spacer=5-10bp;gc_cont=0.494
NODE_8_length_78957_cov_311.645246:15284-16114|+    -            277 494                  -            514   0.00054   16.1   0.9   1   1   4.5e-06    0.0016   14.5   0.9   208   382     7   165     2   172 0.70 NODE_8_length_78957_cov_311.645246_19 # 15284 # 16114 # 1 # ID=8_19;partial=00;start_type=ATG;rbs_motif=AGGA/GGAG/GAGG;rbs_spacer=11-12bp;gc_cont=0.360
NODE_1_length_651596_cov_115.359902:641970-643280|+ -            437 494                  -            514     0.016   11.2   0.1   1   1   6.9e-05     0.025   10.6   0.1   220   265    15    60    11    79 0.80 NODE_1_length_651596_cov_115.359902_611 # 641970 # 643280 # 1 # ID=1_611;partial=00;start_type=ATG;rbs_motif=GGAGG;rbs_spacer=5-10bp;gc_cont=0.508
#
# Program:         hmmsearch
# Version:         3.4 (Aug 2023)
# Pipeline mode:   SEARCH
# Query file:      /home/ephraim/busco_downloads/lineages/lactobacillaceae_odb12/hmms/494at33958.hmm
# Target file:     /home/ephraim/busco_isolate_may/prodigal_output/predicted_genes/predicted.faa
# Option settings: hmmsearch --domtblout /home/ephraim/busco_isolate_may/run_lactobacillaceae_odb12/hmmer_output/494at33958.out --cpu 1 /home/ephraim/busco_downloads/lineages/lactobacillaceae_odb12/hmms/494at33958.hmm /home/ephraim/busco_isolate_may/prodigal_output/predicted_genes/predicted.faa 
# Current dir:     /home/ephraim
# Date:            Sun May  3 19:13:23 2026
# [ok]
