#                                                                                                           --- full sequence --- -------------- this domain -------------   hmm coord   ali coord   env coord
# target name                                       accession   tlen query name           accession   qlen   E-value  score  bias   #  of  c-Evalue  i-Evalue  score  bias  from    to  from    to  from    to  acc description of target
#                               ------------------- ---------- ----- -------------------- ---------- ----- --------- ------ ----- --- --- --------- --------- ------ ----- ----- ----- ----- ----- ----- ----- ---- ---------------------
NODE_7_length_113986_cov_103.583132:18518-21304|-   -            929 62059                -            919         0 1685.7   1.6   1   1         0         0 1685.5   1.6     1   919     1   927     1   927 0.99 NODE_7_length_113986_cov_103.583132_20 # 18518 # 21304 # -1 # ID=7_20;partial=00;start_type=GTG;rbs_motif=AGGAG;rbs_spacer=5-10bp;gc_cont=0.471
NODE_7_length_113986_cov_103.583132:47751-50393|-   -            881 62059                -            919   5.4e-94  313.3   8.7   1   3   4.4e-31   2.1e-28   96.2   0.6    24   247    16   235     9   247 0.91 NODE_7_length_113986_cov_103.583132_48 # 47751 # 50393 # -1 # ID=7_48;partial=00;start_type=ATG;rbs_motif=AGxAGG/AGGxGG;rbs_spacer=5-10bp;gc_cont=0.475
NODE_7_length_113986_cov_103.583132:47751-50393|-   -            881 62059                -            919   5.4e-94  313.3   8.7   2   3   4.8e-27   2.3e-24   82.9   0.8   301   466   254   424   241   438 0.90 NODE_7_length_113986_cov_103.583132_48 # 47751 # 50393 # -1 # ID=7_48;partial=00;start_type=ATG;rbs_motif=AGxAGG/AGGxGG;rbs_spacer=5-10bp;gc_cont=0.475
NODE_7_length_113986_cov_103.583132:47751-50393|-   -            881 62059                -            919   5.4e-94  313.3   8.7   3   3     1e-43   4.9e-41  138.1   0.0   513   801   440   734   425   758 0.88 NODE_7_length_113986_cov_103.583132_48 # 47751 # 50393 # -1 # ID=7_48;partial=00;start_type=ATG;rbs_motif=AGxAGG/AGGxGG;rbs_spacer=5-10bp;gc_cont=0.475
NODE_5_length_328887_cov_107.457170:317952-320363|- -            804 62059                -            919   4.3e-42  141.5  21.5   1   5   2.4e-20   1.2e-17   60.7   1.5    24   198     9   170     3   180 0.92 NODE_5_length_328887_cov_107.457170_306 # 317952 # 320363 # -1 # ID=5_306;partial=00;start_type=ATG;rbs_motif=GGAGG;rbs_spacer=5-10bp;gc_cont=0.471
NODE_5_length_328887_cov_107.457170:317952-320363|- -            804 62059                -            919   4.3e-42  141.5  21.5   2   5     0.066        32   -0.3   0.0   398   432   180   214   171   234 0.83 NODE_5_length_328887_cov_107.457170_306 # 317952 # 320363 # -1 # ID=5_306;partial=00;start_type=ATG;rbs_motif=GGAGG;rbs_spacer=5-10bp;gc_cont=0.471
NODE_5_length_328887_cov_107.457170:317952-320363|- -            804 62059                -            919   4.3e-42  141.5  21.5   3   5   2.5e-08   1.2e-05   20.9   0.4   221   360   235   372   224   399 0.78 NODE_5_length_328887_cov_107.457170_306 # 317952 # 320363 # -1 # ID=5_306;partial=00;start_type=ATG;rbs_motif=GGAGG;rbs_spacer=5-10bp;gc_cont=0.471
NODE_5_length_328887_cov_107.457170:317952-320363|- -            804 62059                -            919   4.3e-42  141.5  21.5   4   5   2.6e-19   1.3e-16   57.3   3.2   445   707   413   684   385   688 0.69 NODE_5_length_328887_cov_107.457170_306 # 317952 # 320363 # -1 # ID=5_306;partial=00;start_type=ATG;rbs_motif=GGAGG;rbs_spacer=5-10bp;gc_cont=0.471
NODE_5_length_328887_cov_107.457170:317952-320363|- -            804 62059                -            919   4.3e-42  141.5  21.5   5   5   4.5e-05     0.022   10.2   0.2   697   787   654   740   640   779 0.68 NODE_5_length_328887_cov_107.457170_306 # 317952 # 320363 # -1 # ID=5_306;partial=00;start_type=ATG;rbs_motif=GGAGG;rbs_spacer=5-10bp;gc_cont=0.471
NODE_1_length_651596_cov_115.359902:579046-581028|+ -            661 62059                -            919   9.4e-18   61.0   0.0   1   2   4.7e-13   2.3e-10   36.6   0.0    46   111     3    68     1    90 0.94 NODE_1_length_651596_cov_115.359902_555 # 579046 # 581028 # 1 # ID=1_555;partial=00;start_type=ATG;rbs_motif=GGAGG;rbs_spacer=5-10bp;gc_cont=0.468
NODE_1_length_651596_cov_115.359902:579046-581028|+ -            661 62059                -            919   9.4e-18   61.0   0.0   2   2   9.8e-09   4.7e-06   22.3   0.0   575   766   295   491   252   527 0.76 NODE_1_length_651596_cov_115.359902_555 # 579046 # 581028 # 1 # ID=1_555;partial=00;start_type=ATG;rbs_motif=GGAGG;rbs_spacer=5-10bp;gc_cont=0.468
NODE_3_length_404174_cov_108.718135:219906-221312|- -            469 62059                -            919   5.2e-09   32.1   0.1   1   2    0.0013      0.63    5.3   0.0    59    94    32    67     9    87 0.85 NODE_3_length_404174_cov_108.718135_198 # 219906 # 221312 # -1 # ID=3_198;partial=00;start_type=ATG;rbs_motif=AGGA;rbs_spacer=5-10bp;gc_cont=0.468
NODE_3_length_404174_cov_108.718135:219906-221312|- -            469 62059                -            919   5.2e-09   32.1   0.1   2   2   1.8e-09   8.5e-07   24.8   0.0   562   644   242   325   213   373 0.85 NODE_3_length_404174_cov_108.718135_198 # 219906 # 221312 # -1 # ID=3_198;partial=00;start_type=ATG;rbs_motif=AGGA;rbs_spacer=5-10bp;gc_cont=0.468
NODE_2_length_515833_cov_109.460731:498302-499150|- -            283 62059                -            919     0.028    9.8   0.0   1   1   7.4e-05     0.036    9.5   0.0   854   905   224   275   192   282 0.73 NODE_2_length_515833_cov_109.460731_481 # 498302 # 499150 # -1 # ID=2_481;partial=00;start_type=ATG;rbs_motif=AGGAG;rbs_spacer=5-10bp;gc_cont=0.497
#
# Program:         hmmsearch
# Version:         3.4 (Aug 2023)
# Pipeline mode:   SEARCH
# Query file:      /home/ephraim/busco_downloads/lineages/lactobacillaceae_odb12/hmms/62059at33958.hmm
# Target file:     /home/ephraim/busco_isolate_may/prodigal_output/predicted_genes/predicted.faa
# Option settings: hmmsearch --domtblout /home/ephraim/busco_isolate_may/run_lactobacillaceae_odb12/hmmer_output/62059at33958.out --cpu 1 /home/ephraim/busco_downloads/lineages/lactobacillaceae_odb12/hmms/62059at33958.hmm /home/ephraim/busco_isolate_may/prodigal_output/predicted_genes/predicted.faa 
# Current dir:     /home/ephraim
# Date:            Sun May  3 19:13:22 2026
# [ok]
