#                                                                                                           --- full sequence --- -------------- this domain -------------   hmm coord   ali coord   env coord
# target name                                       accession   tlen query name           accession   qlen   E-value  score  bias   #  of  c-Evalue  i-Evalue  score  bias  from    to  from    to  from    to  acc description of target
#                               ------------------- ---------- ----- -------------------- ---------- ----- --------- ------ ----- --- --- --------- --------- ------ ----- ----- ----- ----- ----- ----- ----- ---- ---------------------
NODE_2_length_515833_cov_109.460731:329749-334083|- -           1445 654                  -           1403         0 2501.8   4.9   1   1         0         0 2501.6   4.9     1  1403     8  1440     8  1440 0.97 NODE_2_length_515833_cov_109.460731_292 # 329749 # 334083 # -1 # ID=2_292;partial=00;start_type=TTG;rbs_motif=GGAG/GAGG;rbs_spacer=5-10bp;gc_cont=0.466
NODE_2_length_515833_cov_109.460731:192743-195529|- -            929 654                  -           1403   5.3e-29   97.6   0.0   1   1   9.9e-32   7.2e-29   97.2   0.0   387   553     4   171     1   181 0.95 NODE_2_length_515833_cov_109.460731_174 # 192743 # 195529 # -1 # ID=2_174;partial=00;start_type=ATG;rbs_motif=GGA/GAG/AGG;rbs_spacer=5-10bp;gc_cont=0.495
NODE_5_length_328887_cov_107.457170:190248-190790|+ -            181 654                  -           1403   9.4e-27   90.2   0.1   1   1   1.4e-29     1e-26   90.0   0.1   390   547     3   159     1   177 0.90 NODE_5_length_328887_cov_107.457170_189 # 190248 # 190790 # 1 # ID=5_189;partial=00;start_type=ATG;rbs_motif=AGGAG;rbs_spacer=5-10bp;gc_cont=0.483
NODE_2_length_515833_cov_109.460731:61878-65174|+   -           1099 654                  -           1403     2e-20   69.2   5.3   1   5   2.6e-08   1.9e-05   19.6   0.0   305   383     5    82     3    97 0.88 NODE_2_length_515833_cov_109.460731_54 # 61878 # 65174 # 1 # ID=2_54;partial=00;start_type=ATG;rbs_motif=GGAG/GAGG;rbs_spacer=5-10bp;gc_cont=0.472
NODE_2_length_515833_cov_109.460731:61878-65174|+   -           1099 654                  -           1403     2e-20   69.2   5.3   2   5   5.4e-12   3.9e-09   31.8   0.0   758   874   233   355   169   358 0.87 NODE_2_length_515833_cov_109.460731_54 # 61878 # 65174 # 1 # ID=2_54;partial=00;start_type=ATG;rbs_motif=GGAG/GAGG;rbs_spacer=5-10bp;gc_cont=0.472
NODE_2_length_515833_cov_109.460731:61878-65174|+   -           1099 654                  -           1403     2e-20   69.2   5.3   3   5    0.0086       6.2    1.3   0.0   917   973   357   413   355   420 0.92 NODE_2_length_515833_cov_109.460731_54 # 61878 # 65174 # 1 # ID=2_54;partial=00;start_type=ATG;rbs_motif=GGAG/GAGG;rbs_spacer=5-10bp;gc_cont=0.472
NODE_2_length_515833_cov_109.460731:61878-65174|+   -           1099 654                  -           1403     2e-20   69.2   5.3   4   5     0.045        33   -1.1   0.0  1076  1101   550   575   509   581 0.71 NODE_2_length_515833_cov_109.460731_54 # 61878 # 65174 # 1 # ID=2_54;partial=00;start_type=ATG;rbs_motif=GGAG/GAGG;rbs_spacer=5-10bp;gc_cont=0.472
NODE_2_length_515833_cov_109.460731:61878-65174|+   -           1099 654                  -           1403     2e-20   69.2   5.3   5   5   1.1e-06   0.00081   14.2   0.7  1228  1264   713   749   666   771 0.90 NODE_2_length_515833_cov_109.460731_54 # 61878 # 65174 # 1 # ID=2_54;partial=00;start_type=ATG;rbs_motif=GGAG/GAGG;rbs_spacer=5-10bp;gc_cont=0.472
#
# Program:         hmmsearch
# Version:         3.4 (Aug 2023)
# Pipeline mode:   SEARCH
# Query file:      /home/ephraim/busco_downloads/lineages/lactobacillaceae_odb12/hmms/654at33958.hmm
# Target file:     /home/ephraim/busco_isolate_may/prodigal_output/predicted_genes/predicted.faa
# Option settings: hmmsearch --domtblout /home/ephraim/busco_isolate_may/run_lactobacillaceae_odb12/hmmer_output/654at33958.out --cpu 1 /home/ephraim/busco_downloads/lineages/lactobacillaceae_odb12/hmms/654at33958.hmm /home/ephraim/busco_isolate_may/prodigal_output/predicted_genes/predicted.faa 
# Current dir:     /home/ephraim
# Date:            Sun May  3 19:13:22 2026
# [ok]
