#                                                                                                           --- full sequence --- -------------- this domain -------------   hmm coord   ali coord   env coord
# target name                                       accession   tlen query name           accession   qlen   E-value  score  bias   #  of  c-Evalue  i-Evalue  score  bias  from    to  from    to  from    to  acc description of target
#                               ------------------- ---------- ----- -------------------- ---------- ----- --------- ------ ----- --- --- --------- --------- ------ ----- ----- ----- ----- ----- ----- ----- ---- ---------------------
NODE_2_length_515833_cov_109.460731:474926-475612|- -            229 71415                -            228  3.4e-137  452.4   7.6   1   1  2.2e-139  3.8e-137  452.3   7.6     1   228     1   228     1   228 1.00 NODE_2_length_515833_cov_109.460731_451 # 474926 # 475612 # -1 # ID=2_451;partial=00;start_type=ATG;rbs_motif=AGGAG;rbs_spacer=5-10bp;gc_cont=0.443
NODE_1_length_651596_cov_115.359902:341542-342255|+ -            238 71415                -            228   2.8e-66  220.5   1.4   1   1     2e-68   3.3e-66  220.2   1.4     2   227     3   232     2   233 0.95 NODE_1_length_651596_cov_115.359902_330 # 341542 # 342255 # 1 # ID=1_330;partial=00;start_type=ATG;rbs_motif=AGGAGG;rbs_spacer=5-10bp;gc_cont=0.478
NODE_5_length_328887_cov_107.457170:266663-267370|- -            236 71415                -            228   1.1e-61  205.4   0.0   1   1   7.6e-64   1.3e-61  205.2   0.0     1   227     1   231     1   232 0.95 NODE_5_length_328887_cov_107.457170_257 # 266663 # 267370 # -1 # ID=5_257;partial=00;start_type=ATG;rbs_motif=GGAGG;rbs_spacer=5-10bp;gc_cont=0.463
NODE_1_length_651596_cov_115.359902:492389-493090|+ -            234 71415                -            228   1.5e-60  201.7   0.5   1   1   1.1e-62   1.8e-60  201.4   0.5     2   226     3   226     2   228 0.94 NODE_1_length_651596_cov_115.359902_475 # 492389 # 493090 # 1 # ID=1_475;partial=00;start_type=TTG;rbs_motif=AGGAGG;rbs_spacer=5-10bp;gc_cont=0.457
NODE_5_length_328887_cov_107.457170:150249-150977|- -            243 71415                -            228   8.6e-46  153.4   0.0   1   1     6e-48     1e-45  153.2   0.0     3   225     2   234     1   237 0.88 NODE_5_length_328887_cov_107.457170_150 # 150249 # 150977 # -1 # ID=5_150;partial=00;start_type=ATG;rbs_motif=GGAG/GAGG;rbs_spacer=5-10bp;gc_cont=0.447
NODE_4_length_348303_cov_114.329901:45873-46544|-   -            224 71415                -            228   1.2e-45  152.9   0.0   1   1   8.9e-48   1.5e-45  152.6   0.0    27   227    21   217     1   218 0.92 NODE_4_length_348303_cov_114.329901_52 # 45873 # 46544 # -1 # ID=4_52;partial=00;start_type=GTG;rbs_motif=GGA/GAG/AGG;rbs_spacer=5-10bp;gc_cont=0.430
NODE_1_length_651596_cov_115.359902:43472-44158|-   -            229 71415                -            228   1.9e-45  152.3   1.6   1   1   1.2e-47   2.1e-45  152.2   1.6     3   226     2   226     1   228 0.93 NODE_1_length_651596_cov_115.359902_39 # 43472 # 44158 # -1 # ID=1_39;partial=00;start_type=ATG;rbs_motif=GGAG/GAGG;rbs_spacer=5-10bp;gc_cont=0.444
NODE_14_length_41384_cov_104.001985:16227-16901|+   -            225 71415                -            228   4.2e-44  147.9   2.9   1   1   2.7e-46   4.6e-44  147.8   2.9     1   226     1   223     1   224 0.97 NODE_14_length_41384_cov_104.001985_16 # 16227 # 16901 # 1 # ID=14_16;partial=00;start_type=GTG;rbs_motif=GGAG/GAGG;rbs_spacer=5-10bp;gc_cont=0.400
NODE_4_length_348303_cov_114.329901:207066-207764|- -            233 71415                -            228   1.7e-40  136.1   0.1   1   1   1.1e-42   1.9e-40  135.9   0.1    32   225    40   229     9   232 0.91 NODE_4_length_348303_cov_114.329901_182 # 207066 # 207764 # -1 # ID=4_182;partial=00;start_type=ATG;rbs_motif=GGAGG;rbs_spacer=5-10bp;gc_cont=0.464
NODE_7_length_113986_cov_103.583132:83364-84041|+   -            226 71415                -            228   1.7e-36  123.0   0.1   1   1   1.2e-38     2e-36  122.8   0.1     1   223     1   221     1   224 0.93 NODE_7_length_113986_cov_103.583132_78 # 83364 # 84041 # 1 # ID=7_78;partial=00;start_type=ATG;rbs_motif=AGGAGG;rbs_spacer=5-10bp;gc_cont=0.447
NODE_2_length_515833_cov_109.460731:124587-125279|- -            231 71415                -            228   4.9e-30  101.9   0.0   1   1   3.5e-32   5.9e-30  101.6   0.0     2   226     3   223     2   225 0.92 NODE_2_length_515833_cov_109.460731_109 # 124587 # 125279 # -1 # ID=2_109;partial=00;start_type=ATG;rbs_motif=GGA/GAG/AGG;rbs_spacer=5-10bp;gc_cont=0.476
NODE_5_length_328887_cov_107.457170:250320-250967|- -            216 71415                -            228   6.6e-27   91.6   0.1   1   1     4e-28   6.8e-26   88.3   0.1     4   226     3   213     1   215 0.88 NODE_5_length_328887_cov_107.457170_241 # 250320 # 250967 # -1 # ID=5_241;partial=00;start_type=ATG;rbs_motif=GGxGG;rbs_spacer=5-10bp;gc_cont=0.489
NODE_2_length_515833_cov_109.460731:460388-461053|- -            222 71415                -            228   2.4e-10   37.5   1.3   1   1   3.1e-12   5.2e-10   36.4   1.3     1   120     1   123     1   191 0.70 NODE_2_length_515833_cov_109.460731_437 # 460388 # 461053 # -1 # ID=2_437;partial=00;start_type=ATG;rbs_motif=AGGA;rbs_spacer=5-10bp;gc_cont=0.465
NODE_7_length_113986_cov_103.583132:74567-75328|-   -            254 71415                -            228   1.1e-09   35.3   1.3   1   1   8.5e-12   1.5e-09   34.9   1.3     1   127     1   129     1   154 0.85 NODE_7_length_113986_cov_103.583132_67 # 74567 # 75328 # -1 # ID=7_67;partial=00;start_type=ATG;rbs_motif=AGGAG;rbs_spacer=5-10bp;gc_cont=0.432
NODE_1_length_651596_cov_115.359902:283928-284617|- -            230 71415                -            228   3.3e-09   33.8   0.5   1   1   2.3e-11   3.9e-09   33.5   0.5     1   110     1   113     1   163 0.79 NODE_1_length_651596_cov_115.359902_274 # 283928 # 284617 # -1 # ID=1_274;partial=00;start_type=ATG;rbs_motif=AGGAGG;rbs_spacer=5-10bp;gc_cont=0.442
NODE_1_length_651596_cov_115.359902:585827-586531|- -            235 71415                -            228     7e-05   19.6   0.1   1   1   4.9e-07   8.3e-05   19.4   0.1    44   110    46   112    37   201 0.78 NODE_1_length_651596_cov_115.359902_559 # 585827 # 586531 # -1 # ID=1_559;partial=00;start_type=ATG;rbs_motif=AGGAGG;rbs_spacer=5-10bp;gc_cont=0.488
NODE_7_length_113986_cov_103.583132:68814-69422|+   -            203 71415                -            228   0.00067   16.4   0.1   1   1   4.3e-06   0.00073   16.3   0.1    20   115    22   118     1   147 0.72 NODE_7_length_113986_cov_103.583132_62 # 68814 # 69422 # 1 # ID=7_62;partial=00;start_type=ATG;rbs_motif=AGGAG/GGAGG;rbs_spacer=11-12bp;gc_cont=0.470
#
# Program:         hmmsearch
# Version:         3.4 (Aug 2023)
# Pipeline mode:   SEARCH
# Query file:      /home/ephraim/busco_downloads/lineages/lactobacillaceae_odb12/hmms/71415at33958.hmm
# Target file:     /home/ephraim/busco_isolate_may/prodigal_output/predicted_genes/predicted.faa
# Option settings: hmmsearch --domtblout /home/ephraim/busco_isolate_may/run_lactobacillaceae_odb12/hmmer_output/71415at33958.out --cpu 1 /home/ephraim/busco_downloads/lineages/lactobacillaceae_odb12/hmms/71415at33958.hmm /home/ephraim/busco_isolate_may/prodigal_output/predicted_genes/predicted.faa 
# Current dir:     /home/ephraim
# Date:            Sun May  3 19:13:23 2026
# [ok]
