#                                                                                                           --- full sequence --- -------------- this domain -------------   hmm coord   ali coord   env coord
# target name                                       accession   tlen query name           accession   qlen   E-value  score  bias   #  of  c-Evalue  i-Evalue  score  bias  from    to  from    to  from    to  acc description of target
#                               ------------------- ---------- ----- -------------------- ---------- ----- --------- ------ ----- --- --- --------- --------- ------ ----- ----- ----- ----- ----- ----- ----- ---- ---------------------
NODE_5_length_328887_cov_107.457170:169239-171050|- -            604 71970                -            605         0 1034.5   5.9   1   1         0         0 1034.3   5.9     1   605     1   603     1   603 1.00 NODE_5_length_328887_cov_107.457170_172 # 169239 # 171050 # -1 # ID=5_172;partial=00;start_type=ATG;rbs_motif=AGGA;rbs_spacer=5-10bp;gc_cont=0.475
NODE_14_length_41384_cov_104.001985:26301-27755|-   -            485 71970                -            605   3.1e-22   75.9   0.0   1   1   1.5e-24   4.2e-22   75.5   0.0     2   230    12   242    11   249 0.84 NODE_14_length_41384_cov_104.001985_25 # 26301 # 27755 # -1 # ID=14_25;partial=00;start_type=ATG;rbs_motif=AGGAGG;rbs_spacer=5-10bp;gc_cont=0.503
NODE_1_length_651596_cov_115.359902:454346-454951|+ -            202 71970                -            605   8.5e-08   28.2   0.1   1   1   3.6e-10     1e-07   28.0   0.1   284   424    33   176     4   192 0.74 NODE_1_length_651596_cov_115.359902_441 # 454346 # 454951 # 1 # ID=1_441;partial=00;start_type=ATG;rbs_motif=GGAG/GAGG;rbs_spacer=5-10bp;gc_cont=0.399
NODE_1_length_651596_cov_115.359902:138034-138903|+ -            290 71970                -            605   1.6e-05   20.7   0.9   1   1   7.4e-08   2.1e-05   20.3   0.9   272   417   109   256    68   280 0.81 NODE_1_length_651596_cov_115.359902_137 # 138034 # 138903 # 1 # ID=1_137;partial=00;start_type=ATG;rbs_motif=AGGAGG;rbs_spacer=5-10bp;gc_cont=0.470
NODE_1_length_651596_cov_115.359902:375856-376755|+ -            300 71970                -            605   3.4e-05   19.6   1.7   1   1   1.6e-07   4.5e-05   19.2   1.7   337   464   122   252    94   290 0.87 NODE_1_length_651596_cov_115.359902_364 # 375856 # 376755 # 1 # ID=1_364;partial=00;start_type=ATG;rbs_motif=None;rbs_spacer=None;gc_cont=0.524
NODE_1_length_651596_cov_115.359902:477661-478410|+ -            250 71970                -            605   7.1e-05   18.6   0.0   1   1   3.5e-07    0.0001   18.1   0.0   287   391   108   214    74   216 0.79 NODE_1_length_651596_cov_115.359902_465 # 477661 # 478410 # 1 # ID=1_465;partial=00;start_type=TTG;rbs_motif=AGxAGG/AGGxGG;rbs_spacer=5-10bp;gc_cont=0.487
NODE_3_length_404174_cov_108.718135:227919-228749|+ -            277 71970                -            605   9.7e-05   18.1   1.1   1   1   4.3e-07   0.00012   17.8   1.1   284   394   117   227    62   269 0.77 NODE_3_length_404174_cov_108.718135_205 # 227919 # 228749 # 1 # ID=3_205;partial=00;start_type=ATG;rbs_motif=AGGAG;rbs_spacer=5-10bp;gc_cont=0.467
NODE_3_length_404174_cov_108.718135:74774-76678|-   -            635 71970                -            605   0.00022   17.0   0.0   1   2     0.011       3.3    3.2   0.0     1    39     1    41     1    46 0.89 NODE_3_length_404174_cov_108.718135_64 # 74774 # 76678 # -1 # ID=3_64;partial=00;start_type=ATG;rbs_motif=GGA/GAG/AGG;rbs_spacer=5-10bp;gc_cont=0.445
NODE_3_length_404174_cov_108.718135:74774-76678|-   -            635 71970                -            605   0.00022   17.0   0.0   2   2   3.5e-05      0.01   11.5   0.0    85   137    58   111    54   140 0.82 NODE_3_length_404174_cov_108.718135_64 # 74774 # 76678 # -1 # ID=3_64;partial=00;start_type=ATG;rbs_motif=GGA/GAG/AGG;rbs_spacer=5-10bp;gc_cont=0.445
NODE_1_length_651596_cov_115.359902:23026-23868|+   -            281 71970                -            605    0.0015   14.2   0.3   1   1   6.4e-06    0.0019   13.9   0.3   287   393   123   229    97   273 0.71 NODE_1_length_651596_cov_115.359902_21 # 23026 # 23868 # 1 # ID=1_21;partial=00;start_type=ATG;rbs_motif=AGGAGG;rbs_spacer=5-10bp;gc_cont=0.485
NODE_4_length_348303_cov_114.329901:317624-318187|- -            188 71970                -            605      0.02   10.5   0.0   1   1   9.7e-05     0.028   10.0   0.0   272   388    12   125     4   130 0.75 NODE_4_length_348303_cov_114.329901_285 # 317624 # 318187 # -1 # ID=4_285;partial=00;start_type=ATG;rbs_motif=GGAGG;rbs_spacer=5-10bp;gc_cont=0.436
#
# Program:         hmmsearch
# Version:         3.4 (Aug 2023)
# Pipeline mode:   SEARCH
# Query file:      /home/ephraim/busco_downloads/lineages/lactobacillaceae_odb12/hmms/71970at33958.hmm
# Target file:     /home/ephraim/busco_isolate_may/prodigal_output/predicted_genes/predicted.faa
# Option settings: hmmsearch --domtblout /home/ephraim/busco_isolate_may/run_lactobacillaceae_odb12/hmmer_output/71970at33958.out --cpu 1 /home/ephraim/busco_downloads/lineages/lactobacillaceae_odb12/hmms/71970at33958.hmm /home/ephraim/busco_isolate_may/prodigal_output/predicted_genes/predicted.faa 
# Current dir:     /home/ephraim
# Date:            Sun May  3 19:13:23 2026
# [ok]
