#                                                                                                           --- full sequence --- -------------- this domain -------------   hmm coord   ali coord   env coord
# target name                                       accession   tlen query name           accession   qlen   E-value  score  bias   #  of  c-Evalue  i-Evalue  score  bias  from    to  from    to  from    to  acc description of target
#                               ------------------- ---------- ----- -------------------- ---------- ----- --------- ------ ----- --- --- --------- --------- ------ ----- ----- ----- ----- ----- ----- ----- ---- ---------------------
NODE_2_length_515833_cov_109.460731:172176-172406|+ -             77 72209                -             75   9.6e-39  128.8   0.0   1   1   1.8e-41     1e-38  128.7   0.0     2    74     3    75     2    76 0.98 NODE_2_length_515833_cov_109.460731_155 # 172176 # 172406 # 1 # ID=2_155;partial=00;start_type=ATG;rbs_motif=AGGA;rbs_spacer=5-10bp;gc_cont=0.502
NODE_9_length_65232_cov_107.983117:56004-56321|-    -            106 72209                -             75   2.1e-12   44.5   0.0   1   2   2.5e-10   1.5e-07   28.9   0.0     3    41     5    43     3    53 0.91 NODE_9_length_65232_cov_107.983117_54 # 56004 # 56321 # -1 # ID=9_54;partial=00;start_type=ATG;rbs_motif=AGGAG;rbs_spacer=5-10bp;gc_cont=0.472
NODE_9_length_65232_cov_107.983117:56004-56321|-    -            106 72209                -             75   2.1e-12   44.5   0.0   2   2   1.3e-05    0.0074   13.8   0.0    38    72    57    97    50   100 0.77 NODE_9_length_65232_cov_107.983117_54 # 56004 # 56321 # -1 # ID=9_54;partial=00;start_type=ATG;rbs_motif=AGGAG;rbs_spacer=5-10bp;gc_cont=0.472
NODE_14_length_41384_cov_104.001985:11028-11426|-   -            133 72209                -             75   4.5e-09   33.8   0.0   1   2     3e-11   1.8e-08   31.9   0.0     2    45     1    44     1    46 0.96 NODE_14_length_41384_cov_104.001985_11 # 11028 # 11426 # -1 # ID=14_11;partial=00;start_type=ATG;rbs_motif=AGGAG;rbs_spacer=5-10bp;gc_cont=0.424
NODE_14_length_41384_cov_104.001985:11028-11426|-   -            133 72209                -             75   4.5e-09   33.8   0.0   2   2      0.45   2.6e+02   -0.7   0.0    49    70    90   110    53   121 0.64 NODE_14_length_41384_cov_104.001985_11 # 11028 # 11426 # -1 # ID=14_11;partial=00;start_type=ATG;rbs_motif=AGGAG;rbs_spacer=5-10bp;gc_cont=0.424
NODE_2_length_515833_cov_109.460731:367614-368006|- -            131 72209                -             75     9e-07   26.4   0.2   1   1   2.5e-09   1.4e-06   25.7   0.2     4    59    55   107    52   124 0.84 NODE_2_length_515833_cov_109.460731_329 # 367614 # 368006 # -1 # ID=2_329;partial=00;start_type=ATG;rbs_motif=GGAG/GAGG;rbs_spacer=5-10bp;gc_cont=0.422
NODE_5_length_328887_cov_107.457170:17258-17581|-   -            108 72209                -             75   1.4e-05   22.6   0.2   1   1   4.9e-08   2.8e-05   21.6   0.2     2    58    32    85    31   105 0.81 NODE_5_length_328887_cov_107.457170_18 # 17258 # 17581 # -1 # ID=5_18;partial=00;start_type=ATG;rbs_motif=GGAG/GAGG;rbs_spacer=5-10bp;gc_cont=0.475
#
# Program:         hmmsearch
# Version:         3.4 (Aug 2023)
# Pipeline mode:   SEARCH
# Query file:      /home/ephraim/busco_downloads/lineages/lactobacillaceae_odb12/hmms/72209at33958.hmm
# Target file:     /home/ephraim/busco_isolate_may/prodigal_output/predicted_genes/predicted.faa
# Option settings: hmmsearch --domtblout /home/ephraim/busco_isolate_may/run_lactobacillaceae_odb12/hmmer_output/72209at33958.out --cpu 1 /home/ephraim/busco_downloads/lineages/lactobacillaceae_odb12/hmms/72209at33958.hmm /home/ephraim/busco_isolate_may/prodigal_output/predicted_genes/predicted.faa 
# Current dir:     /home/ephraim
# Date:            Sun May  3 19:13:23 2026
# [ok]
