#                                                                                                           --- full sequence --- -------------- this domain -------------   hmm coord   ali coord   env coord
# target name                                       accession   tlen query name           accession   qlen   E-value  score  bias   #  of  c-Evalue  i-Evalue  score  bias  from    to  from    to  from    to  acc description of target
#                               ------------------- ---------- ----- -------------------- ---------- ----- --------- ------ ----- --- --- --------- --------- ------ ----- ----- ----- ----- ----- ----- ----- ---- ---------------------
NODE_2_length_515833_cov_109.460731:473340-474926|- -            529 72420                -            463  6.3e-201  665.7   5.4   1   1  7.5e-203  1.7e-200  664.3   5.4     2   462    16   503    15   504 0.92 NODE_2_length_515833_cov_109.460731_450 # 473340 # 474926 # -1 # ID=2_450;partial=00;start_type=ATG;rbs_motif=None;rbs_spacer=None;gc_cont=0.459
NODE_1_length_651596_cov_115.359902:342271-344181|+ -            637 72420                -            463   8.1e-61  203.7  10.7   1   3   4.7e-12   1.1e-09   35.2   1.3    26   228    54   253     2   262 0.82 NODE_1_length_651596_cov_115.359902_331 # 342271 # 344181 # 1 # ID=1_331;partial=00;start_type=TTG;rbs_motif=AGGAG;rbs_spacer=5-10bp;gc_cont=0.463
NODE_1_length_651596_cov_115.359902:342271-344181|+ -            637 72420                -            463   8.1e-61  203.7  10.7   2   3   7.4e-17   1.6e-14   51.1   0.5   229   327   374   472   305   486 0.89 NODE_1_length_651596_cov_115.359902_331 # 342271 # 344181 # 1 # ID=1_331;partial=00;start_type=TTG;rbs_motif=AGGAG;rbs_spacer=5-10bp;gc_cont=0.463
NODE_1_length_651596_cov_115.359902:342271-344181|+ -            637 72420                -            463   8.1e-61  203.7  10.7   3   3   4.2e-38   9.4e-36  121.1   0.1   339   456   506   623   497   628 0.96 NODE_1_length_651596_cov_115.359902_331 # 342271 # 344181 # 1 # ID=1_331;partial=00;start_type=TTG;rbs_motif=AGGAG;rbs_spacer=5-10bp;gc_cont=0.463
NODE_1_length_651596_cov_115.359902:493106-494497|+ -            464 72420                -            463   1.3e-57  193.1   3.9   1   1   9.1e-60     2e-57  192.5   3.9    81   461    83   456    14   458 0.85 NODE_1_length_651596_cov_115.359902_476 # 493106 # 494497 # 1 # ID=1_476;partial=00;start_type=TTG;rbs_motif=GGAG/GAGG;rbs_spacer=5-10bp;gc_cont=0.471
NODE_5_length_328887_cov_107.457170:265003-266670|- -            556 72420                -            463   3.7e-54  181.8   0.7   1   1   3.6e-56   8.1e-54  180.7   0.3   233   457   327   549   319   554 0.96 NODE_5_length_328887_cov_107.457170_256 # 265003 # 266670 # -1 # ID=5_256;partial=00;start_type=ATG;rbs_motif=GGAGG;rbs_spacer=5-10bp;gc_cont=0.485
NODE_4_length_348303_cov_114.329901:44581-45876|-   -            432 72420                -            463   4.8e-48  161.6   0.0   1   2   6.1e-05     0.014   11.8   0.1   106   186   118   199    20   203 0.75 NODE_4_length_348303_cov_114.329901_51 # 44581 # 45876 # -1 # ID=4_51;partial=00;start_type=ATG;rbs_motif=GGAGG;rbs_spacer=5-10bp;gc_cont=0.467
NODE_4_length_348303_cov_114.329901:44581-45876|-   -            432 72420                -            463   4.8e-48  161.6   0.0   2   2   2.4e-46   5.4e-44  148.3   0.0   233   456   203   426   198   430 0.93 NODE_4_length_348303_cov_114.329901_51 # 44581 # 45876 # -1 # ID=4_51;partial=00;start_type=ATG;rbs_motif=GGAGG;rbs_spacer=5-10bp;gc_cont=0.467
NODE_5_length_328887_cov_107.457170:148777-150252|- -            492 72420                -            463     4e-43  145.4  10.7   1   1   4.1e-45   9.2e-43  144.2  10.7    16   456    14   473     2   480 0.73 NODE_5_length_328887_cov_107.457170_149 # 148777 # 150252 # -1 # ID=5_149;partial=00;start_type=ATG;rbs_motif=None;rbs_spacer=None;gc_cont=0.444
NODE_1_length_651596_cov_115.359902:42276-43466|-   -            397 72420                -            463   4.8e-34  115.5   1.5   1   1   2.7e-36     6e-34  115.1   1.5   157   457    69   376    21   381 0.84 NODE_1_length_651596_cov_115.359902_38 # 42276 # 43466 # -1 # ID=1_38;partial=00;start_type=ATG;rbs_motif=GGAG/GAGG;rbs_spacer=5-10bp;gc_cont=0.446
NODE_14_length_41384_cov_104.001985:16913-18013|+   -            367 72420                -            463   1.7e-18   64.2   0.0   1   1   1.1e-20   2.5e-18   63.7   0.0   218   458    97   337    30   342 0.81 NODE_14_length_41384_cov_104.001985_17 # 16913 # 18013 # 1 # ID=14_17;partial=00;start_type=ATG;rbs_motif=AGGAGG;rbs_spacer=5-10bp;gc_cont=0.477
NODE_5_length_328887_cov_107.457170:249317-250327|- -            337 72420                -            463     4e-16   56.4   0.1   1   1   2.3e-18   5.1e-16   56.0   0.1   209   452    90   332    15   335 0.83 NODE_5_length_328887_cov_107.457170_240 # 249317 # 250327 # -1 # ID=5_240;partial=00;start_type=ATG;rbs_motif=None;rbs_spacer=None;gc_cont=0.479
NODE_4_length_348303_cov_114.329901:205963-207078|- -            372 72420                -            463   2.5e-15   53.8   0.2   1   1   1.9e-17   4.3e-15   53.0   0.2   176   443    85   350    64   360 0.75 NODE_4_length_348303_cov_114.329901_181 # 205963 # 207078 # -1 # ID=4_181;partial=00;start_type=ATG;rbs_motif=GGAG/GAGG;rbs_spacer=5-10bp;gc_cont=0.461
NODE_7_length_113986_cov_103.583132:84112-85008|+   -            299 72420                -            463   1.2e-12   45.0   2.6   1   1   7.2e-15   1.6e-12   44.5   2.6   169   444    10   284     1   294 0.80 NODE_7_length_113986_cov_103.583132_79 # 84112 # 85008 # 1 # ID=7_79;partial=00;start_type=ATG;rbs_motif=AGGAG;rbs_spacer=5-10bp;gc_cont=0.462
NODE_2_length_515833_cov_109.460731:123634-124590|- -            319 72420                -            463   5.7e-12   42.7   0.0   1   1   4.3e-14   9.6e-12   42.0   0.0   351   458   213   314   139   318 0.81 NODE_2_length_515833_cov_109.460731_108 # 123634 # 124590 # -1 # ID=2_108;partial=00;start_type=ATG;rbs_motif=GGAG/GAGG;rbs_spacer=5-10bp;gc_cont=0.467
NODE_7_length_113986_cov_103.583132:75499-77127|-   -            543 72420                -            463   5.2e-05   19.8   4.7   1   3       0.2        46    0.2   0.3     8   106    16   118    11   139 0.64 NODE_7_length_113986_cov_103.583132_68 # 75499 # 77127 # -1 # ID=7_68;partial=00;start_type=ATG;rbs_motif=GGAG/GAGG;rbs_spacer=5-10bp;gc_cont=0.440
NODE_7_length_113986_cov_103.583132:75499-77127|-   -            543 72420                -            463   5.2e-05   19.8   4.7   2   3   2.2e-05    0.0048   13.3   0.4   167   238   263   341   238   354 0.65 NODE_7_length_113986_cov_103.583132_68 # 75499 # 77127 # -1 # ID=7_68;partial=00;start_type=ATG;rbs_motif=GGAG/GAGG;rbs_spacer=5-10bp;gc_cont=0.440
NODE_7_length_113986_cov_103.583132:75499-77127|-   -            543 72420                -            463   5.2e-05   19.8   4.7   3   3     0.003      0.66    6.2   0.0   355   398   445   491   405   494 0.86 NODE_7_length_113986_cov_103.583132_68 # 75499 # 77127 # -1 # ID=7_68;partial=00;start_type=ATG;rbs_motif=GGAG/GAGG;rbs_spacer=5-10bp;gc_cont=0.440
#
# Program:         hmmsearch
# Version:         3.4 (Aug 2023)
# Pipeline mode:   SEARCH
# Query file:      /home/ephraim/busco_downloads/lineages/lactobacillaceae_odb12/hmms/72420at33958.hmm
# Target file:     /home/ephraim/busco_isolate_may/prodigal_output/predicted_genes/predicted.faa
# Option settings: hmmsearch --domtblout /home/ephraim/busco_isolate_may/run_lactobacillaceae_odb12/hmmer_output/72420at33958.out --cpu 1 /home/ephraim/busco_downloads/lineages/lactobacillaceae_odb12/hmms/72420at33958.hmm /home/ephraim/busco_isolate_may/prodigal_output/predicted_genes/predicted.faa 
# Current dir:     /home/ephraim
# Date:            Sun May  3 19:13:23 2026
# [ok]
