#                                                                                                           --- full sequence --- -------------- this domain -------------   hmm coord   ali coord   env coord
# target name                                       accession   tlen query name           accession   qlen   E-value  score  bias   #  of  c-Evalue  i-Evalue  score  bias  from    to  from    to  from    to  acc description of target
#                               ------------------- ---------- ----- -------------------- ---------- ----- --------- ------ ----- --- --- --------- --------- ------ ----- ----- ----- ----- ----- ----- ----- ---- ---------------------
NODE_3_length_404174_cov_108.718135:400176-402683|- -            836 72926                -            812         0 1467.3  13.1   1   1         0         0 1467.0  13.1     1   811     1   823     1   824 0.97 NODE_3_length_404174_cov_108.718135_381 # 400176 # 402683 # -1 # ID=3_381;partial=00;start_type=ATG;rbs_motif=GGAG/GAGG;rbs_spacer=5-10bp;gc_cont=0.483
NODE_2_length_515833_cov_109.460731:55090-57696|+   -            869 72926                -            812  4.1e-274  908.9  21.1   1   2  5.2e-136  1.9e-133  443.7  14.9     3   477     4   473     2   476 0.92 NODE_2_length_515833_cov_109.460731_48 # 55090 # 57696 # 1 # ID=2_48;partial=00;start_type=ATG;rbs_motif=AGGAG/GGAGG;rbs_spacer=11-12bp;gc_cont=0.478
NODE_2_length_515833_cov_109.460731:55090-57696|+   -            869 72926                -            812  4.1e-274  908.9  21.1   2   2  4.6e-144  1.7e-141  470.3   0.7   412   806   472   863   468   868 0.94 NODE_2_length_515833_cov_109.460731_48 # 55090 # 57696 # 1 # ID=2_48;partial=00;start_type=ATG;rbs_motif=AGGAG/GGAGG;rbs_spacer=11-12bp;gc_cont=0.478
NODE_14_length_41384_cov_104.001985:38689-40785|+   -            699 72926                -            812  4.1e-252  836.2  12.0   1   1  1.5e-254  5.4e-252  835.7  12.0   160   788    54   672    40   695 0.95 NODE_14_length_41384_cov_104.001985_37 # 38689 # 40785 # 1 # ID=14_37;partial=00;start_type=ATG;rbs_motif=AGGAG;rbs_spacer=5-10bp;gc_cont=0.465
NODE_6_length_211744_cov_108.724426:53638-55788|+   -            717 72926                -            812    5e-220  730.0  11.9   1   1    2e-222  7.1e-220  729.5  11.9   157   783    67   681    53   706 0.94 NODE_6_length_211744_cov_108.724426_48 # 53638 # 55788 # 1 # ID=6_48;partial=00;start_type=ATG;rbs_motif=AGGAGG;rbs_spacer=5-10bp;gc_cont=0.472
NODE_2_length_515833_cov_109.460731:37884-39134|+   -            417 72926                -            812     5e-14   48.6   0.3   1   2   4.3e-07   0.00016   17.3   0.0   497   560    63   134    56   141 0.78 NODE_2_length_515833_cov_109.460731_33 # 37884 # 39134 # 1 # ID=2_33;partial=00;start_type=ATG;rbs_motif=GGA/GAG/AGG;rbs_spacer=5-10bp;gc_cont=0.456
NODE_2_length_515833_cov_109.460731:37884-39134|+   -            417 72926                -            812     5e-14   48.6   0.3   2   2   9.4e-11   3.4e-08   29.4   0.2   666   778   262   382   236   411 0.81 NODE_2_length_515833_cov_109.460731_33 # 37884 # 39134 # 1 # ID=2_33;partial=00;start_type=ATG;rbs_motif=GGA/GAG/AGG;rbs_spacer=5-10bp;gc_cont=0.456
NODE_2_length_515833_cov_109.460731:104430-105839|+ -            470 72926                -            812   9.6e-09   31.2   1.9   1   3   8.1e-10   2.9e-07   26.3   0.1   503   561    12    75     3   124 0.78 NODE_2_length_515833_cov_109.460731_95 # 104430 # 105839 # 1 # ID=2_95;partial=00;start_type=ATG;rbs_motif=AGGAGG;rbs_spacer=5-10bp;gc_cont=0.464
NODE_2_length_515833_cov_109.460731:104430-105839|+ -            470 72926                -            812   9.6e-09   31.2   1.9   2   3      0.39   1.4e+02   -2.4   0.0   595   613   170   188   149   233 0.76 NODE_2_length_515833_cov_109.460731_95 # 104430 # 105839 # 1 # ID=2_95;partial=00;start_type=ATG;rbs_motif=AGGAGG;rbs_spacer=5-10bp;gc_cont=0.464
NODE_2_length_515833_cov_109.460731:104430-105839|+ -            470 72926                -            812   9.6e-09   31.2   1.9   3   3    0.0056         2    3.6   0.1   712   778   360   435   346   460 0.71 NODE_2_length_515833_cov_109.460731_95 # 104430 # 105839 # 1 # ID=2_95;partial=00;start_type=ATG;rbs_motif=AGGAGG;rbs_spacer=5-10bp;gc_cont=0.464
NODE_7_length_113986_cov_103.583132:97826-99121|+   -            432 72926                -            812     7e-06   21.7   0.1   1   2   4.8e-05     0.017   10.5   0.0   174   226     6    61     1    66 0.80 NODE_7_length_113986_cov_103.583132_92 # 97826 # 99121 # 1 # ID=7_92;partial=00;start_type=TTG;rbs_motif=AGGAGG;rbs_spacer=5-10bp;gc_cont=0.495
NODE_7_length_113986_cov_103.583132:97826-99121|+   -            432 72926                -            812     7e-06   21.7   0.1   2   2   0.00011     0.041    9.2   0.1   263   349    79   154    72   183 0.79 NODE_7_length_113986_cov_103.583132_92 # 97826 # 99121 # 1 # ID=7_92;partial=00;start_type=TTG;rbs_motif=AGGAGG;rbs_spacer=5-10bp;gc_cont=0.495
NODE_1_length_651596_cov_115.359902:93524-94870|-   -            449 72926                -            812   6.4e-05   18.5   0.1   1   2   3.6e-05     0.013   10.9   0.0   536   559    47    70    40    76 0.89 NODE_1_length_651596_cov_115.359902_93 # 93524 # 94870 # -1 # ID=1_93;partial=00;start_type=ATG;rbs_motif=GGAGG;rbs_spacer=5-10bp;gc_cont=0.483
NODE_1_length_651596_cov_115.359902:93524-94870|-   -            449 72926                -            812   6.4e-05   18.5   0.1   2   2    0.0017      0.62    5.4   0.1   264   354    89   172    85   203 0.71 NODE_1_length_651596_cov_115.359902_93 # 93524 # 94870 # -1 # ID=1_93;partial=00;start_type=ATG;rbs_motif=GGAGG;rbs_spacer=5-10bp;gc_cont=0.483
#
# Program:         hmmsearch
# Version:         3.4 (Aug 2023)
# Pipeline mode:   SEARCH
# Query file:      /home/ephraim/busco_downloads/lineages/lactobacillaceae_odb12/hmms/72926at33958.hmm
# Target file:     /home/ephraim/busco_isolate_may/prodigal_output/predicted_genes/predicted.faa
# Option settings: hmmsearch --domtblout /home/ephraim/busco_isolate_may/run_lactobacillaceae_odb12/hmmer_output/72926at33958.out --cpu 1 /home/ephraim/busco_downloads/lineages/lactobacillaceae_odb12/hmms/72926at33958.hmm /home/ephraim/busco_isolate_may/prodigal_output/predicted_genes/predicted.faa 
# Current dir:     /home/ephraim
# Date:            Sun May  3 19:13:23 2026
# [ok]
