#                                                                                                           --- full sequence --- -------------- this domain -------------   hmm coord   ali coord   env coord
# target name                                       accession   tlen query name           accession   qlen   E-value  score  bias   #  of  c-Evalue  i-Evalue  score  bias  from    to  from    to  from    to  acc description of target
#                               ------------------- ---------- ----- -------------------- ---------- ----- --------- ------ ----- --- --- --------- --------- ------ ----- ----- ----- ----- ----- ----- ----- ---- ---------------------
NODE_9_length_65232_cov_107.983117:41158-41859|-    -            234 77549                -            233  8.4e-131  432.0   1.2   1   1  5.8e-133  9.3e-131  431.9   1.2     1   233     1   233     1   233 1.00 NODE_9_length_65232_cov_107.983117_42 # 41158 # 41859 # -1 # ID=9_42;partial=00;start_type=ATG;rbs_motif=GGAGG;rbs_spacer=5-10bp;gc_cont=0.466
NODE_1_length_651596_cov_115.359902:407423-408142|+ -            240 77549                -            233   3.9e-39  132.0   0.0   1   1     3e-41   4.9e-39  131.7   0.0     9   229     7   230     3   234 0.94 NODE_1_length_651596_cov_115.359902_392 # 407423 # 408142 # 1 # ID=1_392;partial=00;start_type=ATG;rbs_motif=GGAGG;rbs_spacer=5-10bp;gc_cont=0.479
NODE_1_length_651596_cov_115.359902:510468-511193|- -            242 77549                -            233   8.7e-35  117.8   0.0   1   1   7.1e-37   1.1e-34  117.4   0.0     5   232     3   231     1   232 0.92 NODE_1_length_651596_cov_115.359902_492 # 510468 # 511193 # -1 # ID=1_492;partial=00;start_type=TTG;rbs_motif=GGAG/GAGG;rbs_spacer=5-10bp;gc_cont=0.474
NODE_4_length_348303_cov_114.329901:316787-317527|- -            247 77549                -            233   2.8e-32  109.6   0.4   1   1   2.2e-34   3.5e-32  109.3   0.4     2   219    11   229    10   239 0.92 NODE_4_length_348303_cov_114.329901_284 # 316787 # 317527 # -1 # ID=4_284;partial=00;start_type=ATG;rbs_motif=GGA/GAG/AGG;rbs_spacer=5-10bp;gc_cont=0.421
NODE_4_length_348303_cov_114.329901:142752-143468|- -            239 77549                -            233   5.7e-31  105.3   0.1   1   1   4.7e-33   7.6e-31  104.9   0.1     8   229     6   229     2   231 0.92 NODE_4_length_348303_cov_114.329901_140 # 142752 # 143468 # -1 # ID=4_140;partial=00;start_type=ATG;rbs_motif=GGAGG;rbs_spacer=5-10bp;gc_cont=0.480
NODE_12_length_50619_cov_110.658937:28601-29317|+   -            239 77549                -            233   2.5e-30  103.2   0.0   1   1   1.8e-32   2.9e-30  103.0   0.0     4   230     5   232     2   235 0.92 NODE_12_length_50619_cov_110.658937_26 # 28601 # 29317 # 1 # ID=12_26;partial=00;start_type=ATG;rbs_motif=GGAGG;rbs_spacer=5-10bp;gc_cont=0.471
NODE_9_length_65232_cov_107.983117:11465-12202|-    -            246 77549                -            233   1.3e-22   78.0   0.0   1   1     1e-24   1.7e-22   77.6   0.0     9   230    13   239     6   242 0.92 NODE_9_length_65232_cov_107.983117_13 # 11465 # 12202 # -1 # ID=9_13;partial=00;start_type=TTG;rbs_motif=AGxAGG/AGGxGG;rbs_spacer=5-10bp;gc_cont=0.408
NODE_1_length_651596_cov_115.359902:331914-332624|+ -            237 77549                -            233   2.7e-18   63.8   0.0   1   1     2e-20   3.2e-18   63.6   0.0     5   223     1   219     1   228 0.94 NODE_1_length_651596_cov_115.359902_322 # 331914 # 332624 # 1 # ID=1_322;partial=00;start_type=ATG;rbs_motif=GGAGG;rbs_spacer=5-10bp;gc_cont=0.474
NODE_10_length_64565_cov_119.738261:60043-60783|+   -            247 77549                -            233   1.2e-16   58.4   0.0   1   1   1.4e-18   2.2e-16   57.6   0.0     2   101     3   101     2   119 0.88 NODE_10_length_64565_cov_119.738261_61 # 60043 # 60783 # 1 # ID=10_61;partial=00;start_type=ATG;rbs_motif=GGAG/GAGG;rbs_spacer=5-10bp;gc_cont=0.402
NODE_6_length_211744_cov_108.724426:168969-169346|- -            126 77549                -            233   5.7e-14   49.7   0.0   1   1   3.8e-16   6.2e-14   49.6   0.0     2    74     6    79     5   114 0.91 NODE_6_length_211744_cov_108.724426_143 # 168969 # 169346 # -1 # ID=6_143;partial=00;start_type=GTG;rbs_motif=AGGAGG;rbs_spacer=5-10bp;gc_cont=0.429
NODE_1_length_651596_cov_115.359902:524270-525007|+ -            246 77549                -            233   1.9e-13   48.0   0.1   1   1   1.2e-15     2e-13   47.9   0.1     1   172     1   169     1   220 0.89 NODE_1_length_651596_cov_115.359902_504 # 524270 # 525007 # 1 # ID=1_504;partial=00;start_type=ATG;rbs_motif=AGGAG;rbs_spacer=5-10bp;gc_cont=0.473
NODE_3_length_404174_cov_108.718135:84975-85370|+   -            132 77549                -            233   5.4e-11   39.9   0.0   1   1   3.9e-13   6.3e-11   39.7   0.0     3    71    11    79     9   110 0.94 NODE_3_length_404174_cov_108.718135_71 # 84975 # 85370 # 1 # ID=3_71;partial=00;start_type=ATG;rbs_motif=GGAG/GAGG;rbs_spacer=5-10bp;gc_cont=0.455
NODE_3_length_404174_cov_108.718135:154500-154865|- -            122 77549                -            233   7.3e-08   29.7   0.0   1   1   5.4e-10   8.7e-08   29.4   0.0     7   112    13   118     8   120 0.92 NODE_3_length_404174_cov_108.718135_134 # 154500 # 154865 # -1 # ID=3_134;partial=00;start_type=ATG;rbs_motif=AGxAGG/AGGxGG;rbs_spacer=5-10bp;gc_cont=0.503
NODE_3_length_404174_cov_108.718135:230770-231144|- -            125 77549                -            233   3.5e-07   27.4   0.1   1   1   3.8e-09   6.1e-07   26.7   0.0     2    69    10    77     9    91 0.94 NODE_3_length_404174_cov_108.718135_208 # 230770 # 231144 # -1 # ID=3_208;partial=00;start_type=GTG;rbs_motif=AGxAGG/AGGxGG;rbs_spacer=5-10bp;gc_cont=0.515
NODE_6_length_211744_cov_108.724426:191759-192454|+ -            232 77549                -            233   8.9e-07   26.1   0.0   1   1   7.9e-09   1.3e-06   25.6   0.0     3    70    18    84    16   131 0.90 NODE_6_length_211744_cov_108.724426_169 # 191759 # 192454 # 1 # ID=6_169;partial=00;start_type=ATG;rbs_motif=AGxAGG/AGGxGG;rbs_spacer=5-10bp;gc_cont=0.434
NODE_1_length_651596_cov_115.359902:193390-194082|- -            231 77549                -            233   0.00031   17.8   0.1   1   1     3e-06   0.00048   17.2   0.1    12    80    13    80     5   106 0.87 NODE_1_length_651596_cov_115.359902_188 # 193390 # 194082 # -1 # ID=1_188;partial=00;start_type=ATG;rbs_motif=AGGA/GGAG/GAGG;rbs_spacer=11-12bp;gc_cont=0.405
NODE_4_length_348303_cov_114.329901:290956-291717|+ -            254 77549                -            233    0.0006   16.9   0.0   1   1   5.7e-06   0.00092   16.3   0.0    33    94    27    88    20   134 0.87 NODE_4_length_348303_cov_114.329901_257 # 290956 # 291717 # 1 # ID=4_257;partial=00;start_type=ATG;rbs_motif=AGxAGG/AGGxGG;rbs_spacer=5-10bp;gc_cont=0.454
NODE_1_length_651596_cov_115.359902:35867-36673|+   -            269 77549                -            233      0.02   11.9   0.0   1   1    0.0002     0.031   11.2   0.0    15    66     5    57     2    79 0.84 NODE_1_length_651596_cov_115.359902_32 # 35867 # 36673 # 1 # ID=1_32;partial=00;start_type=ATG;rbs_motif=GGA/GAG/AGG;rbs_spacer=5-10bp;gc_cont=0.403
#
# Program:         hmmsearch
# Version:         3.4 (Aug 2023)
# Pipeline mode:   SEARCH
# Query file:      /home/ephraim/busco_downloads/lineages/lactobacillaceae_odb12/hmms/77549at33958.hmm
# Target file:     /home/ephraim/busco_isolate_may/prodigal_output/predicted_genes/predicted.faa
# Option settings: hmmsearch --domtblout /home/ephraim/busco_isolate_may/run_lactobacillaceae_odb12/hmmer_output/77549at33958.out --cpu 1 /home/ephraim/busco_downloads/lineages/lactobacillaceae_odb12/hmms/77549at33958.hmm /home/ephraim/busco_isolate_may/prodigal_output/predicted_genes/predicted.faa 
# Current dir:     /home/ephraim
# Date:            Sun May  3 19:13:24 2026
# [ok]
