#                                                                                                           --- full sequence --- -------------- this domain -------------   hmm coord   ali coord   env coord
# target name                                       accession   tlen query name           accession   qlen   E-value  score  bias   #  of  c-Evalue  i-Evalue  score  bias  from    to  from    to  from    to  acc description of target
#                               ------------------- ---------- ----- -------------------- ---------- ----- --------- ------ ----- --- --- --------- --------- ------ ----- ----- ----- ----- ----- ----- ----- ---- ---------------------
NODE_1_length_651596_cov_115.359902:643277-643822|+ -            182 78287                -            181   1.5e-93  309.0   2.5   1   1   4.6e-96   1.7e-93  308.9   2.5     1   180     1   179     1   180 0.99 NODE_1_length_651596_cov_115.359902_612 # 643277 # 643822 # 1 # ID=1_612;partial=00;start_type=ATG;rbs_motif=GGAG/GAGG;rbs_spacer=5-10bp;gc_cont=0.454
NODE_2_length_515833_cov_109.460731:162299-162847|- -            183 78287                -            181   3.3e-10   37.4   0.1   1   1   1.4e-12   5.2e-10   36.8   0.1     9   150     7   156     2   159 0.76 NODE_2_length_515833_cov_109.460731_145 # 162299 # 162847 # -1 # ID=2_145;partial=00;start_type=ATG;rbs_motif=GGxGG;rbs_spacer=5-10bp;gc_cont=0.479
NODE_13_length_45945_cov_104.851879:32361-32990|+   -            210 78287                -            181     2e-08   31.6   0.0   1   1   9.8e-11   3.6e-08   30.8   0.0    19   136    56   169    43   181 0.83 NODE_13_length_45945_cov_104.851879_33 # 32361 # 32990 # 1 # ID=13_33;partial=00;start_type=ATG;rbs_motif=AGGAGG;rbs_spacer=5-10bp;gc_cont=0.487
NODE_1_length_651596_cov_115.359902:599545-600519|+ -            325 78287                -            181   2.7e-05   21.5   0.3   1   2     0.095        35    1.5   0.0    75   125    42    94    30   120 0.80 NODE_1_length_651596_cov_115.359902_574 # 599545 # 600519 # 1 # ID=1_574;partial=00;start_type=ATG;rbs_motif=GGAGG;rbs_spacer=5-10bp;gc_cont=0.497
NODE_1_length_651596_cov_115.359902:599545-600519|+ -            325 78287                -            181   2.7e-05   21.5   0.3   2   2   1.1e-06   0.00038   17.7   0.1    81   126   209   254   198   276 0.89 NODE_1_length_651596_cov_115.359902_574 # 599545 # 600519 # 1 # ID=1_574;partial=00;start_type=ATG;rbs_motif=GGAGG;rbs_spacer=5-10bp;gc_cont=0.497
NODE_14_length_41384_cov_104.001985:26301-27755|-   -            485 78287                -            181   0.00097   16.4   0.0   1   1   5.5e-06     0.002   15.3   0.0    15   123   267   382   262   387 0.74 NODE_14_length_41384_cov_104.001985_25 # 26301 # 27755 # -1 # ID=14_25;partial=00;start_type=ATG;rbs_motif=AGGAGG;rbs_spacer=5-10bp;gc_cont=0.503
NODE_5_length_328887_cov_107.457170:49118-49696|-   -            193 78287                -            181     0.006   13.8   0.2   1   1   2.9e-05      0.01   13.0   0.1    68   134    96   160    61   176 0.77 NODE_5_length_328887_cov_107.457170_66 # 49118 # 49696 # -1 # ID=5_66;partial=00;start_type=GTG;rbs_motif=AGGAG;rbs_spacer=5-10bp;gc_cont=0.458
NODE_3_length_404174_cov_108.718135:318190-319107|+ -            306 78287                -            181    0.0073   13.5   1.3   1   3      0.51   1.9e+02   -0.8   0.0   107   162    43    99    37   104 0.78 NODE_3_length_404174_cov_108.718135_296 # 318190 # 319107 # 1 # ID=3_296;partial=00;start_type=ATG;rbs_motif=AGGA/GGAG/GAGG;rbs_spacer=11-12bp;gc_cont=0.450
NODE_3_length_404174_cov_108.718135:318190-319107|+ -            306 78287                -            181    0.0073   13.5   1.3   2   3       0.2        73    0.5   0.1   132   162   176   206   159   211 0.62 NODE_3_length_404174_cov_108.718135_296 # 318190 # 319107 # 1 # ID=3_296;partial=00;start_type=ATG;rbs_motif=AGGA/GGAG/GAGG;rbs_spacer=11-12bp;gc_cont=0.450
NODE_3_length_404174_cov_108.718135:318190-319107|+ -            306 78287                -            181    0.0073   13.5   1.3   3   3   0.00024     0.085   10.0   0.1    81   143   228   290   209   298 0.81 NODE_3_length_404174_cov_108.718135_296 # 318190 # 319107 # 1 # ID=3_296;partial=00;start_type=ATG;rbs_motif=AGGA/GGAG/GAGG;rbs_spacer=11-12bp;gc_cont=0.450
NODE_1_length_651596_cov_115.359902:277440-278360|+ -            307 78287                -            181    0.0079   13.4   0.1   1   2     0.049        18    2.5   0.0    76   125    37    88    27   113 0.80 NODE_1_length_651596_cov_115.359902_268 # 277440 # 278360 # 1 # ID=1_268;partial=00;start_type=ATG;rbs_motif=GGAG/GAGG;rbs_spacer=5-10bp;gc_cont=0.494
NODE_1_length_651596_cov_115.359902:277440-278360|+ -            307 78287                -            181    0.0079   13.4   0.1   2   2   0.00061      0.22    8.7   0.1    88   122   204   238   198   258 0.86 NODE_1_length_651596_cov_115.359902_268 # 277440 # 278360 # 1 # ID=1_268;partial=00;start_type=ATG;rbs_motif=GGAG/GAGG;rbs_spacer=5-10bp;gc_cont=0.494
#
# Program:         hmmsearch
# Version:         3.4 (Aug 2023)
# Pipeline mode:   SEARCH
# Query file:      /home/ephraim/busco_downloads/lineages/lactobacillaceae_odb12/hmms/78287at33958.hmm
# Target file:     /home/ephraim/busco_isolate_may/prodigal_output/predicted_genes/predicted.faa
# Option settings: hmmsearch --domtblout /home/ephraim/busco_isolate_may/run_lactobacillaceae_odb12/hmmer_output/78287at33958.out --cpu 1 /home/ephraim/busco_downloads/lineages/lactobacillaceae_odb12/hmms/78287at33958.hmm /home/ephraim/busco_isolate_may/prodigal_output/predicted_genes/predicted.faa 
# Current dir:     /home/ephraim
# Date:            Sun May  3 19:13:23 2026
# [ok]
