#                                                                                                           --- full sequence --- -------------- this domain -------------   hmm coord   ali coord   env coord
# target name                                       accession   tlen query name           accession   qlen   E-value  score  bias   #  of  c-Evalue  i-Evalue  score  bias  from    to  from    to  from    to  acc description of target
#                               ------------------- ---------- ----- -------------------- ---------- ----- --------- ------ ----- --- --- --------- --------- ------ ----- ----- ----- ----- ----- ----- ----- ---- ---------------------
NODE_17_length_14292_cov_110.043405:6556-7584|-     -            343 79727                -            339  5.4e-164  542.6   0.2   1   1  1.9e-166  6.1e-164  542.4   0.2     1   337     1   338     1   340 0.99 NODE_17_length_14292_cov_110.043405_7 # 6556 # 7584 # -1 # ID=17_7;partial=00;start_type=ATG;rbs_motif=GGA/GAG/AGG;rbs_spacer=5-10bp;gc_cont=0.443
NODE_17_length_14292_cov_110.043405:7587-8795|-     -            403 79727                -            339   3.5e-14   50.0   0.2   1   1   1.7e-16   5.5e-14   49.4   0.2    44   333    84   373    77   381 0.78 NODE_17_length_14292_cov_110.043405_8 # 7587 # 8795 # -1 # ID=17_8;partial=00;start_type=GTG;rbs_motif=GGAGG;rbs_spacer=5-10bp;gc_cont=0.468
NODE_1_length_651596_cov_115.359902:294082-295191|- -            370 79727                -            339   3.6e-09   33.5   0.0   1   1   2.1e-11   6.9e-09   32.6   0.0   173   335   196   361   178   364 0.80 NODE_1_length_651596_cov_115.359902_283 # 294082 # 295191 # -1 # ID=1_283;partial=00;start_type=ATG;rbs_motif=None;rbs_spacer=None;gc_cont=0.451
NODE_5_length_328887_cov_107.457170:309969-311528|- -            520 79727                -            339   1.5e-08   31.5   0.0   1   1   7.6e-11   2.4e-08   30.8   0.0    96   333   268   503   244   509 0.73 NODE_5_length_328887_cov_107.457170_299 # 309969 # 311528 # -1 # ID=5_299;partial=00;start_type=ATG;rbs_motif=AGGAGG;rbs_spacer=5-10bp;gc_cont=0.483
NODE_2_length_515833_cov_109.460731:282633-284249|- -            539 79727                -            339     4e-07   26.8   0.1   1   2      0.42   1.4e+02   -1.2   0.0   145   229   289   374   279   387 0.76 NODE_2_length_515833_cov_109.460731_258 # 282633 # 284249 # -1 # ID=2_258;partial=00;start_type=ATG;rbs_motif=AGGAG;rbs_spacer=5-10bp;gc_cont=0.445
NODE_2_length_515833_cov_109.460731:282633-284249|- -            539 79727                -            339     4e-07   26.8   0.1   2   2   4.4e-09   1.4e-06   25.0   0.0   238   338   412   517   396   518 0.86 NODE_2_length_515833_cov_109.460731_258 # 282633 # 284249 # -1 # ID=2_258;partial=00;start_type=ATG;rbs_motif=AGGAG;rbs_spacer=5-10bp;gc_cont=0.445
NODE_6_length_211744_cov_108.724426:45718-46854|+   -            379 79727                -            339   4.3e-07   26.7   0.0   1   1   2.2e-09   6.9e-07   26.0   0.0   134   317   171   358   158   378 0.73 NODE_6_length_211744_cov_108.724426_40 # 45718 # 46854 # 1 # ID=6_40;partial=00;start_type=TTG;rbs_motif=AGGAGG;rbs_spacer=5-10bp;gc_cont=0.376
NODE_2_length_515833_cov_109.460731:284262-285797|- -            512 79727                -            339   7.2e-05   19.4   0.1   1   1   5.2e-07   0.00017   18.2   0.1   178   331   341   498   316   505 0.77 NODE_2_length_515833_cov_109.460731_259 # 284262 # 285797 # -1 # ID=2_259;partial=00;start_type=TTG;rbs_motif=GGxGG;rbs_spacer=5-10bp;gc_cont=0.445
NODE_5_length_328887_cov_107.457170:84775-86217|-   -            481 79727                -            339   0.00015   18.4   0.1   1   2      0.35   1.1e+02   -1.0   0.0    96   121   242   267   230   289 0.73 NODE_5_length_328887_cov_107.457170_89 # 84775 # 86217 # -1 # ID=5_89;partial=00;start_type=ATG;rbs_motif=AGGAG;rbs_spacer=5-10bp;gc_cont=0.439
NODE_5_length_328887_cov_107.457170:84775-86217|-   -            481 79727                -            339   0.00015   18.4   0.1   2   2   2.4e-06   0.00076   16.0   0.1   230   332   366   477   345   480 0.67 NODE_5_length_328887_cov_107.457170_89 # 84775 # 86217 # -1 # ID=5_89;partial=00;start_type=ATG;rbs_motif=AGGAG;rbs_spacer=5-10bp;gc_cont=0.439
NODE_6_length_211744_cov_108.724426:46869-47960|+   -            364 79727                -            339    0.0011   15.5   0.0   1   1   7.2e-06    0.0023   14.4   0.0   105   307   141   336   101   363 0.70 NODE_6_length_211744_cov_108.724426_41 # 46869 # 47960 # 1 # ID=6_41;partial=00;start_type=GTG;rbs_motif=AGGAG;rbs_spacer=5-10bp;gc_cont=0.364
#
# Program:         hmmsearch
# Version:         3.4 (Aug 2023)
# Pipeline mode:   SEARCH
# Query file:      /home/ephraim/busco_downloads/lineages/lactobacillaceae_odb12/hmms/79727at33958.hmm
# Target file:     /home/ephraim/busco_isolate_may/prodigal_output/predicted_genes/predicted.faa
# Option settings: hmmsearch --domtblout /home/ephraim/busco_isolate_may/run_lactobacillaceae_odb12/hmmer_output/79727at33958.out --cpu 1 /home/ephraim/busco_downloads/lineages/lactobacillaceae_odb12/hmms/79727at33958.hmm /home/ephraim/busco_isolate_may/prodigal_output/predicted_genes/predicted.faa 
# Current dir:     /home/ephraim
# Date:            Sun May  3 19:13:24 2026
# [ok]
