#                                                                                                           --- full sequence --- -------------- this domain -------------   hmm coord   ali coord   env coord
# target name                                       accession   tlen query name           accession   qlen   E-value  score  bias   #  of  c-Evalue  i-Evalue  score  bias  from    to  from    to  from    to  acc description of target
#                               ------------------- ---------- ----- -------------------- ---------- ----- --------- ------ ----- --- --- --------- --------- ------ ----- ----- ----- ----- ----- ----- ----- ---- ---------------------
NODE_6_length_211744_cov_108.724426:83130-83732|+   -            201 81142                -            179   1.7e-78  259.8   0.0   1   1   6.6e-81   1.9e-78  259.6   0.0     2   178     5   185     4   186 0.97 NODE_6_length_211744_cov_108.724426_68 # 83130 # 83732 # 1 # ID=6_68;partial=00;start_type=ATG;rbs_motif=AGGAGG;rbs_spacer=5-10bp;gc_cont=0.463
NODE_2_length_515833_cov_109.460731:428469-429095|- -            209 81142                -            179   2.1e-25   86.8   0.0   1   1   8.5e-28   2.5e-25   86.6   0.0     4   177     7   185     4   187 0.87 NODE_2_length_515833_cov_109.460731_402 # 428469 # 429095 # -1 # ID=2_402;partial=00;start_type=ATG;rbs_motif=GGAG/GAGG;rbs_spacer=5-10bp;gc_cont=0.469
NODE_4_length_348303_cov_114.329901:262918-264729|+ -            604 81142                -            179    0.0024   15.0   0.1   1   1   1.9e-05    0.0055   13.8   0.1     3    28   386   411   384   417 0.89 NODE_4_length_348303_cov_114.329901_229 # 262918 # 264729 # 1 # ID=4_229;partial=00;start_type=TTG;rbs_motif=GGAGG;rbs_spacer=5-10bp;gc_cont=0.501
NODE_4_length_348303_cov_114.329901:145160-146941|- -            594 81142                -            179    0.0046   14.0   0.0   1   1   2.9e-05    0.0084   13.2   0.0     4    29   382   407   379   420 0.87 NODE_4_length_348303_cov_114.329901_142 # 145160 # 146941 # -1 # ID=4_142;partial=00;start_type=ATG;rbs_motif=AGxAGG/AGGxGG;rbs_spacer=5-10bp;gc_cont=0.464
NODE_13_length_45945_cov_104.851879:19940-21826|+   -            629 81142                -            179    0.0047   14.0   0.0   1   1   3.4e-05    0.0099   12.9   0.0     3    29   413   439   411   470 0.88 NODE_13_length_45945_cov_104.851879_23 # 19940 # 21826 # 1 # ID=13_23;partial=00;start_type=ATG;rbs_motif=AGGAG;rbs_spacer=5-10bp;gc_cont=0.476
NODE_1_length_651596_cov_115.359902:329321-329842|- -            174 81142                -            179    0.0051   13.9   0.0   1   2   3.6e-05      0.01   12.9   0.0     1    26     1    26     1    47 0.84 NODE_1_length_651596_cov_115.359902_317 # 329321 # 329842 # -1 # ID=1_317;partial=00;start_type=TTG;rbs_motif=None;rbs_spacer=None;gc_cont=0.490
NODE_1_length_651596_cov_115.359902:329321-329842|- -            174 81142                -            179    0.0051   13.9   0.0   2   2       1.9   5.5e+02   -2.5   0.0   152   166   135   149    91   159 0.57 NODE_1_length_651596_cov_115.359902_317 # 329321 # 329842 # -1 # ID=1_317;partial=00;start_type=TTG;rbs_motif=None;rbs_spacer=None;gc_cont=0.490
NODE_2_length_515833_cov_109.460731:34425-36161|+   -            579 81142                -            179    0.0072   13.4   0.0   1   1   5.4e-05     0.016   12.3   0.0     2    27   367   392   366   400 0.90 NODE_2_length_515833_cov_109.460731_31 # 34425 # 36161 # 1 # ID=2_31;partial=00;start_type=ATG;rbs_motif=AGGAGG;rbs_spacer=5-10bp;gc_cont=0.470
NODE_5_length_328887_cov_107.457170:237782-238669|- -            296 81142                -            179     0.011   12.9   0.5   1   2    0.0046       1.3    6.0   0.0     4    18     7    21     4    28 0.84 NODE_5_length_328887_cov_107.457170_233 # 237782 # 238669 # -1 # ID=5_233;partial=00;start_type=ATG;rbs_motif=AGGAG;rbs_spacer=5-10bp;gc_cont=0.447
NODE_5_length_328887_cov_107.457170:237782-238669|- -            296 81142                -            179     0.011   12.9   0.5   2   2      0.01         3    4.9   0.1   110   163    87   143    53   156 0.82 NODE_5_length_328887_cov_107.457170_233 # 237782 # 238669 # -1 # ID=5_233;partial=00;start_type=ATG;rbs_motif=AGGAG;rbs_spacer=5-10bp;gc_cont=0.447
NODE_7_length_113986_cov_103.583132:1329-3797|-     -            823 81142                -            179     0.024   11.7   0.1   1   1   0.00015     0.044   10.8   0.1     3    26   350   373   348   377 0.88 NODE_7_length_113986_cov_103.583132_3 # 1329 # 3797 # -1 # ID=7_3;partial=00;start_type=ATG;rbs_motif=AGGAGG;rbs_spacer=5-10bp;gc_cont=0.476
NODE_10_length_64565_cov_119.738261:1195-2538|+     -            448 81142                -            179     0.033   11.3   0.4   1   2     0.012       3.6    4.6   0.2     4    19    29    44    26    53 0.86 NODE_10_length_64565_cov_119.738261_3 # 1195 # 2538 # 1 # ID=10_3;partial=00;start_type=ATG;rbs_motif=AGxAGG/AGGxGG;rbs_spacer=5-10bp;gc_cont=0.500
NODE_10_length_64565_cov_119.738261:1195-2538|+     -            448 81142                -            179     0.033   11.3   0.4   2   2     0.013       3.8    4.5   0.0     4    22   267   285   264   306 0.82 NODE_10_length_64565_cov_119.738261_3 # 1195 # 2538 # 1 # ID=10_3;partial=00;start_type=ATG;rbs_motif=AGxAGG/AGGxGG;rbs_spacer=5-10bp;gc_cont=0.500
#
# Program:         hmmsearch
# Version:         3.4 (Aug 2023)
# Pipeline mode:   SEARCH
# Query file:      /home/ephraim/busco_downloads/lineages/lactobacillaceae_odb12/hmms/81142at33958.hmm
# Target file:     /home/ephraim/busco_isolate_may/prodigal_output/predicted_genes/predicted.faa
# Option settings: hmmsearch --domtblout /home/ephraim/busco_isolate_may/run_lactobacillaceae_odb12/hmmer_output/81142at33958.out --cpu 1 /home/ephraim/busco_downloads/lineages/lactobacillaceae_odb12/hmms/81142at33958.hmm /home/ephraim/busco_isolate_may/prodigal_output/predicted_genes/predicted.faa 
# Current dir:     /home/ephraim
# Date:            Sun May  3 19:13:24 2026
# [ok]
