#                                                                                                           --- full sequence --- -------------- this domain -------------   hmm coord   ali coord   env coord
# target name                                       accession   tlen query name           accession   qlen   E-value  score  bias   #  of  c-Evalue  i-Evalue  score  bias  from    to  from    to  from    to  acc description of target
#                               ------------------- ---------- ----- -------------------- ---------- ----- --------- ------ ----- --- --- --------- --------- ------ ----- ----- ----- ----- ----- ----- ----- ---- ---------------------
NODE_9_length_65232_cov_107.983117:43136-43933|-    -            266 81760                -            263  1.1e-105  350.3   8.2   1   1  3.4e-108  1.2e-105  350.2   8.2     1   262     1   263     1   264 0.97 NODE_9_length_65232_cov_107.983117_44 # 43136 # 43933 # -1 # ID=9_44;partial=00;start_type=ATG;rbs_motif=AGGAGG;rbs_spacer=5-10bp;gc_cont=0.495
NODE_1_length_651596_cov_115.359902:14665-15546|+   -            294 81760                -            263     4e-07   27.2   0.1   1   1     2e-09   7.2e-07   26.4   0.1     2    69     5    67     4    87 0.90 NODE_1_length_651596_cov_115.359902_13 # 14665 # 15546 # 1 # ID=1_13;partial=00;start_type=ATG;rbs_motif=None;rbs_spacer=None;gc_cont=0.509
NODE_1_length_651596_cov_115.359902:282816-283673|+ -            286 81760                -            263   1.2e-06   25.7   0.7   1   1   6.2e-09   2.2e-06   24.8   0.7     1   160     1   162     1   202 0.75 NODE_1_length_651596_cov_115.359902_273 # 282816 # 283673 # 1 # ID=1_273;partial=00;start_type=ATG;rbs_motif=AGGA;rbs_spacer=5-10bp;gc_cont=0.487
NODE_1_length_651596_cov_115.359902:54057-54677|-   -            207 81760                -            263   1.5e-05   22.1   0.5   1   2   6.3e-08   2.3e-05   21.5   0.1     1    81     1    78     1    90 0.84 NODE_1_length_651596_cov_115.359902_51 # 54057 # 54677 # -1 # ID=1_51;partial=00;start_type=ATG;rbs_motif=GGAG/GAGG;rbs_spacer=5-10bp;gc_cont=0.486
NODE_1_length_651596_cov_115.359902:54057-54677|-   -            207 81760                -            263   1.5e-05   22.1   0.5   2   2       1.7     6e+02   -2.8   0.0    32   102   113   132   100   151 0.49 NODE_1_length_651596_cov_115.359902_51 # 54057 # 54677 # -1 # ID=1_51;partial=00;start_type=ATG;rbs_motif=GGAG/GAGG;rbs_spacer=5-10bp;gc_cont=0.486
NODE_6_length_211744_cov_108.724426:179747-180364|+ -            206 81760                -            263   7.3e-05   19.8   1.6   1   2     4e-07   0.00014   18.9   0.3     1    75     1    70     1    86 0.87 NODE_6_length_211744_cov_108.724426_154 # 179747 # 180364 # 1 # ID=6_154;partial=00;start_type=ATG;rbs_motif=GGAG/GAGG;rbs_spacer=5-10bp;gc_cont=0.485
NODE_6_length_211744_cov_108.724426:179747-180364|+ -            206 81760                -            263   7.3e-05   19.8   1.6   2   2      0.22        80    0.0   0.1    22    65   102   144    93   165 0.63 NODE_6_length_211744_cov_108.724426_154 # 179747 # 180364 # 1 # ID=6_154;partial=00;start_type=ATG;rbs_motif=GGAG/GAGG;rbs_spacer=5-10bp;gc_cont=0.485
NODE_1_length_651596_cov_115.359902:27395-28435|-   -            347 81760                -            263    0.0018   15.2   0.1   1   1   9.9e-06    0.0036   14.3   0.1     2    81     4    87     3   123 0.70 NODE_1_length_651596_cov_115.359902_26 # 27395 # 28435 # -1 # ID=1_26;partial=00;start_type=ATG;rbs_motif=AGGAG;rbs_spacer=5-10bp;gc_cont=0.449
NODE_3_length_404174_cov_108.718135:215415-216098|- -            228 81760                -            263    0.0027   14.7   0.3   1   1   1.2e-05    0.0043   14.0   0.3     2    79     6    81     5    93 0.85 NODE_3_length_404174_cov_108.718135_192 # 215415 # 216098 # -1 # ID=3_192;partial=00;start_type=ATG;rbs_motif=AGxAGG/AGGxGG;rbs_spacer=5-10bp;gc_cont=0.474
NODE_5_length_328887_cov_107.457170:262976-263899|- -            308 81760                -            263     0.011   12.7   0.2   1   2       1.7   6.3e+02   -2.9   0.0   114   152    95   133    91   137 0.78 NODE_5_length_328887_cov_107.457170_254 # 262976 # 263899 # -1 # ID=5_254;partial=00;start_type=ATG;rbs_motif=AGGAGG;rbs_spacer=5-10bp;gc_cont=0.468
NODE_5_length_328887_cov_107.457170:262976-263899|- -            308 81760                -            263     0.011   12.7   0.2   2   2   6.8e-05     0.024   11.6   0.2   188   238   221   272   219   278 0.87 NODE_5_length_328887_cov_107.457170_254 # 262976 # 263899 # -1 # ID=5_254;partial=00;start_type=ATG;rbs_motif=AGGAGG;rbs_spacer=5-10bp;gc_cont=0.468
#
# Program:         hmmsearch
# Version:         3.4 (Aug 2023)
# Pipeline mode:   SEARCH
# Query file:      /home/ephraim/busco_downloads/lineages/lactobacillaceae_odb12/hmms/81760at33958.hmm
# Target file:     /home/ephraim/busco_isolate_may/prodigal_output/predicted_genes/predicted.faa
# Option settings: hmmsearch --domtblout /home/ephraim/busco_isolate_may/run_lactobacillaceae_odb12/hmmer_output/81760at33958.out --cpu 1 /home/ephraim/busco_downloads/lineages/lactobacillaceae_odb12/hmms/81760at33958.hmm /home/ephraim/busco_isolate_may/prodigal_output/predicted_genes/predicted.faa 
# Current dir:     /home/ephraim
# Date:            Sun May  3 19:13:25 2026
# [ok]
