#                                                                                                           --- full sequence --- -------------- this domain -------------   hmm coord   ali coord   env coord
# target name                                       accession   tlen query name           accession   qlen   E-value  score  bias   #  of  c-Evalue  i-Evalue  score  bias  from    to  from    to  from    to  acc description of target
#                               ------------------- ---------- ----- -------------------- ---------- ----- --------- ------ ----- --- --- --------- --------- ------ ----- ----- ----- ----- ----- ----- ----- ---- ---------------------
NODE_1_length_651596_cov_115.359902:250370-252271|+ -            634 821                  -            636         0 1224.1   0.0   1   1         0         0 1223.9   0.0     3   635     3   631     1   632 0.99 NODE_1_length_651596_cov_115.359902_248 # 250370 # 252271 # 1 # ID=1_248;partial=00;start_type=ATG;rbs_motif=GGAGG;rbs_spacer=5-10bp;gc_cont=0.498
NODE_2_length_515833_cov_109.460731:101274-102593|+ -            440 821                  -            636   2.5e-15   53.2   0.1   1   2    0.0052         3    3.4   0.0    14    36     4    26     2    39 0.86 NODE_2_length_515833_cov_109.460731_92 # 101274 # 102593 # 1 # ID=2_92;partial=00;start_type=ATG;rbs_motif=AGGAGG;rbs_spacer=5-10bp;gc_cont=0.492
NODE_2_length_515833_cov_109.460731:101274-102593|+ -            440 821                  -            636   2.5e-15   53.2   0.1   2   2   2.1e-16   1.2e-13   47.6   0.0   314   415   272   374   256   387 0.87 NODE_2_length_515833_cov_109.460731_92 # 101274 # 102593 # 1 # ID=2_92;partial=00;start_type=ATG;rbs_motif=AGGAGG;rbs_spacer=5-10bp;gc_cont=0.492
NODE_5_length_328887_cov_107.457170:253161-254108|- -            316 821                  -            636   2.9e-05   20.0   0.6   1   2   1.7e-06   0.00096   14.9   0.0     9    40     2    33     1    61 0.91 NODE_5_length_328887_cov_107.457170_243 # 253161 # 254108 # -1 # ID=5_243;partial=00;start_type=ATG;rbs_motif=AGGAG;rbs_spacer=5-10bp;gc_cont=0.506
NODE_5_length_328887_cov_107.457170:253161-254108|- -            316 821                  -            636   2.9e-05   20.0   0.6   2   2    0.0058       3.4    3.2   0.1   138   176    88   126    78   135 0.79 NODE_5_length_328887_cov_107.457170_243 # 253161 # 254108 # -1 # ID=5_243;partial=00;start_type=ATG;rbs_motif=AGGAG;rbs_spacer=5-10bp;gc_cont=0.506
NODE_2_length_515833_cov_109.460731:10917-12320|+   -            468 821                  -            636     0.008   11.9   0.5   1   2   0.00014     0.082    8.6   0.1    11    41     9    39     5    57 0.86 NODE_2_length_515833_cov_109.460731_11 # 10917 # 12320 # 1 # ID=2_11;partial=00;start_type=ATG;rbs_motif=GGAGG;rbs_spacer=5-10bp;gc_cont=0.493
NODE_2_length_515833_cov_109.460731:10917-12320|+   -            468 821                  -            636     0.008   11.9   0.5   2   2     0.024        14    1.2   0.0    14    39   180   205   176   214 0.86 NODE_2_length_515833_cov_109.460731_11 # 10917 # 12320 # 1 # ID=2_11;partial=00;start_type=ATG;rbs_motif=GGAGG;rbs_spacer=5-10bp;gc_cont=0.493
NODE_4_length_348303_cov_114.329901:274623-275993|+ -            457 821                  -            636     0.014   11.1   0.1   1   2     0.013       7.4    2.1   0.0    13    53     5    46     2    51 0.85 NODE_4_length_348303_cov_114.329901_239 # 274623 # 275993 # 1 # ID=4_239;partial=00;start_type=GTG;rbs_motif=AGGAGG;rbs_spacer=5-10bp;gc_cont=0.494
NODE_4_length_348303_cov_114.329901:274623-275993|+ -            457 821                  -            636     0.014   11.1   0.1   2   2   0.00051      0.29    6.7   0.0    13    40   154   181   144   189 0.86 NODE_4_length_348303_cov_114.329901_239 # 274623 # 275993 # 1 # ID=4_239;partial=00;start_type=GTG;rbs_motif=AGGAGG;rbs_spacer=5-10bp;gc_cont=0.494
#
# Program:         hmmsearch
# Version:         3.4 (Aug 2023)
# Pipeline mode:   SEARCH
# Query file:      /home/ephraim/busco_downloads/lineages/lactobacillaceae_odb12/hmms/821at33958.hmm
# Target file:     /home/ephraim/busco_isolate_may/prodigal_output/predicted_genes/predicted.faa
# Option settings: hmmsearch --domtblout /home/ephraim/busco_isolate_may/run_lactobacillaceae_odb12/hmmer_output/821at33958.out --cpu 1 /home/ephraim/busco_downloads/lineages/lactobacillaceae_odb12/hmms/821at33958.hmm /home/ephraim/busco_isolate_may/prodigal_output/predicted_genes/predicted.faa 
# Current dir:     /home/ephraim
# Date:            Sun May  3 19:13:25 2026
# [ok]
