#                                                                                                           --- full sequence --- -------------- this domain -------------   hmm coord   ali coord   env coord
# target name                                       accession   tlen query name           accession   qlen   E-value  score  bias   #  of  c-Evalue  i-Evalue  score  bias  from    to  from    to  from    to  acc description of target
#                               ------------------- ---------- ----- -------------------- ---------- ----- --------- ------ ----- --- --- --------- --------- ------ ----- ----- ----- ----- ----- ----- ----- ---- ---------------------
NODE_2_length_515833_cov_109.460731:79881-81188|+   -            436 928                  -            435  3.5e-255  843.8   3.8   1   1  1.4e-257    4e-255  843.7   3.8     1   435     1   435     1   435 1.00 NODE_2_length_515833_cov_109.460731_71 # 79881 # 81188 # 1 # ID=2_71;partial=00;start_type=ATG;rbs_motif=AGGAGG;rbs_spacer=5-10bp;gc_cont=0.461
NODE_1_length_651596_cov_115.359902:248940-250328|+ -            463 928                  -            435   1.3e-25   87.3   2.3   1   1     9e-28   2.6e-25   86.4   2.3   168   300   218   345    94   356 0.73 NODE_1_length_651596_cov_115.359902_247 # 248940 # 250328 # 1 # ID=1_247;partial=00;start_type=ATG;rbs_motif=AGGAG;rbs_spacer=5-10bp;gc_cont=0.487
NODE_2_length_515833_cov_109.460731:253343-254245|- -            301 928                  -            435     5e-23   78.8   0.0   1   1   2.3e-25   6.7e-23   78.4   0.0     5   168     8   175     4   186 0.90 NODE_2_length_515833_cov_109.460731_225 # 253343 # 254245 # -1 # ID=2_225;partial=00;start_type=TTG;rbs_motif=AGGAG;rbs_spacer=5-10bp;gc_cont=0.462
NODE_2_length_515833_cov_109.460731:96009-96869|+   -            287 928                  -            435   5.7e-11   39.1   3.0   1   2     0.016       4.5    3.2   0.1   325   366    84   125    70   127 0.79 NODE_2_length_515833_cov_109.460731_88 # 96009 # 96869 # 1 # ID=2_88;partial=00;start_type=ATG;rbs_motif=AGGAG;rbs_spacer=5-10bp;gc_cont=0.501
NODE_2_length_515833_cov_109.460731:96009-96869|+   -            287 928                  -            435   5.7e-11   39.1   3.0   2   2   3.4e-12     1e-09   35.0   0.0     8    62   126   177   117   188 0.87 NODE_2_length_515833_cov_109.460731_88 # 96009 # 96869 # 1 # ID=2_88;partial=00;start_type=ATG;rbs_motif=AGGAG;rbs_spacer=5-10bp;gc_cont=0.501
NODE_9_length_65232_cov_107.983117:58577-60688|-    -            704 928                  -            435   2.7e-06   23.7   0.0   1   2   2.5e-06   0.00073   15.7   0.0     4    42     5    42     1    57 0.88 NODE_9_length_65232_cov_107.983117_57 # 58577 # 60688 # -1 # ID=9_57;partial=00;start_type=ATG;rbs_motif=GGAGG;rbs_spacer=5-10bp;gc_cont=0.482
NODE_9_length_65232_cov_107.983117:58577-60688|-    -            704 928                  -            435   2.7e-06   23.7   0.0   2   2    0.0022      0.64    6.0   0.0   253   343    78   161    64   215 0.75 NODE_9_length_65232_cov_107.983117_57 # 58577 # 60688 # -1 # ID=9_57;partial=00;start_type=ATG;rbs_motif=GGAGG;rbs_spacer=5-10bp;gc_cont=0.482
NODE_2_length_515833_cov_109.460731:324286-327117|- -            944 928                  -            435   1.1e-05   21.7   0.3   1   1   1.3e-07   3.9e-05   19.9   0.3     4   128   447   562   444   643 0.62 NODE_2_length_515833_cov_109.460731_287 # 324286 # 327117 # -1 # ID=2_287;partial=00;start_type=ATG;rbs_motif=GGAG/GAGG;rbs_spacer=5-10bp;gc_cont=0.494
NODE_2_length_515833_cov_109.460731:482718-483842|- -            375 928                  -            435     2e-05   20.9   0.4   1   2     0.036        11    2.0   0.0   286   348   106   169    66   174 0.58 NODE_2_length_515833_cov_109.460731_462 # 482718 # 483842 # -1 # ID=2_462;partial=00;start_type=ATG;rbs_motif=AGGAGG;rbs_spacer=5-10bp;gc_cont=0.475
NODE_2_length_515833_cov_109.460731:482718-483842|- -            375 928                  -            435     2e-05   20.9   0.4   2   2   8.8e-07   0.00025   17.2   0.2     6    62   172   230   169   239 0.76 NODE_2_length_515833_cov_109.460731_462 # 482718 # 483842 # -1 # ID=2_462;partial=00;start_type=ATG;rbs_motif=AGGAGG;rbs_spacer=5-10bp;gc_cont=0.475
NODE_2_length_515833_cov_109.460731:39352-39948|+   -            199 928                  -            435   3.7e-05   19.9   0.0   1   1   1.9e-07   5.5e-05   19.4   0.0   171   333    20   180     7   193 0.63 NODE_2_length_515833_cov_109.460731_34 # 39352 # 39948 # 1 # ID=2_34;partial=00;start_type=ATG;rbs_motif=AGGAGG;rbs_spacer=5-10bp;gc_cont=0.471
NODE_2_length_515833_cov_109.460731:309596-311434|- -            613 928                  -            435    0.0017   14.5   0.4   1   2      0.11        32    0.4   0.0   171   197     9    36     1    53 0.73 NODE_2_length_515833_cov_109.460731_274 # 309596 # 311434 # -1 # ID=2_274;partial=00;start_type=ATG;rbs_motif=AGxAGG/AGGxGG;rbs_spacer=11-12bp;gc_cont=0.479
NODE_2_length_515833_cov_109.460731:309596-311434|- -            613 928                  -            435    0.0017   14.5   0.4   2   2   3.3e-05    0.0097   12.0   0.3    85   166   106   192    16   200 0.79 NODE_2_length_515833_cov_109.460731_274 # 309596 # 311434 # -1 # ID=2_274;partial=00;start_type=ATG;rbs_motif=AGxAGG/AGGxGG;rbs_spacer=11-12bp;gc_cont=0.479
NODE_6_length_211744_cov_108.724426:117067-118362|- -            432 928                  -            435     0.004   13.2   0.0   1   1   2.1e-05    0.0061   12.7   0.0     3   122   203   334   201   341 0.61 NODE_6_length_211744_cov_108.724426_97 # 117067 # 118362 # -1 # ID=6_97;partial=00;start_type=ATG;rbs_motif=GGA/GAG/AGG;rbs_spacer=5-10bp;gc_cont=0.504
#
# Program:         hmmsearch
# Version:         3.4 (Aug 2023)
# Pipeline mode:   SEARCH
# Query file:      /home/ephraim/busco_downloads/lineages/lactobacillaceae_odb12/hmms/928at33958.hmm
# Target file:     /home/ephraim/busco_isolate_may/prodigal_output/predicted_genes/predicted.faa
# Option settings: hmmsearch --domtblout /home/ephraim/busco_isolate_may/run_lactobacillaceae_odb12/hmmer_output/928at33958.out --cpu 1 /home/ephraim/busco_downloads/lineages/lactobacillaceae_odb12/hmms/928at33958.hmm /home/ephraim/busco_isolate_may/prodigal_output/predicted_genes/predicted.faa 
# Current dir:     /home/ephraim
# Date:            Sun May  3 19:13:24 2026
# [ok]
