#                                                                                                           --- full sequence --- -------------- this domain -------------   hmm coord   ali coord   env coord
# target name                                       accession   tlen query name           accession   qlen   E-value  score  bias   #  of  c-Evalue  i-Evalue  score  bias  from    to  from    to  from    to  acc description of target
#                               ------------------- ---------- ----- -------------------- ---------- ----- --------- ------ ----- --- --- --------- --------- ------ ----- ----- ----- ----- ----- ----- ----- ---- ---------------------
NODE_5_length_328887_cov_107.457170:242882-244897|- -            672 992                  -            666         0 1327.8  14.9   1   1         0         0 1327.6  14.9     1   666     1   670     1   670 0.99 NODE_5_length_328887_cov_107.457170_236 # 242882 # 244897 # -1 # ID=5_236;partial=00;start_type=ATG;rbs_motif=AGGAGG;rbs_spacer=5-10bp;gc_cont=0.464
NODE_1_length_651596_cov_115.359902:635061-638585|+ -           1175 992                  -            666   2.3e-29   99.6   0.7   1   5   1.6e-21   5.7e-19   65.3   0.0    34   281    21   253     7   262 0.84 NODE_1_length_651596_cov_115.359902_606 # 635061 # 638585 # 1 # ID=1_606;partial=00;start_type=ATG;rbs_motif=AGxAGG/AGGxGG;rbs_spacer=5-10bp;gc_cont=0.485
NODE_1_length_651596_cov_115.359902:635061-638585|+ -           1175 992                  -            666   2.3e-29   99.6   0.7   2   5       1.4   4.9e+02   -3.9   0.0   425   475   378   428   350   429 0.79 NODE_1_length_651596_cov_115.359902_606 # 635061 # 638585 # 1 # ID=1_606;partial=00;start_type=ATG;rbs_motif=AGxAGG/AGGxGG;rbs_spacer=5-10bp;gc_cont=0.485
NODE_1_length_651596_cov_115.359902:635061-638585|+ -           1175 992                  -            666   2.3e-29   99.6   0.7   3   5   0.00048      0.17    7.5   0.0     7    88   608   693   604   706 0.85 NODE_1_length_651596_cov_115.359902_606 # 635061 # 638585 # 1 # ID=1_606;partial=00;start_type=ATG;rbs_motif=AGxAGG/AGGxGG;rbs_spacer=5-10bp;gc_cont=0.485
NODE_1_length_651596_cov_115.359902:635061-638585|+ -           1175 992                  -            666   2.3e-29   99.6   0.7   4   5     0.035        13    1.3   0.1   456   533   677   755   668   763 0.76 NODE_1_length_651596_cov_115.359902_606 # 635061 # 638585 # 1 # ID=1_606;partial=00;start_type=ATG;rbs_motif=AGxAGG/AGGxGG;rbs_spacer=5-10bp;gc_cont=0.485
NODE_1_length_651596_cov_115.359902:635061-638585|+ -           1175 992                  -            666   2.3e-29   99.6   0.7   5   5   1.6e-08   5.7e-06   22.3   0.0   474   551   853   929   769   957 0.77 NODE_1_length_651596_cov_115.359902_606 # 635061 # 638585 # 1 # ID=1_606;partial=00;start_type=ATG;rbs_motif=AGxAGG/AGGxGG;rbs_spacer=5-10bp;gc_cont=0.485
NODE_2_length_515833_cov_109.460731:411785-413824|- -            680 992                  -            666   2.6e-16   56.5   1.3   1   3     0.042        15    1.1   0.0    17    58   254   296   244   303 0.82 NODE_2_length_515833_cov_109.460731_388 # 411785 # 413824 # -1 # ID=2_388;partial=00;start_type=ATG;rbs_motif=AGGAGG;rbs_spacer=5-10bp;gc_cont=0.486
NODE_2_length_515833_cov_109.460731:411785-413824|- -            680 992                  -            666   2.6e-16   56.5   1.3   2   3   1.9e-07   6.9e-05   18.7   0.1   463   544   320   400   306   404 0.85 NODE_2_length_515833_cov_109.460731_388 # 411785 # 413824 # -1 # ID=2_388;partial=00;start_type=ATG;rbs_motif=AGGAGG;rbs_spacer=5-10bp;gc_cont=0.486
NODE_2_length_515833_cov_109.460731:411785-413824|- -            680 992                  -            666   2.6e-16   56.5   1.3   3   3   5.2e-12   1.9e-09   33.8   0.1   433   559   447   581   404   597 0.74 NODE_2_length_515833_cov_109.460731_388 # 411785 # 413824 # -1 # ID=2_388;partial=00;start_type=ATG;rbs_motif=AGGAGG;rbs_spacer=5-10bp;gc_cont=0.486
NODE_11_length_60639_cov_107.161487:44048-45394|-   -            449 992                  -            666   5.2e-10   35.7   0.5   1   1   2.3e-12   8.2e-10   35.0   0.5   453   557   246   347   173   444 0.78 NODE_11_length_60639_cov_107.161487_46 # 44048 # 45394 # -1 # ID=11_46;partial=00;start_type=ATG;rbs_motif=AGGA/GGAG/GAGG;rbs_spacer=11-12bp;gc_cont=0.475
NODE_1_length_651596_cov_115.359902:617826-619334|+ -            503 992                  -            666   1.1e-07   28.0   0.3   1   2     0.024       8.7    1.9   0.0    36    85    37    92    10   104 0.75 NODE_1_length_651596_cov_115.359902_593 # 617826 # 619334 # 1 # ID=1_593;partial=00;start_type=TTG;rbs_motif=AGGAGG;rbs_spacer=5-10bp;gc_cont=0.484
NODE_1_length_651596_cov_115.359902:617826-619334|+ -            503 992                  -            666   1.1e-07   28.0   0.3   2   2   4.7e-09   1.7e-06   24.0   0.1   453   581   242   366   211   412 0.77 NODE_1_length_651596_cov_115.359902_593 # 617826 # 619334 # 1 # ID=1_593;partial=00;start_type=TTG;rbs_motif=AGGAGG;rbs_spacer=5-10bp;gc_cont=0.484
NODE_2_length_515833_cov_109.460731:424386-426803|- -            806 992                  -            666   1.7e-07   27.4   0.1   1   2    0.0005      0.18    7.5   0.0    19    86   270   341   259   350 0.79 NODE_2_length_515833_cov_109.460731_399 # 424386 # 426803 # -1 # ID=2_399;partial=00;start_type=TTG;rbs_motif=GGA/GAG/AGG;rbs_spacer=5-10bp;gc_cont=0.504
NODE_2_length_515833_cov_109.460731:424386-426803|- -            806 992                  -            666   1.7e-07   27.4   0.1   2   2   4.8e-07   0.00017   17.4   0.0   477   555   580   670   558   687 0.74 NODE_2_length_515833_cov_109.460731_399 # 424386 # 426803 # -1 # ID=2_399;partial=00;start_type=TTG;rbs_motif=GGA/GAG/AGG;rbs_spacer=5-10bp;gc_cont=0.504
NODE_5_length_328887_cov_107.457170:275726-276991|- -            422 992                  -            666   0.00012   18.0   0.4   1   2      0.16        57   -0.8   0.1    21    62    97   141    92   167 0.72 NODE_5_length_328887_cov_107.457170_265 # 275726 # 276991 # -1 # ID=5_265;partial=00;start_type=ATG;rbs_motif=GGAG/GAGG;rbs_spacer=5-10bp;gc_cont=0.526
NODE_5_length_328887_cov_107.457170:275726-276991|- -            422 992                  -            666   0.00012   18.0   0.4   2   2   1.1e-06   0.00039   16.2   0.1   489   566   332   409   307   416 0.79 NODE_5_length_328887_cov_107.457170_265 # 275726 # 276991 # -1 # ID=5_265;partial=00;start_type=ATG;rbs_motif=GGAG/GAGG;rbs_spacer=5-10bp;gc_cont=0.526
NODE_6_length_211744_cov_108.724426:53638-55788|+   -            717 992                  -            666    0.0008   15.2   5.0   1   2      0.28     1e+02   -1.7   0.0    24    61   100   138    92   147 0.68 NODE_6_length_211744_cov_108.724426_48 # 53638 # 55788 # 1 # ID=6_48;partial=00;start_type=ATG;rbs_motif=AGGAGG;rbs_spacer=5-10bp;gc_cont=0.472
NODE_6_length_211744_cov_108.724426:53638-55788|+   -            717 992                  -            666    0.0008   15.2   5.0   2   2   2.1e-06   0.00077   15.3   3.1   561   664   254   366   221   368 0.65 NODE_6_length_211744_cov_108.724426_48 # 53638 # 55788 # 1 # ID=6_48;partial=00;start_type=ATG;rbs_motif=AGGAGG;rbs_spacer=5-10bp;gc_cont=0.472
#
# Program:         hmmsearch
# Version:         3.4 (Aug 2023)
# Pipeline mode:   SEARCH
# Query file:      /home/ephraim/busco_downloads/lineages/lactobacillaceae_odb12/hmms/992at33958.hmm
# Target file:     /home/ephraim/busco_isolate_may/prodigal_output/predicted_genes/predicted.faa
# Option settings: hmmsearch --domtblout /home/ephraim/busco_isolate_may/run_lactobacillaceae_odb12/hmmer_output/992at33958.out --cpu 1 /home/ephraim/busco_downloads/lineages/lactobacillaceae_odb12/hmms/992at33958.hmm /home/ephraim/busco_isolate_may/prodigal_output/predicted_genes/predicted.faa 
# Current dir:     /home/ephraim
# Date:            Sun May  3 19:13:25 2026
# [ok]
